******************************************************************************
             TMS320C2000 Linker PC v22.6.1                     
******************************************************************************
>> Linked Sun Apr 21 10:42:14 2024

OUTPUT FILE NAME:   <CUSTOM_6.out>
ENTRY POINT SYMBOL: "_c_int00"  address: 000095ab


MEMORY CONFIGURATION

         name            origin    length      used     unused   attr    fill
----------------------  --------  ---------  --------  --------  ----  --------
PAGE 0:
  BEGIN                 00000000   00000002  00000002  00000000  RWIX
  RAMM0                 00000123   000002dd  00000234  000000a9  RWIX
  RAMLS0                00008000   00000800  000007fe  00000002  RWIX
  RAMLS1                00008800   00000800  00000800  00000000  RWIX
  RAMLS2                00009000   00000800  00000800  00000000  RWIX
  RAMLS3                00009800   00000800  00000177  00000689  RWIX
  RAMLS4                0000a000   00000800  00000000  00000800  RWIX
  RAMD0                 0000b000   00000800  000007fe  00000002  RWIX
  FLASHA                00080002   00001ffe  00000000  00001ffe  RWIX
  FLASHB                00082000   00002000  00000000  00002000  RWIX
  FLASHC                00084000   00002000  00000000  00002000  RWIX
  FLASHD                00086000   00002000  00000000  00002000  RWIX
  FLASHE                00088000   00008000  00000000  00008000  RWIX
  FLASHF                00090000   00008000  00000000  00008000  RWIX
  FLASHG                00098000   00008000  00000000  00008000  RWIX
  FLASHH                000a0000   00008000  00000000  00008000  RWIX
  FLASHI                000a8000   00008000  00000000  00008000  RWIX
  FLASHJ                000b0000   00008000  00000000  00008000  RWIX
  FLASHK                000b8000   00002000  00000000  00002000  RWIX
  FLASHL                000ba000   00002000  00000000  00002000  RWIX
  FLASHM                000bc000   00002000  00000000  00002000  RWIX
  FLASHN                000be000   00001ff0  00000000  00001ff0  RWIX
  RESET                 003fffc0   00000002  00000000  00000002  RWIX

PAGE 1:
  BOOT_RSVD             00000002   00000121  00000000  00000121  RWIX
  RAMM1                 00000400   000003f8  00000200  000001f8  RWIX
  ADCARESULT            00000b00   00000018  00000018  00000000  RWIX
  ADCBRESULT            00000b20   00000018  00000018  00000000  RWIX
  ADCCRESULT            00000b40   00000018  00000018  00000000  RWIX
  ADCDRESULT            00000b60   00000018  00000018  00000000  RWIX
  CPUTIMER0             00000c00   00000008  00000008  00000000  RWIX
  CPUTIMER1             00000c08   00000008  00000008  00000000  RWIX
  CPUTIMER2             00000c10   00000008  00000008  00000000  RWIX
  PIECTRL               00000ce0   0000001a  0000001a  00000000  RWIX
  PIEVECTTABLE          00000d00   00000200  000001c0  00000040  RWIX
  DMA                   00001000   00000200  000000e0  00000120  RWIX
  CLA1                  00001400   00000080  0000003e  00000042  RWIX
  CLB1LOGICCFG          00003000   00000052  0000003e  00000014  RWIX
  CLB1LOGICCTRL         00003100   00000040  00000040  00000000  RWIX
  CLB1DATAEXCH          00003200   00000200  00000108  000000f8  RWIX
  CLB2LOGICCFG          00003400   00000052  0000003e  00000014  RWIX
  CLB2LOGICCTRL         00003500   00000040  00000040  00000000  RWIX
  CLB2DATAEXCH          00003600   00000200  00000108  000000f8  RWIX
  CLB3LOGICCFG          00003800   00000052  0000003e  00000014  RWIX
  CLB3LOGICCTRL         00003900   00000040  00000040  00000000  RWIX
  CLB3DATAEXCH          00003a00   00000200  00000108  000000f8  RWIX
  CLB4LOGICCFG          00003c00   00000052  0000003e  00000014  RWIX
  CLB4LOGICCTRL         00003d00   00000040  00000040  00000000  RWIX
  CLB4DATAEXCH          00003e00   00000200  00000108  000000f8  RWIX
  EPWM1                 00004000   00000100  00000100  00000000  RWIX
  EPWM2                 00004100   00000100  00000100  00000000  RWIX
  EPWM3                 00004200   00000100  00000100  00000000  RWIX
  EPWM4                 00004300   00000100  00000100  00000000  RWIX
  EPWM5                 00004400   00000100  00000100  00000000  RWIX
  EPWM6                 00004500   00000100  00000100  00000000  RWIX
  EPWM7                 00004600   00000100  00000100  00000000  RWIX
  EPWM8                 00004700   00000100  00000100  00000000  RWIX
  EPWM9                 00004800   00000100  00000100  00000000  RWIX
  EPWM10                00004900   00000100  00000100  00000000  RWIX
  EPWM11                00004a00   00000100  00000100  00000000  RWIX
  EPWM12                00004b00   00000100  00000100  00000000  RWIX
  ECAP1                 00005000   00000020  0000001a  00000006  RWIX
  ECAP2                 00005020   00000020  0000001a  00000006  RWIX
  ECAP3                 00005040   00000020  0000001a  00000006  RWIX
  ECAP4                 00005060   00000020  0000001a  00000006  RWIX
  ECAP5                 00005080   00000020  0000001a  00000006  RWIX
  ECAP6                 000050a0   00000020  0000001a  00000006  RWIX
  EQEP1                 00005100   00000022  00000022  00000000  RWIX
  EQEP2                 00005140   00000022  00000022  00000000  RWIX
  EQEP3                 00005180   00000022  00000022  00000000  RWIX
  DACA                  00005c00   00000008  00000007  00000001  RWIX
  DACB                  00005c10   00000008  00000007  00000001  RWIX
  DACC                  00005c20   00000008  00000007  00000001  RWIX
  CMPSS1                00005c80   00000020  0000001b  00000005  RWIX
  CMPSS2                00005ca0   00000020  0000001b  00000005  RWIX
  CMPSS3                00005cc0   00000020  0000001b  00000005  RWIX
  CMPSS4                00005ce0   00000020  0000001b  00000005  RWIX
  CMPSS5                00005d00   00000020  0000001b  00000005  RWIX
  CMPSS6                00005d20   00000020  0000001b  00000005  RWIX
  CMPSS7                00005d40   00000020  0000001b  00000005  RWIX
  CMPSS8                00005d60   00000020  0000001b  00000005  RWIX
  SDFM1                 00005e00   00000080  00000048  00000038  RWIX
  SDFM2                 00005e80   00000080  00000048  00000038  RWIX
  MCBSPA                00006000   00000024  00000024  00000000  RWIX
  MCBSPB                00006040   00000024  00000024  00000000  RWIX
  SPIA                  00006100   00000010  00000010  00000000  RWIX
  SPIB                  00006110   00000010  00000010  00000000  RWIX
  SPIC                  00006120   00000010  00000010  00000000  RWIX
  UPP                   00006200   00000048  00000048  00000000  RWIX
  WD                    00007000   0000002b  0000002b  00000000  RWIX
  NMIINTRUPT            00007060   00000007  00000007  00000000  RWIX
  XINT                  00007070   0000000b  0000000b  00000000  RWIX
  SCIA                  00007200   00000010  00000010  00000000  RWIX
  SCIB                  00007210   00000010  00000010  00000000  RWIX
  SCIC                  00007220   00000010  00000010  00000000  RWIX
  SCID                  00007230   00000010  00000010  00000000  RWIX
  I2CA                  00007300   00000022  00000022  00000000  RWIX
  I2CB                  00007340   00000022  00000022  00000000  RWIX
  ADCA                  00007400   00000080  0000007c  00000004  RWIX
  ADCB                  00007480   00000080  0000007c  00000004  RWIX
  ADCC                  00007500   00000080  0000007c  00000004  RWIX
  ADCD                  00007580   00000080  0000007c  00000004  RWIX
  INPUTXBAR             00007900   00000020  00000020  00000000  RWIX
  XBAR                  00007920   00000020  0000000e  00000012  RWIX
  SYNCSOC               00007940   00000006  00000006  00000000  RWIX
  DMACLASRCSEL          00007980   0000001a  0000001a  00000000  RWIX
  EPWMXBAR              00007a00   00000040  00000040  00000000  RWIX
  CLBXBAR               00007a40   00000040  00000040  00000000  RWIX
  OUTPUTXBAR            00007a80   00000040  00000040  00000000  RWIX
  GPIOCTRL              00007c00   00000180  00000180  00000000  RWIX
  GPIODATA              00007f00   00000030  00000030  00000000  RWIX
  RAMLS5                0000a800   00000800  000004f0  00000310  RWIX
  RAMD1                 0000b800   00000800  00000000  00000800  RWIX
  RAMGS0                0000c000   00001000  00000000  00001000  RWIX
  RAMGS1                0000d000   00001000  00000000  00001000  RWIX
  RAMGS2                0000e000   00001000  00000000  00001000  RWIX
  RAMGS3                0000f000   00001000  00000000  00001000  RWIX
  RAMGS4                00010000   00001000  00000000  00001000  RWIX
  RAMGS5                00011000   00001000  00000000  00001000  RWIX
  RAMGS6                00012000   00001000  00000000  00001000  RWIX
  RAMGS7                00013000   00001000  00000000  00001000  RWIX
  RAMGS8                00014000   00001000  00000000  00001000  RWIX
  RAMGS9                00015000   00001000  00000000  00001000  RWIX
  RAMGS10               00016000   00001000  00000000  00001000  RWIX
  RAMGS11               00017000   00001000  00000000  00001000  RWIX
  RAMGS12               00018000   00001000  00000000  00001000  RWIX
  RAMGS13               00019000   00001000  00000000  00001000  RWIX
  RAMGS14               0001a000   00001000  00000000  00001000  RWIX
  RAMGS15               0001b000   00000ff8  00000000  00000ff8  RWIX
  CPU2TOCPU1RAM         0003f800   00000400  00000000  00000400  RWIX
  CPU1TOCPU2RAM         0003fc00   00000400  00000000  00000400  RWIX
  EMIF1                 00047000   00000070  00000028  00000048  RWIX
  EMIF2                 00047800   00000070  00000028  00000048  RWIX
  CANA                  00048000   00000200  00000164  0000009c  RWIX
  CANA_MSG_RAM          00049000   00000800  00000000  00000800  RWIX
  CANB                  0004a000   00000200  00000164  0000009c  RWIX
  CANB_MSG_RAM          0004b000   00000800  00000000  00000800  RWIX
  IPC                   00050000   00000024  00000024  00000000  RWIX
  FLASHPUMPSEMAPHORE    00050024   00000002  00000002  00000000  RWIX
  DEVCFG                0005d000   0000012e  0000012e  00000000  RWIX
  ANALOGSUBSYS          0005d180   00000048  0000003e  0000000a  RWIX
  CLKCFG                0005d200   00000032  00000032  00000000  RWIX
  CPUSYS                0005d300   00000082  00000082  00000000  RWIX
  ROMPREFETCH           0005e608   00000002  00000002  00000000  RWIX
  DCSMZ1                0005f000   00000024  00000022  00000002  RWIX
  DCSMZ2                0005f040   00000024  00000022  00000002  RWIX
  DCSMCOMMON            0005f070   00000008  00000006  00000002  RWIX
  MEMCFG                0005f400   00000080  00000076  0000000a  RWIX
  EMIF1CONFIG           0005f480   00000020  0000000a  00000016  RWIX
  EMIF2CONFIG           0005f4a0   00000020  0000000a  00000016  RWIX
  ACCESSPROTECTION      0005f4c0   00000040  0000002e  00000012  RWIX
  MEMORYERROR           0005f500   00000040  0000003a  00000006  RWIX
  ROMWAITSTATE          0005f540   00000002  00000002  00000000  RWIX
  FLASH0CTRL            0005f800   00000182  00000182  00000000  RWIX
  FLASH0ECC             0005fb00   00000028  00000028  00000000  RWIX


SECTION ALLOCATION MAP

 output                                  attributes/
section   page    origin      length       input sections
--------  ----  ----------  ----------   ----------------
codestart 
*          0    00000000    00000002     
                  00000000    00000002     F2837xD_CodeStartBranch.obj (codestart)

.cinit     0    00000123    0000022c     
                  00000123    000001ce     main.obj (.cinit)
                  000002f1    0000001b     main.obj (.cinit:_avg)
                  0000030c    0000000f     main.obj (.cinit:_off)
                  0000031b    0000000f     device.obj (.cinit)
                  0000032a    0000000e     rts2800_fpu32.lib : exit.c.obj (.cinit)
                  00000338    0000000b     main.obj (.cinit:_EPWM_PTR)
                  00000343    00000005     <whole-program> (.cinit:__lock)
                  00000348    00000005     <whole-program> (.cinit:__unlock)
                  0000034d    00000002     --HOLE-- [fill = 0]

.reset     0    003fffc0    00000002     DSECT
                  003fffc0    00000002     rts2800_fpu32.lib : boot28.asm.obj (.reset)

.stack     1    00000400    00000200     UNINITIALIZED
                  00000400    00000200     --HOLE--

.pinit     0    00000123    00000000     UNINITIALIZED

AdcaResultRegsFile 
*          1    00000b00    00000018     UNINITIALIZED
                  00000b00    00000018     F2837xD_GlobalVariableDefs.obj (AdcaResultRegsFile)

AdcbResultRegsFile 
*          1    00000b20    00000018     UNINITIALIZED
                  00000b20    00000018     F2837xD_GlobalVariableDefs.obj (AdcbResultRegsFile)

AdccResultRegsFile 
*          1    00000b40    00000018     UNINITIALIZED
                  00000b40    00000018     F2837xD_GlobalVariableDefs.obj (AdccResultRegsFile)

AdcdResultRegsFile 
*          1    00000b60    00000018     UNINITIALIZED
                  00000b60    00000018     F2837xD_GlobalVariableDefs.obj (AdcdResultRegsFile)

CpuTimer0RegsFile 
*          1    00000c00    00000008     UNINITIALIZED
                  00000c00    00000008     F2837xD_GlobalVariableDefs.obj (CpuTimer0RegsFile)

CpuTimer1RegsFile 
*          1    00000c08    00000008     UNINITIALIZED
                  00000c08    00000008     F2837xD_GlobalVariableDefs.obj (CpuTimer1RegsFile)

CpuTimer2RegsFile 
*          1    00000c10    00000008     UNINITIALIZED
                  00000c10    00000008     F2837xD_GlobalVariableDefs.obj (CpuTimer2RegsFile)

PieCtrlRegsFile 
*          1    00000ce0    0000001a     UNINITIALIZED
                  00000ce0    0000001a     F2837xD_GlobalVariableDefs.obj (PieCtrlRegsFile)

DmaRegsFile 
*          1    00001000    000000e0     UNINITIALIZED
                  00001000    000000e0     F2837xD_GlobalVariableDefs.obj (DmaRegsFile)

Cla1RegsFile 
*          1    00001400    0000003e     UNINITIALIZED
                  00001400    0000003e     F2837xD_GlobalVariableDefs.obj (Cla1RegsFile)

Clb1LogicCfgRegsFile 
*          1    00003000    0000003e     UNINITIALIZED
                  00003000    0000003e     F2837xD_GlobalVariableDefs.obj (Clb1LogicCfgRegsFile)

Clb1LogicCtrlRegsFile 
*          1    00003100    00000040     UNINITIALIZED
                  00003100    00000040     F2837xD_GlobalVariableDefs.obj (Clb1LogicCtrlRegsFile)

Clb1DataExchRegsFile 
*          1    00003200    00000108     UNINITIALIZED
                  00003200    00000108     F2837xD_GlobalVariableDefs.obj (Clb1DataExchRegsFile)

Clb2LogicCfgRegsFile 
*          1    00003400    0000003e     UNINITIALIZED
                  00003400    0000003e     F2837xD_GlobalVariableDefs.obj (Clb2LogicCfgRegsFile)

Clb2LogicCtrlRegsFile 
*          1    00003500    00000040     UNINITIALIZED
                  00003500    00000040     F2837xD_GlobalVariableDefs.obj (Clb2LogicCtrlRegsFile)

Clb2DataExchRegsFile 
*          1    00003600    00000108     UNINITIALIZED
                  00003600    00000108     F2837xD_GlobalVariableDefs.obj (Clb2DataExchRegsFile)

Clb3LogicCfgRegsFile 
*          1    00003800    0000003e     UNINITIALIZED
                  00003800    0000003e     F2837xD_GlobalVariableDefs.obj (Clb3LogicCfgRegsFile)

Clb3LogicCtrlRegsFile 
*          1    00003900    00000040     UNINITIALIZED
                  00003900    00000040     F2837xD_GlobalVariableDefs.obj (Clb3LogicCtrlRegsFile)

Clb3DataExchRegsFile 
*          1    00003a00    00000108     UNINITIALIZED
                  00003a00    00000108     F2837xD_GlobalVariableDefs.obj (Clb3DataExchRegsFile)

Clb4LogicCfgRegsFile 
*          1    00003c00    0000003e     UNINITIALIZED
                  00003c00    0000003e     F2837xD_GlobalVariableDefs.obj (Clb4LogicCfgRegsFile)

Clb4LogicCtrlRegsFile 
*          1    00003d00    00000040     UNINITIALIZED
                  00003d00    00000040     F2837xD_GlobalVariableDefs.obj (Clb4LogicCtrlRegsFile)

Clb4DataExchRegsFile 
*          1    00003e00    00000108     UNINITIALIZED
                  00003e00    00000108     F2837xD_GlobalVariableDefs.obj (Clb4DataExchRegsFile)

EPwm1RegsFile 
*          1    00004000    00000100     UNINITIALIZED
                  00004000    00000100     F2837xD_GlobalVariableDefs.obj (EPwm1RegsFile)

EPwm2RegsFile 
*          1    00004100    00000100     UNINITIALIZED
                  00004100    00000100     F2837xD_GlobalVariableDefs.obj (EPwm2RegsFile)

EPwm3RegsFile 
*          1    00004200    00000100     UNINITIALIZED
                  00004200    00000100     F2837xD_GlobalVariableDefs.obj (EPwm3RegsFile)

EPwm4RegsFile 
*          1    00004300    00000100     UNINITIALIZED
                  00004300    00000100     F2837xD_GlobalVariableDefs.obj (EPwm4RegsFile)

EPwm5RegsFile 
*          1    00004400    00000100     UNINITIALIZED
                  00004400    00000100     F2837xD_GlobalVariableDefs.obj (EPwm5RegsFile)

EPwm6RegsFile 
*          1    00004500    00000100     UNINITIALIZED
                  00004500    00000100     F2837xD_GlobalVariableDefs.obj (EPwm6RegsFile)

EPwm7RegsFile 
*          1    00004600    00000100     UNINITIALIZED
                  00004600    00000100     F2837xD_GlobalVariableDefs.obj (EPwm7RegsFile)

EPwm8RegsFile 
*          1    00004700    00000100     UNINITIALIZED
                  00004700    00000100     F2837xD_GlobalVariableDefs.obj (EPwm8RegsFile)

EPwm9RegsFile 
*          1    00004800    00000100     UNINITIALIZED
                  00004800    00000100     F2837xD_GlobalVariableDefs.obj (EPwm9RegsFile)

EPwm10RegsFile 
*          1    00004900    00000100     UNINITIALIZED
                  00004900    00000100     F2837xD_GlobalVariableDefs.obj (EPwm10RegsFile)

EPwm11RegsFile 
*          1    00004a00    00000100     UNINITIALIZED
                  00004a00    00000100     F2837xD_GlobalVariableDefs.obj (EPwm11RegsFile)

EPwm12RegsFile 
*          1    00004b00    00000100     UNINITIALIZED
                  00004b00    00000100     F2837xD_GlobalVariableDefs.obj (EPwm12RegsFile)

ECap1RegsFile 
*          1    00005000    0000001a     UNINITIALIZED
                  00005000    0000001a     F2837xD_GlobalVariableDefs.obj (ECap1RegsFile)

ECap2RegsFile 
*          1    00005020    0000001a     UNINITIALIZED
                  00005020    0000001a     F2837xD_GlobalVariableDefs.obj (ECap2RegsFile)

ECap3RegsFile 
*          1    00005040    0000001a     UNINITIALIZED
                  00005040    0000001a     F2837xD_GlobalVariableDefs.obj (ECap3RegsFile)

ECap4RegsFile 
*          1    00005060    0000001a     UNINITIALIZED
                  00005060    0000001a     F2837xD_GlobalVariableDefs.obj (ECap4RegsFile)

ECap5RegsFile 
*          1    00005080    0000001a     UNINITIALIZED
                  00005080    0000001a     F2837xD_GlobalVariableDefs.obj (ECap5RegsFile)

ECap6RegsFile 
*          1    000050a0    0000001a     UNINITIALIZED
                  000050a0    0000001a     F2837xD_GlobalVariableDefs.obj (ECap6RegsFile)

EQep1RegsFile 
*          1    00005100    00000022     UNINITIALIZED
                  00005100    00000022     F2837xD_GlobalVariableDefs.obj (EQep1RegsFile)

EQep2RegsFile 
*          1    00005140    00000022     UNINITIALIZED
                  00005140    00000022     F2837xD_GlobalVariableDefs.obj (EQep2RegsFile)

EQep3RegsFile 
*          1    00005180    00000022     UNINITIALIZED
                  00005180    00000022     F2837xD_GlobalVariableDefs.obj (EQep3RegsFile)

DacaRegsFile 
*          1    00005c00    00000007     UNINITIALIZED
                  00005c00    00000007     F2837xD_GlobalVariableDefs.obj (DacaRegsFile)

DacbRegsFile 
*          1    00005c10    00000007     UNINITIALIZED
                  00005c10    00000007     F2837xD_GlobalVariableDefs.obj (DacbRegsFile)

DaccRegsFile 
*          1    00005c20    00000007     UNINITIALIZED
                  00005c20    00000007     F2837xD_GlobalVariableDefs.obj (DaccRegsFile)

Cmpss1RegsFile 
*          1    00005c80    0000001b     UNINITIALIZED
                  00005c80    0000001b     F2837xD_GlobalVariableDefs.obj (Cmpss1RegsFile)

Cmpss2RegsFile 
*          1    00005ca0    0000001b     UNINITIALIZED
                  00005ca0    0000001b     F2837xD_GlobalVariableDefs.obj (Cmpss2RegsFile)

Cmpss3RegsFile 
*          1    00005cc0    0000001b     UNINITIALIZED
                  00005cc0    0000001b     F2837xD_GlobalVariableDefs.obj (Cmpss3RegsFile)

Cmpss4RegsFile 
*          1    00005ce0    0000001b     UNINITIALIZED
                  00005ce0    0000001b     F2837xD_GlobalVariableDefs.obj (Cmpss4RegsFile)

Cmpss5RegsFile 
*          1    00005d00    0000001b     UNINITIALIZED
                  00005d00    0000001b     F2837xD_GlobalVariableDefs.obj (Cmpss5RegsFile)

Cmpss6RegsFile 
*          1    00005d20    0000001b     UNINITIALIZED
                  00005d20    0000001b     F2837xD_GlobalVariableDefs.obj (Cmpss6RegsFile)

Cmpss7RegsFile 
*          1    00005d40    0000001b     UNINITIALIZED
                  00005d40    0000001b     F2837xD_GlobalVariableDefs.obj (Cmpss7RegsFile)

Cmpss8RegsFile 
*          1    00005d60    0000001b     UNINITIALIZED
                  00005d60    0000001b     F2837xD_GlobalVariableDefs.obj (Cmpss8RegsFile)

Sdfm1RegsFile 
*          1    00005e00    00000048     UNINITIALIZED
                  00005e00    00000048     F2837xD_GlobalVariableDefs.obj (Sdfm1RegsFile)

Sdfm2RegsFile 
*          1    00005e80    00000048     UNINITIALIZED
                  00005e80    00000048     F2837xD_GlobalVariableDefs.obj (Sdfm2RegsFile)

McbspaRegsFile 
*          1    00006000    00000024     UNINITIALIZED
                  00006000    00000024     F2837xD_GlobalVariableDefs.obj (McbspaRegsFile)

McbspbRegsFile 
*          1    00006040    00000024     UNINITIALIZED
                  00006040    00000024     F2837xD_GlobalVariableDefs.obj (McbspbRegsFile)

SpiaRegsFile 
*          1    00006100    00000010     UNINITIALIZED
                  00006100    00000010     F2837xD_GlobalVariableDefs.obj (SpiaRegsFile)

SpibRegsFile 
*          1    00006110    00000010     UNINITIALIZED
                  00006110    00000010     F2837xD_GlobalVariableDefs.obj (SpibRegsFile)

SpicRegsFile 
*          1    00006120    00000010     UNINITIALIZED
                  00006120    00000010     F2837xD_GlobalVariableDefs.obj (SpicRegsFile)

UppRegsFile 
*          1    00006200    00000048     UNINITIALIZED
                  00006200    00000048     F2837xD_GlobalVariableDefs.obj (UppRegsFile)

WdRegsFile 
*          1    00007000    0000002b     UNINITIALIZED
                  00007000    0000002b     F2837xD_GlobalVariableDefs.obj (WdRegsFile)

NmiIntruptRegsFile 
*          1    00007060    00000007     UNINITIALIZED
                  00007060    00000007     F2837xD_GlobalVariableDefs.obj (NmiIntruptRegsFile)

XintRegsFile 
*          1    00007070    0000000b     UNINITIALIZED
                  00007070    0000000b     F2837xD_GlobalVariableDefs.obj (XintRegsFile)

SciaRegsFile 
*          1    00007200    00000010     UNINITIALIZED
                  00007200    00000010     F2837xD_GlobalVariableDefs.obj (SciaRegsFile)

ScibRegsFile 
*          1    00007210    00000010     UNINITIALIZED
                  00007210    00000010     F2837xD_GlobalVariableDefs.obj (ScibRegsFile)

ScicRegsFile 
*          1    00007220    00000010     UNINITIALIZED
                  00007220    00000010     F2837xD_GlobalVariableDefs.obj (ScicRegsFile)

ScidRegsFile 
*          1    00007230    00000010     UNINITIALIZED
                  00007230    00000010     F2837xD_GlobalVariableDefs.obj (ScidRegsFile)

I2caRegsFile 
*          1    00007300    00000022     UNINITIALIZED
                  00007300    00000022     F2837xD_GlobalVariableDefs.obj (I2caRegsFile)

I2cbRegsFile 
*          1    00007340    00000022     UNINITIALIZED
                  00007340    00000022     F2837xD_GlobalVariableDefs.obj (I2cbRegsFile)

AdcaRegsFile 
*          1    00007400    0000007c     UNINITIALIZED
                  00007400    0000007c     F2837xD_GlobalVariableDefs.obj (AdcaRegsFile)

AdcbRegsFile 
*          1    00007480    0000007c     UNINITIALIZED
                  00007480    0000007c     F2837xD_GlobalVariableDefs.obj (AdcbRegsFile)

AdccRegsFile 
*          1    00007500    0000007c     UNINITIALIZED
                  00007500    0000007c     F2837xD_GlobalVariableDefs.obj (AdccRegsFile)

AdcdRegsFile 
*          1    00007580    0000007c     UNINITIALIZED
                  00007580    0000007c     F2837xD_GlobalVariableDefs.obj (AdcdRegsFile)

InputXbarRegsFile 
*          1    00007900    00000020     UNINITIALIZED
                  00007900    00000020     F2837xD_GlobalVariableDefs.obj (InputXbarRegsFile)

XbarRegsFile 
*          1    00007920    0000000e     UNINITIALIZED
                  00007920    0000000e     F2837xD_GlobalVariableDefs.obj (XbarRegsFile)

SyncSocRegsFile 
*          1    00007940    00000006     UNINITIALIZED
                  00007940    00000006     F2837xD_GlobalVariableDefs.obj (SyncSocRegsFile)

DmaClaSrcSelRegsFile 
*          1    00007980    0000001a     UNINITIALIZED
                  00007980    0000001a     F2837xD_GlobalVariableDefs.obj (DmaClaSrcSelRegsFile)

EPwmXbarRegsFile 
*          1    00007a00    00000040     UNINITIALIZED
                  00007a00    00000040     F2837xD_GlobalVariableDefs.obj (EPwmXbarRegsFile)

ClbXbarRegsFile 
*          1    00007a40    00000040     UNINITIALIZED
                  00007a40    00000040     F2837xD_GlobalVariableDefs.obj (ClbXbarRegsFile)

OutputXbarRegsFile 
*          1    00007a80    00000040     UNINITIALIZED
                  00007a80    00000040     F2837xD_GlobalVariableDefs.obj (OutputXbarRegsFile)

GpioCtrlRegsFile 
*          1    00007c00    00000180     UNINITIALIZED
                  00007c00    00000180     F2837xD_GlobalVariableDefs.obj (GpioCtrlRegsFile)

GpioDataRegsFile 
*          1    00007f00    00000030     UNINITIALIZED
                  00007f00    00000030     F2837xD_GlobalVariableDefs.obj (GpioDataRegsFile)

.econst    1    0000a800    000003c2     
                  0000a800    000001c0     F2837xD_PieVect.obj (.econst:_PieVectTableInit)
                  0000a9c0    000000c2     driverlib_coff.lib : sysctl.obj (.econst:.string)
                  0000aa82    000000bc                        : gpio.obj (.econst:.string)
                  0000ab3e    0000005d                        : adc.obj (.econst:.string)
                  0000ab9b    00000001     --HOLE-- [fill = 0]
                  0000ab9c    0000000a     main.obj (.econst:_PR_COEFF)
                  0000aba6    0000000a     main.obj (.econst:_W0_2LP_COEFFICIENT)
                  0000abb0    00000006     main.obj (.econst:_DQ_LP_COEFFICIENT)
                  0000abb6    00000006     main.obj (.econst:_IN_MOD_2PI_COEFFICIENT)
                  0000abbc    00000006     main.obj (.econst:_PI_COEFFICENT)

.ebss      1    0000abc2    0000012e     UNINITIALIZED
                  0000abc2    00000018     main.obj (.ebss:_avg)
                  0000abda    0000000c     main.obj (.ebss:_off)
                  0000abe6    00000008     main.obj (.ebss:_EPWM_PTR)
                  0000abee    00000006     device.obj (.ebss)
                  0000abf4    00000006     rts2800_fpu32.lib : exit.c.obj (.ebss)
                  0000abfa    00000002                       : _lock.c.obj (.ebss:__lock)
                  0000abfc    00000002                       : _lock.c.obj (.ebss:__unlock)
                  0000abfe    00000002     --HOLE--
                  0000ac00    000000f0     main.obj (.ebss)

.TI.ramfunc 
*          0    0000034f    00000008     
                  0000034f    00000004     F2837xD_usDelay.obj (.TI.ramfunc)
                  00000353    00000004     driverlib_coff.lib : sysctl.obj (.TI.ramfunc)

GETBUFFER 
*          0    0003f800    00000000     DSECT

GETWRITEIDX 
*          0    0003f800    00000000     DSECT

PUTREADIDX 
*          0    0003f800    00000000     DSECT

PieVectTableFile 
*          1    00000d00    000001c0     UNINITIALIZED
                  00000d00    000001c0     F2837xD_GlobalVariableDefs.obj (PieVectTableFile)

EmuKeyVar 
*          1    00000d00    00000000     UNINITIALIZED

EmuBModeVar 
*          1    00000d00    00000000     UNINITIALIZED

EmuBootPinsVar 
*          1    00000d00    00000000     UNINITIALIZED

FlashCallbackVar 
*          1    00000d00    00000000     UNINITIALIZED

FlashScalingVar 
*          1    00000d00    00000000     UNINITIALIZED

Emif1RegsFile 
*          1    00047000    00000028     UNINITIALIZED
                  00047000    00000028     F2837xD_GlobalVariableDefs.obj (Emif1RegsFile)

Emif2RegsFile 
*          1    00047800    00000028     UNINITIALIZED
                  00047800    00000028     F2837xD_GlobalVariableDefs.obj (Emif2RegsFile)

CanaRegsFile 
*          1    00048000    00000164     UNINITIALIZED
                  00048000    00000164     F2837xD_GlobalVariableDefs.obj (CanaRegsFile)

CanbRegsFile 
*          1    0004a000    00000164     UNINITIALIZED
                  0004a000    00000164     F2837xD_GlobalVariableDefs.obj (CanbRegsFile)

IpcRegsFile 
*          1    00050000    00000024     UNINITIALIZED
                  00050000    00000024     F2837xD_GlobalVariableDefs.obj (IpcRegsFile)

FlashPumpSemaphoreRegsFile 
*          1    00050024    00000002     UNINITIALIZED
                  00050024    00000002     F2837xD_GlobalVariableDefs.obj (FlashPumpSemaphoreRegsFile)

DevCfgRegsFile 
*          1    0005d000    0000012e     UNINITIALIZED
                  0005d000    0000012e     F2837xD_GlobalVariableDefs.obj (DevCfgRegsFile)

AnalogSubsysRegsFile 
*          1    0005d180    0000003e     UNINITIALIZED
                  0005d180    0000003e     F2837xD_GlobalVariableDefs.obj (AnalogSubsysRegsFile)

ClkCfgRegsFile 
*          1    0005d200    00000032     UNINITIALIZED
                  0005d200    00000032     F2837xD_GlobalVariableDefs.obj (ClkCfgRegsFile)

CpuSysRegsFile 
*          1    0005d300    00000082     UNINITIALIZED
                  0005d300    00000082     F2837xD_GlobalVariableDefs.obj (CpuSysRegsFile)

DcsmZ1RegsFile 
*          1    0005f000    00000022     UNINITIALIZED
                  0005f000    00000022     F2837xD_GlobalVariableDefs.obj (DcsmZ1RegsFile)

DcsmZ2RegsFile 
*          1    0005f040    00000022     UNINITIALIZED
                  0005f040    00000022     F2837xD_GlobalVariableDefs.obj (DcsmZ2RegsFile)

DcsmCommonRegsFile 
*          1    0005f070    00000006     UNINITIALIZED
                  0005f070    00000006     F2837xD_GlobalVariableDefs.obj (DcsmCommonRegsFile)

MemCfgRegsFile 
*          1    0005f400    00000076     UNINITIALIZED
                  0005f400    00000076     F2837xD_GlobalVariableDefs.obj (MemCfgRegsFile)

Emif1ConfigRegsFile 
*          1    0005f480    0000000a     UNINITIALIZED
                  0005f480    0000000a     F2837xD_GlobalVariableDefs.obj (Emif1ConfigRegsFile)

Emif2ConfigRegsFile 
*          1    0005f4a0    0000000a     UNINITIALIZED
                  0005f4a0    0000000a     F2837xD_GlobalVariableDefs.obj (Emif2ConfigRegsFile)

AccessProtectionRegsFile 
*          1    0005f4c0    0000002e     UNINITIALIZED
                  0005f4c0    0000002e     F2837xD_GlobalVariableDefs.obj (AccessProtectionRegsFile)

MemoryErrorRegsFile 
*          1    0005f500    0000003a     UNINITIALIZED
                  0005f500    0000003a     F2837xD_GlobalVariableDefs.obj (MemoryErrorRegsFile)

Flash0CtrlRegsFile 
*          1    0005f800    00000182     UNINITIALIZED
                  0005f800    00000182     F2837xD_GlobalVariableDefs.obj (Flash0CtrlRegsFile)

Flash0EccRegsFile 
*          1    0005fb00    00000028     UNINITIALIZED
                  0005fb00    00000028     F2837xD_GlobalVariableDefs.obj (Flash0EccRegsFile)

RomPrefetchRegsFile 
*          1    0005e608    00000002     UNINITIALIZED
                  0005e608    00000002     F2837xD_GlobalVariableDefs.obj (RomPrefetchRegsFile)

RomWaitStateRegsFile 
*          1    0005f540    00000002     UNINITIALIZED
                  0005f540    00000002     F2837xD_GlobalVariableDefs.obj (RomWaitStateRegsFile)

.text.1    0    00008000    000007fe     
                  00008000    00000568     main.obj (.text:retain)
                  00008568    000001ca     F2837xD_Gpio.obj (.text)
                  00008732    0000008a     driverlib_coff.lib : sysctl.obj (.text:_SysCtl_selectXTAL)
                  000087bc    00000037                        : gpio.obj (.text:_GPIO_setControllerCore)
                  000087f3    0000000b                        : sysctl.obj (.text:_SysCtl_isMCDClockFailureDetected)

.text.2    0    00008800    00000800     
                  00008800    000004fb     F2837xD_SysCtrl.obj (.text)
                  00008cfb    00000001     --HOLE-- [fill = 0]
                  00008cfc    000002f5     main.obj (.text)
                  00008ff1    0000000f     driverlib_coff.lib : sysctl.obj (.text:_SysCtl_pollCpuTimer)

.text.3    0    00009000    00000800     
                  00009000    00000354     device.obj (.text)
                  00009354    00000107     rts2800_fpu32.lib : ll_div28.asm.obj (.text)
                  0000945b    00000088                       : fs_div28.asm.obj (.text)
                  000094e3    00000068     driverlib_coff.lib : sysctl.obj (.text:_SysCtl_getDeviceParametric)
                  0000954b    00000060                        : adc.obj (.text:_ADC_setOffsetTrim)
                  000095ab    00000056     rts2800_fpu32.lib : boot28.asm.obj (.text)
                  00009601    00000051     driverlib_coff.lib : sysctl.obj (.text:_SysCtl_getClock)
                  00009652    00000048                        : sysctl.obj (.text:_SysCtl_selectOscSource)
                  0000969a    00000037                        : gpio.obj (.text:_GPIO_setPinConfig)
                  000096d1    00000037                        : gpio.obj (.text:_GPIO_setQualificationMode)
                  00009708    00000031                        : gpio.obj (.text:_GPIO_setDirectionMode)
                  00009739    0000002f                        : adc.obj (.text:_ADC_setMode)
                  00009768    00000029     rts2800_fpu32.lib : exit.c.obj (.text)
                  00009791    00000028     F2837xD_PieCtrl.obj (.text)
                  000097b9    00000026     rts2800_fpu32.lib : fs_tollfpu32.asm.obj (.text)
                  000097df    00000021     driverlib_coff.lib : sysctl.obj (.text:_CPUTimer_selectClockSource)

.text.4    0    00009800    00000177     
                  00009800    00000024     rts2800_fpu32.lib : cpy_tbl.c.obj (.text)
                  00009824    00000020                       : ll_tofsfpu32.asm.obj (.text)
                  00009844    0000001f     driverlib_coff.lib : sysctl.obj (.text:_CPUTimer_getTimerOverflowStatus)
                  00009863    0000001c     rts2800_fpu32.lib : memcpy.c.obj (.text)
                  0000987f    0000001b     driverlib_coff.lib : adc.obj (.text:_ADC_isBaseValid)
                  0000989a    0000001a                        : sysctl.obj (.text:_CPUTimer_startTimer)
                  000098b4    0000001a                        : sysctl.obj (.text:_SysCtl_getLowSpeedClock)
                  000098ce    00000017                        : sysctl.obj (.text:_CPUTimer_isBaseValid)
                  000098e5    00000014                        : sysctl.obj (.text:_CPUTimer_stopTimer)
                  000098f9    00000012                        : sysctl.obj (.text:_CPUTimer_clearOverflowFlag)
                  0000990b    00000012                        : sysctl.obj (.text:_CPUTimer_disableInterrupt)
                  0000991d    00000012     rts2800_fpu32.lib : args_main.c.obj (.text)
                  0000992f    00000011     F2837xD_PieVect.obj (.text)
                  00009940    00000011     driverlib_coff.lib : sysctl.obj (.text:_CPUTimer_setPeriod)
                  00009951    0000000e                        : gpio.obj (.text:_GPIO_isPinValid)
                  0000995f    00000009                        : sysctl.obj (.text:_SysCtl_serviceWatchdog)
                  00009968    00000008     F2837xD_CodeStartBranch.obj (.text)
                  00009970    00000007     driverlib_coff.lib : sysctl.obj (.text:_SysCtl_resetMCD)

.text.5    0    0000b000    000007fe     
                  0000b000    00000585     F2837xD_DefaultISR.obj (.text:retain)
                  0000b585    00000206     driverlib_coff.lib : sysctl.obj (.text:_SysCtl_setClock)
                  0000b78b    0000006f                        : adc.obj (.text:_ADC_setINLTrim)
                  0000b7fa    00000002     rts2800_fpu32.lib : pre_init.c.obj (.text)
                  0000b7fc    00000001                       : _lock.c.obj (.text)
                  0000b7fd    00000001                       : startup.c.obj (.text)

MODULE SUMMARY

       Module                                   code   initialized data   uninitialized data
       ------                                   ----   ----------------   ------------------
    .\
       F2837xD_GlobalVariableDefs.obj           0      0                  9854              
       main.obj                                 2141   553                284               
       F2837xD_DefaultISR.obj                   1413   0                  0                 
       F2837xD_SysCtrl.obj                      1275   0                  0                 
       F2837xD_PieVect.obj                      17     448                0                 
       F2837xD_Gpio.obj                         458    0                  0                 
       F2837xD_PieCtrl.obj                      40     0                  0                 
       F2837xD_CodeStartBranch.obj              10     0                  0                 
       F2837xD_usDelay.obj                      4      0                  0                 
    +--+----------------------------------------+------+------------------+--------------------+
       Total:                                   5358   1001               10138             
                                                                                            
    .\device\
       device.obj                               852    15                 6                 
    +--+----------------------------------------+------+------------------+--------------------+
       Total:                                   852    15                 6                 
                                                                                            
    C:\Users\ADMIN\AppData\Local\Temp\
       {CD3808B9-29C4-4145-8D99-E44343203756}   0      10                 0                 
    +--+----------------------------------------+------+------------------+--------------------+
       Total:                                   0      10                 0                 
                                                                                            
    C:\ti\c2000\C2000Ware_5_01_00_00\driverlib\f2837xd\driverlib\ccs\Debug\driverlib_coff.lib
       sysctl.obj                               1171   194                0                 
       gpio.obj                                 228    188                0                 
       adc.obj                                  281    93                 0                 
    +--+----------------------------------------+------+------------------+--------------------+
       Total:                                   1680   475                0                 
                                                                                            
    C:\ti\ccs1250\ccs\tools\compiler\ti-cgt-c2000_22.6.1.LTS\lib\rts2800_fpu32.lib
       ll_div28.asm.obj                         263    0                  0                 
       fs_div28.asm.obj                         136    0                  0                 
       boot28.asm.obj                           86     0                  0                 
       exit.c.obj                               41     14                 6                 
       fs_tollfpu32.asm.obj                     38     0                  0                 
       cpy_tbl.c.obj                            36     0                  0                 
       ll_tofsfpu32.asm.obj                     32     0                  0                 
       memcpy.c.obj                             28     0                  0                 
       args_main.c.obj                          18     0                  0                 
       _lock.c.obj                              1      0                  4                 
       pre_init.c.obj                           2      0                  0                 
       startup.c.obj                            1      0                  0                 
    +--+----------------------------------------+------+------------------+--------------------+
       Total:                                   682    14                 10                
                                                                                            
       Stack:                                   0      0                  512               
    +--+----------------------------------------+------+------------------+--------------------+
       Grand Total:                             8572   1515               10666             


GLOBAL DATA SYMBOLS: SORTED BY DATA PAGE

address     data page           name
--------    ----------------    ----
00000400      10 (00000400)     __stack

00000b00      2c (00000b00)     _AdcaResultRegs
00000b20      2c (00000b00)     _AdcbResultRegs

00000b40      2d (00000b40)     _AdccResultRegs
00000b60      2d (00000b40)     _AdcdResultRegs

00000c00      30 (00000c00)     _CpuTimer0Regs
00000c08      30 (00000c00)     _CpuTimer1Regs
00000c10      30 (00000c00)     _CpuTimer2Regs

00000ce0      33 (00000cc0)     _PieCtrlRegs

00000d00      34 (00000d00)     _PieVectTable

00001000      40 (00001000)     _DmaRegs

00001400      50 (00001400)     _Cla1Regs

00003000      c0 (00003000)     _Clb1LogicCfgRegs

00003100      c4 (00003100)     _Clb1LogicCtrlRegs

00003200      c8 (00003200)     _Clb1DataExchRegs

00003400      d0 (00003400)     _Clb2LogicCfgRegs

00003500      d4 (00003500)     _Clb2LogicCtrlRegs

00003600      d8 (00003600)     _Clb2DataExchRegs

00003800      e0 (00003800)     _Clb3LogicCfgRegs

00003900      e4 (00003900)     _Clb3LogicCtrlRegs

00003a00      e8 (00003a00)     _Clb3DataExchRegs

00003c00      f0 (00003c00)     _Clb4LogicCfgRegs

00003d00      f4 (00003d00)     _Clb4LogicCtrlRegs

00003e00      f8 (00003e00)     _Clb4DataExchRegs

00004000     100 (00004000)     _EPwm1Regs

00004100     104 (00004100)     _EPwm2Regs

00004200     108 (00004200)     _EPwm3Regs

00004300     10c (00004300)     _EPwm4Regs

00004400     110 (00004400)     _EPwm5Regs

00004500     114 (00004500)     _EPwm6Regs

00004600     118 (00004600)     _EPwm7Regs

00004700     11c (00004700)     _EPwm8Regs

00004800     120 (00004800)     _EPwm9Regs

00004900     124 (00004900)     _EPwm10Regs

00004a00     128 (00004a00)     _EPwm11Regs

00004b00     12c (00004b00)     _EPwm12Regs

00005000     140 (00005000)     _ECap1Regs
00005020     140 (00005000)     _ECap2Regs

00005040     141 (00005040)     _ECap3Regs
00005060     141 (00005040)     _ECap4Regs

00005080     142 (00005080)     _ECap5Regs
000050a0     142 (00005080)     _ECap6Regs

00005100     144 (00005100)     _EQep1Regs

00005140     145 (00005140)     _EQep2Regs

00005180     146 (00005180)     _EQep3Regs

00005c00     170 (00005c00)     _DacaRegs
00005c10     170 (00005c00)     _DacbRegs
00005c20     170 (00005c00)     _DaccRegs

00005c80     172 (00005c80)     _Cmpss1Regs
00005ca0     172 (00005c80)     _Cmpss2Regs

00005cc0     173 (00005cc0)     _Cmpss3Regs
00005ce0     173 (00005cc0)     _Cmpss4Regs

00005d00     174 (00005d00)     _Cmpss5Regs
00005d20     174 (00005d00)     _Cmpss6Regs

00005d40     175 (00005d40)     _Cmpss7Regs
00005d60     175 (00005d40)     _Cmpss8Regs

00005e00     178 (00005e00)     _Sdfm1Regs

00005e80     17a (00005e80)     _Sdfm2Regs

00006000     180 (00006000)     _McbspaRegs

00006040     181 (00006040)     _McbspbRegs

00006100     184 (00006100)     _SpiaRegs
00006110     184 (00006100)     _SpibRegs
00006120     184 (00006100)     _SpicRegs

00006200     188 (00006200)     _UppRegs

00007000     1c0 (00007000)     _WdRegs

00007060     1c1 (00007040)     _NmiIntruptRegs
00007070     1c1 (00007040)     _XintRegs

00007200     1c8 (00007200)     _SciaRegs
00007210     1c8 (00007200)     _ScibRegs
00007220     1c8 (00007200)     _ScicRegs
00007230     1c8 (00007200)     _ScidRegs

00007300     1cc (00007300)     _I2caRegs

00007340     1cd (00007340)     _I2cbRegs

00007400     1d0 (00007400)     _AdcaRegs

00007480     1d2 (00007480)     _AdcbRegs

00007500     1d4 (00007500)     _AdccRegs

00007580     1d6 (00007580)     _AdcdRegs

00007900     1e4 (00007900)     _InputXbarRegs
00007920     1e4 (00007900)     _XbarRegs

00007940     1e5 (00007940)     _SyncSocRegs

00007980     1e6 (00007980)     _DmaClaSrcSelRegs

00007a00     1e8 (00007a00)     _EPwmXbarRegs

00007a40     1e9 (00007a40)     _ClbXbarRegs

00007a80     1ea (00007a80)     _OutputXbarRegs

00007c00     1f0 (00007c00)     _GpioCtrlRegs

00007f00     1fc (00007f00)     _GpioDataRegs

0000a800     2a0 (0000a800)     _PieVectTableInit

0000ab9c     2ae (0000ab80)     _PR_COEFF
0000aba6     2ae (0000ab80)     _W0_2LP_COEFFICIENT
0000abb0     2ae (0000ab80)     _DQ_LP_COEFFICIENT
0000abb6     2ae (0000ab80)     _IN_MOD_2PI_COEFFICIENT
0000abbc     2ae (0000ab80)     _PI_COEFFICENT

0000abc2     2af (0000abc0)     _avg
0000abda     2af (0000abc0)     _off
0000abe6     2af (0000abc0)     _EPWM_PTR
0000abee     2af (0000abc0)     _Example_Result
0000abf0     2af (0000abc0)     _Example_PassCount
0000abf2     2af (0000abc0)     _Example_Fail
0000abf4     2af (0000abc0)     ___TI_enable_exit_profile_output
0000abf6     2af (0000abc0)     ___TI_cleanup_ptr
0000abf8     2af (0000abc0)     ___TI_dtors_ptr
0000abfa     2af (0000abc0)     __lock
0000abfc     2af (0000abc0)     __unlock

0000ac00     2b0 (0000ac00)     _TEST_THETA
0000ac01     2b0 (0000ac00)     _TEST_EPD
0000ac02     2b0 (0000ac00)     _Ecount
0000ac03     2b0 (0000ac00)     _Inphase
0000ac04     2b0 (0000ac00)     _s_count
0000ac05     2b0 (0000ac00)     _t_count
0000ac06     2b0 (0000ac00)     _Ena_Current_count
0000ac07     2b0 (0000ac00)     _OK2RUN
0000ac08     2b0 (0000ac00)     _OVER_CURRENT
0000ac09     2b0 (0000ac00)     _daint
0000ac0a     2b0 (0000ac00)     _dbint
0000ac0b     2b0 (0000ac00)     _dcint
0000ac0c     2b0 (0000ac00)     _nsample
0000ac0e     2b0 (0000ac00)     _VA
0000ac10     2b0 (0000ac00)     _VB
0000ac12     2b0 (0000ac00)     _VC
0000ac14     2b0 (0000ac00)     _Val
0000ac16     2b0 (0000ac00)     _Vbe
0000ac18     2b0 (0000ac00)     _Vd
0000ac1a     2b0 (0000ac00)     _Vq
0000ac1c     2b0 (0000ac00)     _V_d_
0000ac1e     2b0 (0000ac00)     _V_q_
0000ac20     2b0 (0000ac00)     _Vmax
0000ac22     2b0 (0000ac00)     _E_PD
0000ac24     2b0 (0000ac00)     _V_LF
0000ac26     2b0 (0000ac00)     _W_EST
0000ac28     2b0 (0000ac00)     _W_EST_
0000ac2a     2b0 (0000ac00)     _THETA
0000ac2c     2b0 (0000ac00)     _F_EST
0000ac2e     2b0 (0000ac00)     _Ia_ref
0000ac30     2b0 (0000ac00)     _Ib_ref
0000ac32     2b0 (0000ac00)     _Ic_ref
0000ac34     2b0 (0000ac00)     _Ia_adc
0000ac36     2b0 (0000ac00)     _Ib_adc
0000ac38     2b0 (0000ac00)     _Ic_adc
0000ac3a     2b0 (0000ac00)     _Iam
0000ac3c     2b0 (0000ac00)     _Ibm
0000ac3e     2b0 (0000ac00)     _Icm

0000ac40     2b1 (0000ac40)     _Err_a
0000ac42     2b1 (0000ac40)     _Err_b
0000ac44     2b1 (0000ac40)     _Err_c
0000ac46     2b1 (0000ac40)     _Va_l
0000ac48     2b1 (0000ac40)     _Vb_l
0000ac4a     2b1 (0000ac40)     _Vc_l
0000ac4c     2b1 (0000ac40)     _Da
0000ac4e     2b1 (0000ac40)     _Db
0000ac50     2b1 (0000ac40)     _Dc
0000ac52     2b1 (0000ac40)     _Imax
0000ac54     2b1 (0000ac40)     _Ic_test1
0000ac56     2b1 (0000ac40)     _Ialpha_ref
0000ac58     2b1 (0000ac40)     _Ibeta_ref
0000ac5a     2b1 (0000ac40)     _Ialpha_measurement
0000ac5c     2b1 (0000ac40)     _Ibeta_measurement
0000ac5e     2b1 (0000ac40)     _Err_alpha
0000ac60     2b1 (0000ac40)     _Err_beta
0000ac62     2b1 (0000ac40)     _Valpha_l
0000ac64     2b1 (0000ac40)     _Vbeta_l
0000ac66     2b1 (0000ac40)     _Real_Current
0000ac68     2b1 (0000ac40)     _volt
0000ac6a     2b1 (0000ac40)     _Voltage_Sen
0000ac6c     2b1 (0000ac40)     _AVG_F
0000ac6e     2b1 (0000ac40)     _C_Vmax
0000ac70     2b1 (0000ac40)     _Ia_test
0000ac72     2b1 (0000ac40)     _Ib_test
0000ac74     2b1 (0000ac40)     _Ic_test
0000ac76     2b1 (0000ac40)     _s_theta
0000ac78     2b1 (0000ac40)     _D_LP_FILTER

0000ac80     2b2 (0000ac80)     _Q_LP_FILTER
0000ac88     2b2 (0000ac80)     _TEST_FILTER
0000ac90     2b2 (0000ac80)     _PI_CONTROLLER
0000ac98     2b2 (0000ac80)     _IN_MOD_2PI
0000aca0     2b2 (0000ac80)     _BPF_A
0000acac     2b2 (0000ac80)     _BPF_B

0000acc0     2b3 (0000acc0)     _BPF_C
0000accc     2b3 (0000acc0)     _W0_2ND_LPF
0000acd8     2b3 (0000acc0)     _PR_ALPHA
0000ace4     2b3 (0000acc0)     _PR_BETA

00047000    11c0 (00047000)     _Emif1Regs

00047800    11e0 (00047800)     _Emif2Regs

00048000    1200 (00048000)     _CanaRegs

0004a000    1280 (0004a000)     _CanbRegs

00050000    1400 (00050000)     _IpcRegs
00050024    1400 (00050000)     _FlashPumpSemaphoreRegs

0005d000    1740 (0005d000)     _DevCfgRegs

0005d180    1746 (0005d180)     _AnalogSubsysRegs

0005d200    1748 (0005d200)     _ClkCfgRegs

0005d300    174c (0005d300)     _CpuSysRegs

0005e608    1798 (0005e600)     _RomPrefetchRegs

0005f000    17c0 (0005f000)     _DcsmZ1Regs

0005f040    17c1 (0005f040)     _DcsmZ2Regs
0005f070    17c1 (0005f040)     _DcsmCommonRegs

0005f400    17d0 (0005f400)     _MemCfgRegs

0005f480    17d2 (0005f480)     _Emif1ConfigRegs
0005f4a0    17d2 (0005f480)     _Emif2ConfigRegs

0005f4c0    17d3 (0005f4c0)     _AccessProtectionRegs

0005f500    17d4 (0005f500)     _MemoryErrorRegs

0005f540    17d5 (0005f540)     _RomWaitStateRegs

0005f800    17e0 (0005f800)     _Flash0CtrlRegs

0005fb00    17ec (0005fb00)     _Flash0EccRegs


GLOBAL SYMBOLS: SORTED ALPHABETICALLY BY Name 

page  address   name                                      
----  -------   ----                                      
abs   ffffffff  .text                                     
0     00009768  C$$EXIT                                   
0     0000945b  FS$$DIV                                   
0     000097b9  FS$$TOLL                                  
0     00009354  LL$$DIV                                   
0     00009390  LL$$MOD                                   
0     00009824  LL$$TOFS                                  
0     000093ca  ULL$$DIV                                  
0     000093f9  ULL$$MOD                                  
0     0000b57b  _ADCA1_ISR                                
0     0000b571  _ADCA2_ISR                                
0     0000b567  _ADCA3_ISR                                
0     0000b55d  _ADCA4_ISR                                
0     0000b553  _ADCA_EVT_ISR                             
0     0000b549  _ADCB1_ISR                                
0     0000b53f  _ADCB2_ISR                                
0     0000b535  _ADCB3_ISR                                
0     0000b52b  _ADCB4_ISR                                
0     0000b521  _ADCB_EVT_ISR                             
0     0000b517  _ADCC1_ISR                                
0     0000b50d  _ADCC2_ISR                                
0     0000b503  _ADCC3_ISR                                
0     0000b4f9  _ADCC4_ISR                                
0     0000b4ef  _ADCC_EVT_ISR                             
0     0000b4e5  _ADCD1_ISR                                
0     0000b4db  _ADCD2_ISR                                
0     0000b4d1  _ADCD3_ISR                                
0     0000b4c7  _ADCD4_ISR                                
0     0000b4bd  _ADCD_EVT_ISR                             
0     0000b78b  _ADC_setINLTrim                           
0     00009739  _ADC_setMode                              
0     0000954b  _ADC_setOffsetTrim                        
0     0000b4b3  _AUX_PLL_SLIP_ISR                         
1     0000ac6c  _AVG_F                                    
1     0005f4c0  _AccessProtectionRegs                     
1     00007400  _AdcaRegs                                 
1     00000b00  _AdcaResultRegs                           
1     00007480  _AdcbRegs                                 
1     00000b20  _AdcbResultRegs                           
1     00007500  _AdccRegs                                 
1     00000b40  _AdccResultRegs                           
1     00007580  _AdcdRegs                                 
1     00000b60  _AdcdResultRegs                           
1     0005d180  _AnalogSubsysRegs                         
0     00008b56  _AuxAuxClkSel                             
0     00008b71  _AuxIntOsc2Sel                            
0     00008b60  _AuxXtalOscSel                            
1     0000aca0  _BPF_A                                    
1     0000acac  _BPF_B                                    
1     0000acc0  _BPF_C                                    
0     0000b4a9  _CANA0_ISR                                
0     0000b49f  _CANA1_ISR                                
0     0000b495  _CANB0_ISR                                
0     0000b48b  _CANB1_ISR                                
0     0000b481  _CLA1_1_ISR                               
0     0000b477  _CLA1_2_ISR                               
0     0000b46d  _CLA1_3_ISR                               
0     0000b463  _CLA1_4_ISR                               
0     0000b459  _CLA1_5_ISR                               
0     0000b44f  _CLA1_6_ISR                               
0     0000b445  _CLA1_7_ISR                               
0     0000b43b  _CLA1_8_ISR                               
0     0000b431  _CLA_OVERFLOW_ISR                         
0     0000b427  _CLA_UNDERFLOW_ISR                        
1     0000ac6e  _C_Vmax                                   
1     00048000  _CanaRegs                                 
1     0004a000  _CanbRegs                                 
1     00001400  _Cla1Regs                                 
1     00003200  _Clb1DataExchRegs                         
1     00003000  _Clb1LogicCfgRegs                         
1     00003100  _Clb1LogicCtrlRegs                        
1     00003600  _Clb2DataExchRegs                         
1     00003400  _Clb2LogicCfgRegs                         
1     00003500  _Clb2LogicCtrlRegs                        
1     00003a00  _Clb3DataExchRegs                         
1     00003800  _Clb3LogicCfgRegs                         
1     00003900  _Clb3LogicCtrlRegs                        
1     00003e00  _Clb4DataExchRegs                         
1     00003c00  _Clb4LogicCfgRegs                         
1     00003d00  _Clb4LogicCtrlRegs                        
1     00007a40  _ClbXbarRegs                              
1     0005d200  _ClkCfgRegs                               
1     00005c80  _Cmpss1Regs                               
1     00005ca0  _Cmpss2Regs                               
1     00005cc0  _Cmpss3Regs                               
1     00005ce0  _Cmpss4Regs                               
1     00005d00  _Cmpss5Regs                               
1     00005d20  _Cmpss6Regs                               
1     00005d40  _Cmpss7Regs                               
1     00005d60  _Cmpss8Regs                               
0     00008a6b  _ConfigureTMXAnalogTrim                   
1     0005d300  _CpuSysRegs                               
1     00000c00  _CpuTimer0Regs                            
1     00000c08  _CpuTimer1Regs                            
1     00000c10  _CpuTimer2Regs                            
0     00008cda  _CsmUnlock                                
0     0000b41d  _DATALOG_ISR                              
0     0000b413  _DMA_CH1_ISR                              
0     0000b409  _DMA_CH2_ISR                              
0     0000b3ff  _DMA_CH3_ISR                              
0     0000b3f5  _DMA_CH4_ISR                              
0     0000b3eb  _DMA_CH5_ISR                              
0     0000b3e1  _DMA_CH6_ISR                              
1     0000abb0  _DQ_LP_COEFFICIENT                        
1     0000ac78  _D_LP_FILTER                              
1     0000ac4c  _Da                                       
1     00005c00  _DacaRegs                                 
1     00005c10  _DacbRegs                                 
1     00005c20  _DaccRegs                                 
1     0000ac4e  _Db                                       
1     0000ac50  _Dc                                       
1     0005f070  _DcsmCommonRegs                           
1     0005f000  _DcsmZ1Regs                               
1     0005f040  _DcsmZ2Regs                               
1     0005d000  _DevCfgRegs                               
0     000091e3  _Device_bootCPU2                          
0     0000907c  _Device_configureTMXAnalogTrim            
0     000090af  _Device_enableAllPeripherals              
0     0000903e  _Device_enableUnbondedGPIOPullups         
0     00009021  _Device_enableUnbondedGPIOPullupsFor100Pin
0     0000900e  _Device_enableUnbondedGPIOPullupsFor176Pin
0     0000918d  _Device_init                              
0     0000905e  _Device_initGPIO                          
0     00008a5e  _DisableDog                               
0     00008c84  _DisablePeripheralClocks                  
1     00007980  _DmaClaSrcSelRegs                         
1     00001000  _DmaRegs                                  
0     0000b3d7  _ECAP1_ISR                                
0     0000b3cd  _ECAP2_ISR                                
0     0000b3c3  _ECAP3_ISR                                
0     0000b3b9  _ECAP4_ISR                                
0     0000b3af  _ECAP5_ISR                                
0     0000b3a5  _ECAP6_ISR                                
1     00005000  _ECap1Regs                                
1     00005020  _ECap2Regs                                
1     00005040  _ECap3Regs                                
1     00005060  _ECap4Regs                                
1     00005080  _ECap5Regs                                
1     000050a0  _ECap6Regs                                
0     0000b39b  _EMIF_ERROR_ISR                           
0     0000b38e  _EMPTY_ISR                                
0     0000b384  _EMU_ISR                                  
0     0000b37a  _EPWM10_ISR                               
0     0000b370  _EPWM10_TZ_ISR                            
0     0000b366  _EPWM11_ISR                               
0     0000b35c  _EPWM11_TZ_ISR                            
0     0000b352  _EPWM12_ISR                               
0     0000b348  _EPWM12_TZ_ISR                            
0     0000b33e  _EPWM1_ISR                                
0     0000b334  _EPWM1_TZ_ISR                             
0     0000b32a  _EPWM2_ISR                                
0     0000b320  _EPWM2_TZ_ISR                             
0     0000b316  _EPWM3_ISR                                
0     0000b30c  _EPWM3_TZ_ISR                             
0     0000b302  _EPWM4_ISR                                
0     0000b2f8  _EPWM4_TZ_ISR                             
0     0000b2ee  _EPWM5_ISR                                
0     0000b2e4  _EPWM5_TZ_ISR                             
0     0000b2da  _EPWM6_ISR                                
0     0000b2d0  _EPWM6_TZ_ISR                             
0     0000b2c6  _EPWM7_ISR                                
0     0000b2bc  _EPWM7_TZ_ISR                             
0     0000b2b2  _EPWM8_ISR                                
0     0000b2a8  _EPWM8_TZ_ISR                             
0     0000b29e  _EPWM9_ISR                                
0     0000b294  _EPWM9_TZ_ISR                             
1     0000abe6  _EPWM_PTR                                 
1     00004900  _EPwm10Regs                               
1     00004a00  _EPwm11Regs                               
1     00004b00  _EPwm12Regs                               
1     00004000  _EPwm1Regs                                
1     00004100  _EPwm2Regs                                
1     00004200  _EPwm3Regs                                
1     00004300  _EPwm4Regs                                
1     00004400  _EPwm5Regs                                
1     00004500  _EPwm6Regs                                
1     00004600  _EPwm7Regs                                
1     00004700  _EPwm8Regs                                
1     00004800  _EPwm9Regs                                
1     00007a00  _EPwmXbarRegs                             
0     0000b28a  _EQEP1_ISR                                
0     0000b280  _EQEP2_ISR                                
0     0000b276  _EQEP3_ISR                                
1     00005100  _EQep1Regs                                
1     00005140  _EQep2Regs                                
1     00005180  _EQep3Regs                                
1     0000ac22  _E_PD                                     
1     0000ac02  _Ecount                                   
1     0005f480  _Emif1ConfigRegs                          
1     00047000  _Emif1Regs                                
1     0005f4a0  _Emif2ConfigRegs                          
1     00047800  _Emif2Regs                                
1     0000ac06  _Ena_Current_count                        
0     000097b0  _EnableInterrupts                         
1     0000ac40  _Err_a                                    
1     0000ac5e  _Err_alpha                                
1     0000ac42  _Err_b                                    
1     0000ac60  _Err_beta                                 
1     0000ac44  _Err_c                                    
1     0000abf2  _Example_Fail                             
1     0000abf0  _Example_PassCount                        
1     0000abee  _Example_Result                           
0     0000900d  _Example_done                             
0     00009008  _Example_setResultFail                    
0     00009003  _Example_setResultPass                    
0     0000034f  _F28x_usDelay                             
0     0000b26c  _FLASH_CORRECTABLE_ERROR_ISR              
0     0000b262  _FPU_OVERFLOW_ISR                         
0     0000b258  _FPU_UNDERFLOW_ISR                        
1     0000ac2c  _F_EST                                    
1     0005f800  _Flash0CtrlRegs                           
1     0005fb00  _Flash0EccRegs                            
1     00050024  _FlashPumpSemaphoreRegs                   
0     00008722  _GPIO_EnableUnbondedIOPullups             
0     000086fd  _GPIO_EnableUnbondedIOPullupsFor100Pin    
0     000086e4  _GPIO_EnableUnbondedIOPullupsFor176Pin    
0     000086d0  _GPIO_ReadPin                             
0     000086ae  _GPIO_SetupLock                           
0     00008659  _GPIO_SetupPinMux                         
0     000085d4  _GPIO_SetupPinOptions                     
0     000085cd  _GPIO_SetupXINT1Gpio                      
0     000085c6  _GPIO_SetupXINT2Gpio                      
0     000085bf  _GPIO_SetupXINT3Gpio                      
0     000085b8  _GPIO_SetupXINT4Gpio                      
0     000085b1  _GPIO_SetupXINT5Gpio                      
0     00008597  _GPIO_WritePin                            
0     000087bc  _GPIO_setControllerCore                   
0     00009708  _GPIO_setDirectionMode                    
0     0000969a  _GPIO_setPinConfig                        
0     000096d1  _GPIO_setQualificationMode                
1     00007c00  _GpioCtrlRegs                             
1     00007f00  _GpioDataRegs                             
0     00008cc1  _HALT                                     
0     00008ca2  _HIB                                      
0     0000b24e  _I2CA_FIFO_ISR                            
0     0000b244  _I2CA_ISR                                 
0     0000b23a  _I2CB_FIFO_ISR                            
0     0000b230  _I2CB_ISR                                 
1     00007300  _I2caRegs                                 
1     00007340  _I2cbRegs                                 
0     00008c7b  _IDLE                                     
0     0000b226  _ILLEGAL_ISR                              
1     0000ac98  _IN_MOD_2PI                               
1     0000abb6  _IN_MOD_2PI_COEFFICIENT                   
0     0000b21c  _IPC0_ISR                                 
0     0000b212  _IPC1_ISR                                 
0     0000b208  _IPC2_ISR                                 
0     0000b1fe  _IPC3_ISR                                 
1     0000ac34  _Ia_adc                                   
1     0000ac2e  _Ia_ref                                   
1     0000ac70  _Ia_test                                  
1     0000ac5a  _Ialpha_measurement                       
1     0000ac56  _Ialpha_ref                               
1     0000ac3a  _Iam                                      
1     0000ac36  _Ib_adc                                   
1     0000ac30  _Ib_ref                                   
1     0000ac72  _Ib_test                                  
1     0000ac5c  _Ibeta_measurement                        
1     0000ac58  _Ibeta_ref                                
1     0000ac3c  _Ibm                                      
1     0000ac38  _Ic_adc                                   
1     0000ac32  _Ic_ref                                   
1     0000ac74  _Ic_test                                  
1     0000ac54  _Ic_test1                                 
1     0000ac3e  _Icm                                      
1     0000ac52  _Imax                                     
0     00008b7e  _InitAuxPll                               
0     00008568  _InitGpio                                 
0     00008a8e  _InitPeripheralClocks                     
0     00009791  _InitPieCtrl                              
0     0000992f  _InitPieVectTable                         
0     00008b37  _InitSysCtrl                              
0     00008869  _InitSysPll                               
1     0000ac03  _Inphase                                  
1     00007900  _InputXbarRegs                            
1     00050000  _IpcRegs                                  
0     0000b1f4  _MCBSPA_RX_ISR                            
0     0000b1ea  _MCBSPA_TX_ISR                            
0     0000b1e0  _MCBSPB_RX_ISR                            
0     0000b1d6  _MCBSPB_TX_ISR                            
1     00006000  _McbspaRegs                               
1     00006040  _McbspbRegs                               
1     0005f400  _MemCfgRegs                               
1     0005f500  _MemoryErrorRegs                          
0     0000b1cc  _NMI_ISR                                  
0     0000b1c2  _NOTUSED_ISR                              
1     00007060  _NmiIntruptRegs                           
1     0000ac07  _OK2RUN                                   
1     0000ac08  _OVER_CURRENT                             
1     00007a80  _OutputXbarRegs                           
0     0000b1b8  _PIE_RESERVED_ISR                         
1     0000abbc  _PI_COEFFICENT                            
1     0000ac90  _PI_CONTROLLER                            
1     0000acd8  _PR_ALPHA                                 
1     0000ace4  _PR_BETA                                  
1     0000ab9c  _PR_COEFF                                 
1     00000ce0  _PieCtrlRegs                              
1     00000d00  _PieVectTable                             
1     0000a800  _PieVectTableInit                         
1     0000ac80  _Q_LP_FILTER                              
0     0000b1ae  _RAM_ACCESS_VIOLATION_ISR                 
0     0000b1a4  _RAM_CORRECTABLE_ERROR_ISR                
0     0000b19a  _RTOS_ISR                                 
1     0000ac66  _Real_Current                             
0     0000885f  _ReleaseFlashPump                         
1     0005e608  _RomPrefetchRegs                          
1     0005f540  _RomWaitStateRegs                         
0     0000b190  _SCIA_RX_ISR                              
0     0000b186  _SCIA_TX_ISR                              
0     0000b17c  _SCIB_RX_ISR                              
0     0000b172  _SCIB_TX_ISR                              
0     0000b168  _SCIC_RX_ISR                              
0     0000b15e  _SCIC_TX_ISR                              
0     0000b154  _SCID_RX_ISR                              
0     0000b14a  _SCID_TX_ISR                              
0     0000b140  _SD1_ISR                                  
0     0000b136  _SD2_ISR                                  
0     0000b12c  _SPIA_RX_ISR                              
0     0000b122  _SPIA_TX_ISR                              
0     0000b118  _SPIB_RX_ISR                              
0     0000b10e  _SPIB_TX_ISR                              
0     0000b104  _SPIC_RX_ISR                              
0     0000b0fa  _SPIC_TX_ISR                              
0     00008854  _STANDBY                                  
0     0000b0f0  _SYS_PLL_SLIP_ISR                         
1     00007200  _SciaRegs                                 
1     00007210  _ScibRegs                                 
1     00007220  _ScicRegs                                 
1     00007230  _ScidRegs                                 
1     00005e00  _Sdfm1Regs                                
1     00005e80  _Sdfm2Regs                                
0     00008842  _SeizeFlashPump                           
0     00008834  _ServiceDog                               
1     00006100  _SpiaRegs                                 
1     00006110  _SpibRegs                                 
1     00006120  _SpicRegs                                 
1     00007940  _SyncSocRegs                              
0     00000353  _SysCtl_delay                             
0     00009601  _SysCtl_getClock                          
0     000094e3  _SysCtl_getDeviceParametric               
0     000098b4  _SysCtl_getLowSpeedClock                  
0     00009652  _SysCtl_selectOscSource                   
0     00008732  _SysCtl_selectXTAL                        
0     0000b585  _SysCtl_setClock                          
0     00008824  _SysIntOsc1Sel                            
0     00008810  _SysIntOsc2Sel                            
0     00008800  _SysXtalOscSel                            
1     0000ac01  _TEST_EPD                                 
1     0000ac88  _TEST_FILTER                              
1     0000ac00  _TEST_THETA                               
1     0000ac2a  _THETA                                    
0     0000b0e6  _TIMER0_ISR                               
0     0000b0dc  _TIMER1_ISR                               
0     0000b0d2  _TIMER2_ISR                               
0     0000b0c8  _UPPA_ISR                                 
0     0000b0be  _USBA_ISR                                 
0     0000b0b4  _USER10_ISR                               
0     0000b0aa  _USER11_ISR                               
0     0000b0a0  _USER12_ISR                               
0     0000b096  _USER1_ISR                                
0     0000b08c  _USER2_ISR                                
0     0000b082  _USER3_ISR                                
0     0000b078  _USER4_ISR                                
0     0000b06e  _USER5_ISR                                
0     0000b064  _USER6_ISR                                
0     0000b05a  _USER7_ISR                                
0     0000b050  _USER8_ISR                                
0     0000b046  _USER9_ISR                                
1     00006200  _UppRegs                                  
1     0000ac0e  _VA                                       
1     0000ac10  _VB                                       
1     0000ac12  _VC                                       
0     0000b03c  _VCU_ISR                                  
1     0000ac24  _V_LF                                     
1     0000ac1c  _V_d_                                     
1     0000ac1e  _V_q_                                     
1     0000ac46  _Va_l                                     
1     0000ac14  _Val                                      
1     0000ac62  _Valpha_l                                 
1     0000ac48  _Vb_l                                     
1     0000ac16  _Vbe                                      
1     0000ac64  _Vbeta_l                                  
1     0000ac4a  _Vc_l                                     
1     0000ac18  _Vd                                       
1     0000ac20  _Vmax                                     
1     0000ac6a  _Voltage_Sen                              
1     0000ac1a  _Vq                                       
1     0000aba6  _W0_2LP_COEFFICIENT                       
1     0000accc  _W0_2ND_LPF                               
0     0000b032  _WAKE_ISR                                 
1     0000ac26  _W_EST                                    
1     0000ac28  _W_EST_                                   
1     00007000  _WdRegs                                   
0     0000b028  _XINT1_ISR                                
0     0000b01e  _XINT2_ISR                                
0     0000b014  _XINT3_ISR                                
0     0000b00a  _XINT4_ISR                                
0     0000b000  _XINT5_ISR                                
1     00007920  _XbarRegs                                 
1     00007070  _XintRegs                                 
1     00000600  __STACK_END                               
abs   00000200  __STACK_SIZE                              
1     0000abf6  ___TI_cleanup_ptr                         
1     0000abf8  ___TI_dtors_ptr                           
1     0000abf4  ___TI_enable_exit_profile_output          
abs   ffffffff  ___TI_pprof_out_hndl                      
abs   ffffffff  ___TI_prof_data_size                      
abs   ffffffff  ___TI_prof_data_start                     
abs   ffffffff  ___binit__                                
abs   ffffffff  ___c_args__                               
0     00000123  ___cinit__                                
0     00009000  ___error__                                
abs   ffffffff  ___etext__                                
abs   ffffffff  ___pinit__                                
abs   ffffffff  ___text__                                 
0     0000991d  __args_main                               
1     0000abfa  __lock                                    
0     0000b7fc  __nop                                     
1     00000400  __stack                                   
0     0000b7fd  __system_post_cinit                       
0     0000b7fa  __system_pre_init                         
1     0000abfc  __unlock                                  
0     00009768  _abort                                    
0     00008000  _adcb1_isr                                
1     0000abc2  _avg                                      
0     000095ab  _c_int00                                  
0     00009800  _copy_in                                  
1     0000ac09  _daint                                    
1     0000ac0a  _dbint                                    
1     0000ac0b  _dcint                                    
0     0000976a  _exit                                     
0     00008cfc  _main                                     
0     00009863  _memcpy                                   
1     0000ac0c  _nsample                                  
1     0000abda  _off                                      
1     0000ac04  _s_count                                  
1     0000ac76  _s_theta                                  
1     0000ac05  _t_count                                  
1     0000ac68  _volt                                     
abs   ffffffff  binit                                     
0     00000123  cinit                                     
0     00000000  code_start                                
abs   ffffffff  etext                                     
abs   ffffffff  pinit                                     


GLOBAL SYMBOLS: SORTED BY Symbol Address 

page  address   name                                      
----  -------   ----                                      
0     00000000  code_start                                
0     00000123  ___cinit__                                
0     00000123  cinit                                     
0     0000034f  _F28x_usDelay                             
0     00000353  _SysCtl_delay                             
0     00008000  _adcb1_isr                                
0     00008568  _InitGpio                                 
0     00008597  _GPIO_WritePin                            
0     000085b1  _GPIO_SetupXINT5Gpio                      
0     000085b8  _GPIO_SetupXINT4Gpio                      
0     000085bf  _GPIO_SetupXINT3Gpio                      
0     000085c6  _GPIO_SetupXINT2Gpio                      
0     000085cd  _GPIO_SetupXINT1Gpio                      
0     000085d4  _GPIO_SetupPinOptions                     
0     00008659  _GPIO_SetupPinMux                         
0     000086ae  _GPIO_SetupLock                           
[...]
0     0000b122  _SPIA_TX_ISR                              
0     0000b12c  _SPIA_RX_ISR                              
0     0000b136  _SD2_ISR                                  
0     0000b140  _SD1_ISR                                  
0     0000b14a  _SCID_TX_ISR                              
0     0000b154  _SCID_RX_ISR                              
0     0000b15e  _SCIC_TX_ISR                              
0     0000b168  _SCIC_RX_ISR                              
0     0000b172  _SCIB_TX_ISR                              
0     0000b17c  _SCIB_RX_ISR                              
0     0000b186  _SCIA_TX_ISR                              
0     0000b190  _SCIA_RX_ISR                              
0     0000b19a  _RTOS_ISR                                 
0     0000b1a4  _RAM_CORRECTABLE_ERROR_ISR                
0     0000b1ae  _RAM_ACCESS_VIOLATION_ISR                 
0     0000b1b8  _PIE_RESERVED_ISR                         
0     0000b1c2  _NOTUSED_ISR                              
0     0000b1cc  _NMI_ISR                                  
0     0000b1d6  _MCBSPB_TX_ISR                            
0     0000b1e0  _MCBSPB_RX_ISR                            
0     0000b1ea  _MCBSPA_TX_ISR                            
0     0000b1f4  _MCBSPA_RX_ISR                            
0     0000b1fe  _IPC3_ISR                                 
0     0000b208  _IPC2_ISR                                 
0     0000b212  _IPC1_ISR                                 
0     0000b21c  _IPC0_ISR                                 
0     0000b226  _ILLEGAL_ISR                              
0     0000b230  _I2CB_ISR                                 
0     0000b23a  _I2CB_FIFO_ISR                            
0     0000b244  _I2CA_ISR                                 
0     0000b24e  _I2CA_FIFO_ISR                            
0     0000b258  _FPU_UNDERFLOW_ISR                        
0     0000b262  _FPU_OVERFLOW_ISR                         
0     0000b26c  _FLASH_CORRECTABLE_ERROR_ISR              
0     0000b276  _EQEP3_ISR                                
0     0000b280  _EQEP2_ISR                                
0     0000b28a  _EQEP1_ISR                                
0     0000b294  _EPWM9_TZ_ISR                             
0     0000b29e  _EPWM9_ISR                                
0     0000b2a8  _EPWM8_TZ_ISR                             
0     0000b2b2  _EPWM8_ISR                                
0     0000b2bc  _EPWM7_TZ_ISR                             
0     0000b2c6  _EPWM7_ISR                                
0     0000b2d0  _EPWM6_TZ_ISR                             
0     0000b2da  _EPWM6_ISR                                
0     0000b2e4  _EPWM5_TZ_ISR                             
0     0000b2ee  _EPWM5_ISR                                
0     0000b2f8  _EPWM4_TZ_ISR                             
0     0000b302  _EPWM4_ISR                                
0     0000b30c  _EPWM3_TZ_ISR                             
0     0000b316  _EPWM3_ISR                                
0     0000b320  _EPWM2_TZ_ISR                             
0     0000b32a  _EPWM2_ISR                                
0     0000b334  _EPWM1_TZ_ISR                             
0     0000b33e  _EPWM1_ISR                                
0     0000b348  _EPWM12_TZ_ISR                            
0     0000b352  _EPWM12_ISR                               
0     0000b35c  _EPWM11_TZ_ISR                            
0     0000b366  _EPWM11_ISR                               
0     0000b370  _EPWM10_TZ_ISR                            
0     0000b37a  _EPWM10_ISR                               
0     0000b384  _EMU_ISR                                  
0     0000b38e  _EMPTY_ISR                                
0     0000b39b  _EMIF_ERROR_ISR                           
0     0000b3a5  _ECAP6_ISR                                
0     0000b3af  _ECAP5_ISR                                
0     0000b3b9  _ECAP4_ISR                                
0     0000b3c3  _ECAP3_ISR                                
0     0000b3cd  _ECAP2_ISR                                
0     0000b3d7  _ECAP1_ISR                                
0     0000b3e1  _DMA_CH6_ISR                              
0     0000b3eb  _DMA_CH5_ISR                              
0     0000b3f5  _DMA_CH4_ISR                              
0     0000b3ff  _DMA_CH3_ISR                              
0     0000b409  _DMA_CH2_ISR                              
0     0000b413  _DMA_CH1_ISR                              
0     0000b41d  _DATALOG_ISR                              
0     0000b427  _CLA_UNDERFLOW_ISR                        
0     0000b431  _CLA_OVERFLOW_ISR                         
0     0000b43b  _CLA1_8_ISR                               
0     0000b445  _CLA1_7_ISR                               
0     0000b44f  _CLA1_6_ISR                               
0     0000b459  _CLA1_5_ISR                               
0     0000b463  _CLA1_4_ISR                               
0     0000b46d  _CLA1_3_ISR                               
0     0000b477  _CLA1_2_ISR                               
0     0000b481  _CLA1_1_ISR                               
0     0000b48b  _CANB1_ISR                                
0     0000b495  _CANB0_ISR                                
0     0000b49f  _CANA1_ISR                                
0     0000b4a9  _CANA0_ISR                                
0     0000b4b3  _AUX_PLL_SLIP_ISR                         
0     0000b4bd  _ADCD_EVT_ISR                             
0     0000b4c7  _ADCD4_ISR                                
0     0000b4d1  _ADCD3_ISR                                
0     0000b4db  _ADCD2_ISR                                
0     0000b4e5  _ADCD1_ISR                                
0     0000b4ef  _ADCC_EVT_ISR                             
0     0000b4f9  _ADCC4_ISR                                
0     0000b503  _ADCC3_ISR                                
0     0000b50d  _ADCC2_ISR                                
0     0000b517  _ADCC1_ISR                                
0     0000b521  _ADCB_EVT_ISR                             
0     0000b52b  _ADCB4_ISR                                
0     0000b535  _ADCB3_ISR                                
0     0000b53f  _ADCB2_ISR                                
0     0000b549  _ADCB1_ISR                                
0     0000b553  _ADCA_EVT_ISR                             
0     0000b55d  _ADCA4_ISR                                
0     0000b567  _ADCA3_ISR                                
0     0000b571  _ADCA2_ISR                                
0     0000b57b  _ADCA1_ISR                                
0     0000b585  _SysCtl_setClock                          
0     0000b78b  _ADC_setINLTrim                           
0     0000b7fa  __system_pre_init                         
0     0000b7fc  __nop                                     
0     0000b7fd  __system_post_cinit                       
1     00000400  __stack                                   
1     00000600  __STACK_END                               
1     00000b00  _AdcaResultRegs                           
1     00000b20  _AdcbResultRegs                           
1     00000b40  _AdccResultRegs                           
1     00000b60  _AdcdResultRegs                           
1     00000c00  _CpuTimer0Regs                            
1     00000c08  _CpuTimer1Regs                            
1     00000c10  _CpuTimer2Regs                            
1     00000ce0  _PieCtrlRegs                              
1     00000d00  _PieVectTable                             
1     00001000  _DmaRegs                                  
1     00001400  _Cla1Regs                                 
1     00003000  _Clb1LogicCfgRegs                         
1     00003100  _Clb1LogicCtrlRegs                        
1     00003200  _Clb1DataExchRegs                         
1     00003400  _Clb2LogicCfgRegs                         
1     00003500  _Clb2LogicCtrlRegs                        
1     00003600  _Clb2DataExchRegs                         
1     00003800  _Clb3LogicCfgRegs                         
1     00003900  _Clb3LogicCtrlRegs                        
1     00003a00  _Clb3DataExchRegs                         
1     00003c00  _Clb4LogicCfgRegs                         
1     00003d00  _Clb4LogicCtrlRegs                        
1     00003e00  _Clb4DataExchRegs                         
1     00004000  _EPwm1Regs                                
1     00004100  _EPwm2Regs                                
1     00004200  _EPwm3Regs                                
1     00004300  _EPwm4Regs                                
1     00004400  _EPwm5Regs                                
1     00004500  _EPwm6Regs                                
1     00004600  _EPwm7Regs                                
1     00004700  _EPwm8Regs                                
1     00004800  _EPwm9Regs                                
1     00004900  _EPwm10Regs                               
1     00004a00  _EPwm11Regs                               
1     00004b00  _EPwm12Regs                               
1     00005000  _ECap1Regs                                
1     00005020  _ECap2Regs                                
1     00005040  _ECap3Regs                                
1     00005060  _ECap4Regs                                
1     00005080  _ECap5Regs                                
1     000050a0  _ECap6Regs                                
1     00005100  _EQep1Regs                                
1     00005140  _EQep2Regs                                
1     00005180  _EQep3Regs                                
1     00005c00  _DacaRegs                                 
1     00005c10  _DacbRegs                                 
1     00005c20  _DaccRegs                                 
1     00005c80  _Cmpss1Regs                               
1     00005ca0  _Cmpss2Regs                               
1     00005cc0  _Cmpss3Regs                               
1     00005ce0  _Cmpss4Regs                               
1     00005d00  _Cmpss5Regs                               
1     00005d20  _Cmpss6Regs                               
1     00005d40  _Cmpss7Regs                               
1     00005d60  _Cmpss8Regs                               
1     00005e00  _Sdfm1Regs                                
1     00005e80  _Sdfm2Regs                                
1     00006000  _McbspaRegs                               
1     00006040  _McbspbRegs                               
1     00006100  _SpiaRegs                                 
1     00006110  _SpibRegs                                 
1     00006120  _SpicRegs                                 
1     00006200  _UppRegs                                  
1     00007000  _WdRegs                                   
1     00007060  _NmiIntruptRegs                           
1     00007070  _XintRegs                                 
1     00007200  _SciaRegs                                 
1     00007210  _ScibRegs                                 
1     00007220  _ScicRegs                                 
1     00007230  _ScidRegs                                 
1     00007300  _I2caRegs                                 
1     00007340  _I2cbRegs                                 
1     00007400  _AdcaRegs                                 
1     00007480  _AdcbRegs                                 
1     00007500  _AdccRegs                                 
1     00007580  _AdcdRegs                                 
1     00007900  _InputXbarRegs                            
1     00007920  _XbarRegs                                 
1     00007940  _SyncSocRegs                              
1     00007980  _DmaClaSrcSelRegs                         
1     00007a00  _EPwmXbarRegs                             
1     00007a40  _ClbXbarRegs                              
1     00007a80  _OutputXbarRegs                           
1     00007c00  _GpioCtrlRegs                             
1     00007f00  _GpioDataRegs                             
1     0000a800  _PieVectTableInit                         
1     0000ab9c  _PR_COEFF                                 
1     0000aba6  _W0_2LP_COEFFICIENT                       
1     0000abb0  _DQ_LP_COEFFICIENT                        
1     0000abb6  _IN_MOD_2PI_COEFFICIENT                   
1     0000abbc  _PI_COEFFICENT                            
1     0000abc2  _avg                                      
1     0000abda  _off                                      
1     0000abe6  _EPWM_PTR                                 
1     0000abee  _Example_Result                           
1     0000abf0  _Example_PassCount                        
1     0000abf2  _Example_Fail                             
1     0000abf4  ___TI_enable_exit_profile_output          
1     0000abf6  ___TI_cleanup_ptr                         
1     0000abf8  ___TI_dtors_ptr                           
1     0000abfa  __lock                                    
1     0000abfc  __unlock                                  
1     0000ac00  _TEST_THETA                               
1     0000ac01  _TEST_EPD                                 
1     0000ac02  _Ecount                                   
1     0000ac03  _Inphase                                  
1     0000ac04  _s_count                                  
1     0000ac05  _t_count                                  
1     0000ac06  _Ena_Current_count                        
1     0000ac07  _OK2RUN                                   
1     0000ac08  _OVER_CURRENT                             
1     0000ac09  _daint                                    
1     0000ac0a  _dbint                                    
1     0000ac0b  _dcint                                    
1     0000ac0c  _nsample                                  
1     0000ac0e  _VA                                       
1     0000ac10  _VB                                       
1     0000ac12  _VC                                       
1     0000ac14  _Val                                      
1     0000ac16  _Vbe                                      
1     0000ac18  _Vd                                       
1     0000ac1a  _Vq                                       
1     0000ac1c  _V_d_                                     
1     0000ac1e  _V_q_                                     
1     0000ac20  _Vmax                                     
1     0000ac22  _E_PD                                     
1     0000ac24  _V_LF                                     
1     0000ac26  _W_EST                                    
1     0000ac28  _W_EST_                                   
1     0000ac2a  _THETA                                    
1     0000ac2c  _F_EST                                    
1     0000ac2e  _Ia_ref                                   
1     0000ac30  _Ib_ref                                   
1     0000ac32  _Ic_ref                                   
1     0000ac34  _Ia_adc                                   
1     0000ac36  _Ib_adc                                   
1     0000ac38  _Ic_adc                                   
1     0000ac3a  _Iam                                      
1     0000ac3c  _Ibm                                      
1     0000ac3e  _Icm                                      
1     0000ac40  _Err_a                                    
1     0000ac42  _Err_b                                    
1     0000ac44  _Err_c                                    
1     0000ac46  _Va_l                                     
1     0000ac48  _Vb_l                                     
1     0000ac4a  _Vc_l                                     
1     0000ac4c  _Da                                       
1     0000ac4e  _Db                                       
1     0000ac50  _Dc                                       
1     0000ac52  _Imax                                     
1     0000ac54  _Ic_test1                                 
1     0000ac56  _Ialpha_ref                               
1     0000ac58  _Ibeta_ref                                
1     0000ac5a  _Ialpha_measurement                       
1     0000ac5c  _Ibeta_measurement                        
1     0000ac5e  _Err_alpha                                
1     0000ac60  _Err_beta                                 
1     0000ac62  _Valpha_l                                 
1     0000ac64  _Vbeta_l                                  
1     0000ac66  _Real_Current                             
1     0000ac68  _volt                                     
1     0000ac6a  _Voltage_Sen                              
1     0000ac6c  _AVG_F                                    
1     0000ac6e  _C_Vmax                                   
1     0000ac70  _Ia_test                                  
1     0000ac72  _Ib_test                                  
1     0000ac74  _Ic_test                                  
1     0000ac76  _s_theta                                  
1     0000ac78  _D_LP_FILTER                              
1     0000ac80  _Q_LP_FILTER                              
1     0000ac88  _TEST_FILTER                              
1     0000ac90  _PI_CONTROLLER                            
1     0000ac98  _IN_MOD_2PI                               
1     0000aca0  _BPF_A                                    
1     0000acac  _BPF_B                                    
1     0000acc0  _BPF_C                                    
1     0000accc  _W0_2ND_LPF                               
1     0000acd8  _PR_ALPHA                                 
1     0000ace4  _PR_BETA                                  
1     00047000  _Emif1Regs                                
1     00047800  _Emif2Regs                                
1     00048000  _CanaRegs                                 
1     0004a000  _CanbRegs                                 
1     00050000  _IpcRegs                                  
1     00050024  _FlashPumpSemaphoreRegs                   
1     0005d000  _DevCfgRegs                               
1     0005d180  _AnalogSubsysRegs                         
1     0005d200  _ClkCfgRegs                               
1     0005d300  _CpuSysRegs                               
1     0005e608  _RomPrefetchRegs                          
1     0005f000  _DcsmZ1Regs                               
1     0005f040  _DcsmZ2Regs                               
1     0005f070  _DcsmCommonRegs                           
1     0005f400  _MemCfgRegs                               
1     0005f480  _Emif1ConfigRegs                          
1     0005f4a0  _Emif2ConfigRegs                          
1     0005f4c0  _AccessProtectionRegs                     
1     0005f500  _MemoryErrorRegs                          
1     0005f540  _RomWaitStateRegs                         
1     0005f800  _Flash0CtrlRegs                           
1     0005fb00  _Flash0EccRegs                            
abs   00000200  __STACK_SIZE                              
abs   ffffffff  .text                                     
abs   ffffffff  ___TI_pprof_out_hndl                      
abs   ffffffff  ___TI_prof_data_size                      
abs   ffffffff  ___TI_prof_data_start                     
abs   ffffffff  ___binit__                                
abs   ffffffff  ___c_args__                               
abs   ffffffff  ___etext__                                
abs   ffffffff  ___pinit__                                
abs   ffffffff  ___text__                                 
abs   ffffffff  binit                                     
abs   ffffffff  etext                                     
abs   ffffffff  pinit                                     

[444 symbols]
