<?xml version="1.0" encoding="ISO-8859-1" ?>
<link_info>
   <banner>TMS320C2000 Linker PC v22.6.1.LTS</banner>
   <copyright>Copyright (c) 1996-2018 Texas Instruments Incorporated</copyright>
   <link_time>0x6640505c</link_time>
   <link_errors>0x0</link_errors>
   <output_file>ALPHA_BETA_FRAME.out</output_file>
   <entry_point>
      <name>_c_int00</name>
      <address>0x84b09</address>
   </entry_point>
   <input_file_list>
      <input_file id="fl-2">
         <path>.\</path>
         <kind>object</kind>
         <file>F2837xD_CodeStartBranch.obj</file>
         <name>F2837xD_CodeStartBranch.obj</name>
      </input_file>
      <input_file id="fl-3">
         <path>.\</path>
         <kind>object</kind>
         <file>F2837xD_DefaultISR.obj</file>
         <name>F2837xD_DefaultISR.obj</name>
      </input_file>
      <input_file id="fl-4">
         <path>.\</path>
         <kind>object</kind>
         <file>F2837xD_GlobalVariableDefs.obj</file>
         <name>F2837xD_GlobalVariableDefs.obj</name>
      </input_file>
      <input_file id="fl-5">
         <path>.\</path>
         <kind>object</kind>
         <file>F2837xD_Gpio.obj</file>
         <name>F2837xD_Gpio.obj</name>
      </input_file>
      <input_file id="fl-6">
         <path>.\</path>
         <kind>object</kind>
         <file>F2837xD_PieCtrl.obj</file>
         <name>F2837xD_PieCtrl.obj</name>
      </input_file>
      <input_file id="fl-7">
         <path>.\</path>
         <kind>object</kind>
         <file>F2837xD_PieVect.obj</file>
         <name>F2837xD_PieVect.obj</name>
      </input_file>
      <input_file id="fl-8">
         <path>.\</path>
         <kind>object</kind>
         <file>F2837xD_SysCtrl.obj</file>
         <name>F2837xD_SysCtrl.obj</name>
      </input_file>
      <input_file id="fl-9">
         <path>.\</path>
         <kind>object</kind>
         <file>F2837xD_usDelay.obj</file>
         <name>F2837xD_usDelay.obj</name>
      </input_file>
      <input_file id="fl-a">
         <path>.\</path>
         <kind>object</kind>
         <file>main.obj</file>
         <name>main.obj</name>
      </input_file>
      <input_file id="fl-b">
         <path>.\device\</path>
         <kind>object</kind>
         <file>device.obj</file>
         <name>device.obj</name>
      </input_file>
      <input_file id="fl-11">
         <kind>object</kind>
         <file>&lt;internal&gt;</file>
         <name>&lt;internal&gt;</name>
      </input_file>
      <input_file id="fl-15">
         <path>C:\ti\c2000\C2000Ware_5_01_00_00\driverlib\f2837xd\driverlib\ccs\Debug\</path>
         <kind>archive</kind>
         <file>driverlib_coff.lib</file>
         <name>adc.obj</name>
      </input_file>
      <input_file id="fl-16">
         <path>C:\ti\c2000\C2000Ware_5_01_00_00\driverlib\f2837xd\driverlib\ccs\Debug\</path>
         <kind>archive</kind>
         <file>driverlib_coff.lib</file>
         <name>flash.obj</name>
      </input_file>
      <input_file id="fl-17">
         <path>C:\ti\c2000\C2000Ware_5_01_00_00\driverlib\f2837xd\driverlib\ccs\Debug\</path>
         <kind>archive</kind>
         <file>driverlib_coff.lib</file>
         <name>gpio.obj</name>
      </input_file>
      <input_file id="fl-18">
         <path>C:\ti\c2000\C2000Ware_5_01_00_00\driverlib\f2837xd\driverlib\ccs\Debug\</path>
         <kind>archive</kind>
         <file>driverlib_coff.lib</file>
         <name>sysctl.obj</name>
      </input_file>
      <input_file id="fl-24">
         <path>C:\ti\ccs1250\ccs\tools\compiler\ti-cgt-c2000_22.6.1.LTS\lib\</path>
         <kind>archive</kind>
         <file>rts2800_fpu32.lib</file>
         <name>boot28.asm.obj</name>
      </input_file>
      <input_file id="fl-25">
         <path>C:\ti\ccs1250\ccs\tools\compiler\ti-cgt-c2000_22.6.1.LTS\lib\</path>
         <kind>archive</kind>
         <file>rts2800_fpu32.lib</file>
         <name>fs_div28.asm.obj</name>
      </input_file>
      <input_file id="fl-26">
         <path>C:\ti\ccs1250\ccs\tools\compiler\ti-cgt-c2000_22.6.1.LTS\lib\</path>
         <kind>archive</kind>
         <file>rts2800_fpu32.lib</file>
         <name>ll_div28.asm.obj</name>
      </input_file>
      <input_file id="fl-27">
         <path>C:\ti\ccs1250\ccs\tools\compiler\ti-cgt-c2000_22.6.1.LTS\lib\</path>
         <kind>archive</kind>
         <file>rts2800_fpu32.lib</file>
         <name>u_div28.asm.obj</name>
      </input_file>
      <input_file id="fl-28">
         <path>C:\ti\ccs1250\ccs\tools\compiler\ti-cgt-c2000_22.6.1.LTS\lib\</path>
         <kind>archive</kind>
         <file>rts2800_fpu32.lib</file>
         <name>fs_tollfpu32.asm.obj</name>
      </input_file>
      <input_file id="fl-29">
         <path>C:\ti\ccs1250\ccs\tools\compiler\ti-cgt-c2000_22.6.1.LTS\lib\</path>
         <kind>archive</kind>
         <file>rts2800_fpu32.lib</file>
         <name>ll_tofsfpu32.asm.obj</name>
      </input_file>
      <input_file id="fl-2a">
         <path>C:\ti\ccs1250\ccs\tools\compiler\ti-cgt-c2000_22.6.1.LTS\lib\</path>
         <kind>archive</kind>
         <file>rts2800_fpu32.lib</file>
         <name>cpy_tbl.c.obj</name>
      </input_file>
      <input_file id="fl-2b">
         <path>C:\ti\ccs1250\ccs\tools\compiler\ti-cgt-c2000_22.6.1.LTS\lib\</path>
         <kind>archive</kind>
         <file>rts2800_fpu32.lib</file>
         <name>memcpy.c.obj</name>
      </input_file>
      <input_file id="fl-2c">
         <path>C:\ti\ccs1250\ccs\tools\compiler\ti-cgt-c2000_22.6.1.LTS\lib\</path>
         <kind>archive</kind>
         <file>rts2800_fpu32.lib</file>
         <name>pre_init.c.obj</name>
      </input_file>
      <input_file id="fl-2d">
         <path>C:\ti\ccs1250\ccs\tools\compiler\ti-cgt-c2000_22.6.1.LTS\lib\</path>
         <kind>archive</kind>
         <file>rts2800_fpu32.lib</file>
         <name>startup.c.obj</name>
      </input_file>
      <input_file id="fl-2e">
         <path>C:\ti\ccs1250\ccs\tools\compiler\ti-cgt-c2000_22.6.1.LTS\lib\</path>
         <kind>archive</kind>
         <file>rts2800_fpu32.lib</file>
         <name>exit.c.obj</name>
      </input_file>
      <input_file id="fl-2f">
         <path>C:\ti\ccs1250\ccs\tools\compiler\ti-cgt-c2000_22.6.1.LTS\lib\</path>
         <kind>archive</kind>
         <file>rts2800_fpu32.lib</file>
         <name>_lock.c.obj</name>
      </input_file>
      <input_file id="fl-30">
         <path>C:\ti\ccs1250\ccs\tools\compiler\ti-cgt-c2000_22.6.1.LTS\lib\</path>
         <kind>archive</kind>
         <file>rts2800_fpu32.lib</file>
         <name>args_main.c.obj</name>
      </input_file>
   </input_file_list>
   <object_component_list>
      <object_component id="oc-12a">
         <name>.cinit</name>
         <load_address>0x82000</load_address>
         <run_address>0x82000</run_address>
         <size>0x22d</size>
         <input_file_ref idref="fl-a"/>
      </object_component>
      <object_component id="oc-19f">
         <name>.cinit:_avg</name>
         <load_address>0x8222d</load_address>
         <run_address>0x8222d</run_address>
         <size>0x1b</size>
         <input_file_ref idref="fl-a"/>
      </object_component>
      <object_component id="oc-19d">
         <name>.cinit:_off</name>
         <load_address>0x82248</load_address>
         <run_address>0x82248</run_address>
         <size>0xf</size>
         <input_file_ref idref="fl-a"/>
      </object_component>
      <object_component id="oc-132">
         <name>.cinit</name>
         <load_address>0x82257</load_address>
         <run_address>0x82257</run_address>
         <size>0xf</size>
         <input_file_ref idref="fl-b"/>
      </object_component>
      <object_component id="oc-186">
         <name>.cinit</name>
         <load_address>0x82266</load_address>
         <run_address>0x82266</run_address>
         <size>0xe</size>
         <input_file_ref idref="fl-2e"/>
      </object_component>
      <object_component id="oc-f9">
         <name>.cinit:_EPWM_PTR</name>
         <load_address>0x82274</load_address>
         <run_address>0x82274</run_address>
         <size>0xb</size>
         <input_file_ref idref="fl-a"/>
      </object_component>
      <object_component id="oc-1a6">
         <name>.cinit:__lock</name>
         <load_address>0x8227f</load_address>
         <run_address>0x8227f</run_address>
         <size>0x5</size>
         <input_file_ref idref="fl-2f"/>
      </object_component>
      <object_component id="oc-1b3">
         <name>.cinit:__unlock</name>
         <load_address>0x82284</load_address>
         <run_address>0x82284</run_address>
         <size>0x5</size>
         <input_file_ref idref="fl-2f"/>
      </object_component>
      <object_component id="oc-12c">
         <name>.text:retain</name>
         <load_address>0x822c0</load_address>
         <run_address>0x822c0</run_address>
         <size>0x949</size>
         <input_file_ref idref="fl-a"/>
      </object_component>
      <object_component id="oc-1a0">
         <name>.text</name>
         <load_address>0x82c09</load_address>
         <run_address>0x82c09</run_address>
         <size>0x8e6</size>
         <input_file_ref idref="fl-a"/>
      </object_component>
      <object_component id="oc-9d">
         <name>.text:retain</name>
         <load_address>0x834ef</load_address>
         <run_address>0x834ef</run_address>
         <size>0x585</size>
         <input_file_ref idref="fl-3"/>
      </object_component>
      <object_component id="oc-1ae">
         <name>.text</name>
         <load_address>0x83a74</load_address>
         <run_address>0x83a74</run_address>
         <size>0x4b3</size>
         <input_file_ref idref="fl-8"/>
      </object_component>
      <object_component id="oc-1d3">
         <name>.text:_SysCtl_selectXTAL</name>
         <load_address>0x83f27</load_address>
         <run_address>0x83f27</run_address>
         <size>0x8a</size>
         <input_file_ref idref="fl-18"/>
      </object_component>
      <object_component id="oc-1d0">
         <name>.text:_SysCtl_selectOscSource</name>
         <load_address>0x83fb1</load_address>
         <run_address>0x83fb1</run_address>
         <size>0x48</size>
         <input_file_ref idref="fl-18"/>
      </object_component>
      <object_component id="oc-1db">
         <name>.text:_SysCtl_resetMCD</name>
         <load_address>0x83ff9</load_address>
         <run_address>0x83ff9</run_address>
         <size>0x7</size>
         <input_file_ref idref="fl-18"/>
      </object_component>
      <object_component id="oc-1b5">
         <name>.text</name>
         <load_address>0x84000</load_address>
         <run_address>0x84000</run_address>
         <size>0x3f9</size>
         <input_file_ref idref="fl-b"/>
      </object_component>
      <object_component id="oc-1af">
         <name>.text</name>
         <load_address>0x843f9</load_address>
         <run_address>0x843f9</run_address>
         <size>0x244</size>
         <input_file_ref idref="fl-5"/>
      </object_component>
      <object_component id="oc-1bd">
         <name>.text:_SysCtl_setClock</name>
         <load_address>0x8463d</load_address>
         <run_address>0x8463d</run_address>
         <size>0x206</size>
         <input_file_ref idref="fl-18"/>
      </object_component>
      <object_component id="oc-15d">
         <name>.text</name>
         <load_address>0x84843</load_address>
         <run_address>0x84843</run_address>
         <size>0x107</size>
         <input_file_ref idref="fl-26"/>
      </object_component>
      <object_component id="oc-158">
         <name>.text</name>
         <load_address>0x8494a</load_address>
         <run_address>0x8494a</run_address>
         <size>0x88</size>
         <input_file_ref idref="fl-25"/>
      </object_component>
      <object_component id="oc-1b6">
         <name>.text:_ADC_setINLTrim</name>
         <load_address>0x849d2</load_address>
         <run_address>0x849d2</run_address>
         <size>0x6f</size>
         <input_file_ref idref="fl-15"/>
      </object_component>
      <object_component id="oc-1bc">
         <name>.text:_SysCtl_getDeviceParametric</name>
         <load_address>0x84a41</load_address>
         <run_address>0x84a41</run_address>
         <size>0x68</size>
         <input_file_ref idref="fl-18"/>
      </object_component>
      <object_component id="oc-1b7">
         <name>.text:_ADC_setOffsetTrim</name>
         <load_address>0x84aa9</load_address>
         <run_address>0x84aa9</run_address>
         <size>0x60</size>
         <input_file_ref idref="fl-15"/>
      </object_component>
      <object_component id="oc-95">
         <name>.text</name>
         <load_address>0x84b09</load_address>
         <run_address>0x84b09</run_address>
         <size>0x56</size>
         <input_file_ref idref="fl-24"/>
      </object_component>
      <object_component id="oc-1be">
         <name>.text:_SysCtl_getClock</name>
         <load_address>0x84b5f</load_address>
         <run_address>0x84b5f</run_address>
         <size>0x51</size>
         <input_file_ref idref="fl-18"/>
      </object_component>
      <object_component id="oc-1c3">
         <name>.text:_GPIO_setControllerCore</name>
         <load_address>0x84bb0</load_address>
         <run_address>0x84bb0</run_address>
         <size>0x37</size>
         <input_file_ref idref="fl-17"/>
      </object_component>
      <object_component id="oc-1c2">
         <name>.text:_GPIO_setPinConfig</name>
         <load_address>0x84be7</load_address>
         <run_address>0x84be7</run_address>
         <size>0x37</size>
         <input_file_ref idref="fl-17"/>
      </object_component>
      <object_component id="oc-1c1">
         <name>.text:_GPIO_setQualificationMode</name>
         <load_address>0x84c1e</load_address>
         <run_address>0x84c1e</run_address>
         <size>0x37</size>
         <input_file_ref idref="fl-17"/>
      </object_component>
      <object_component id="oc-1c0">
         <name>.text:_GPIO_setDirectionMode</name>
         <load_address>0x84c55</load_address>
         <run_address>0x84c55</run_address>
         <size>0x31</size>
         <input_file_ref idref="fl-17"/>
      </object_component>
      <object_component id="oc-1a7">
         <name>.text:_ADC_setMode</name>
         <load_address>0x84c86</load_address>
         <run_address>0x84c86</run_address>
         <size>0x2f</size>
         <input_file_ref idref="fl-15"/>
      </object_component>
      <object_component id="oc-19a">
         <name>.text</name>
         <load_address>0x84cb5</load_address>
         <run_address>0x84cb5</run_address>
         <size>0x29</size>
         <input_file_ref idref="fl-2e"/>
      </object_component>
      <object_component id="oc-1b0">
         <name>.text</name>
         <load_address>0x84cde</load_address>
         <run_address>0x84cde</run_address>
         <size>0x28</size>
         <input_file_ref idref="fl-6"/>
      </object_component>
      <object_component id="oc-1b1">
         <name>.text</name>
         <load_address>0x84d06</load_address>
         <run_address>0x84d06</run_address>
         <size>0x26</size>
         <input_file_ref idref="fl-7"/>
      </object_component>
      <object_component id="oc-1c6">
         <name>.text:_Flash_setBankPowerUpDelay</name>
         <load_address>0x84d2c</load_address>
         <run_address>0x84d2c</run_address>
         <size>0x26</size>
         <input_file_ref idref="fl-16"/>
      </object_component>
      <object_component id="oc-167">
         <name>.text</name>
         <load_address>0x84d52</load_address>
         <run_address>0x84d52</run_address>
         <size>0x26</size>
         <input_file_ref idref="fl-28"/>
      </object_component>
      <object_component id="oc-197">
         <name>.text</name>
         <load_address>0x84d78</load_address>
         <run_address>0x84d78</run_address>
         <size>0x24</size>
         <input_file_ref idref="fl-2a"/>
      </object_component>
      <object_component id="oc-1d7">
         <name>.text:_CPUTimer_selectClockSource</name>
         <load_address>0x84d9c</load_address>
         <run_address>0x84d9c</run_address>
         <size>0x21</size>
         <input_file_ref idref="fl-18"/>
      </object_component>
      <object_component id="oc-16c">
         <name>.text</name>
         <load_address>0x84dbd</load_address>
         <run_address>0x84dbd</run_address>
         <size>0x20</size>
         <input_file_ref idref="fl-29"/>
      </object_component>
      <object_component id="oc-1dd">
         <name>.text:_CPUTimer_getTimerOverflowStatus</name>
         <load_address>0x84ddd</load_address>
         <run_address>0x84ddd</run_address>
         <size>0x1f</size>
         <input_file_ref idref="fl-18"/>
      </object_component>
      <object_component id="oc-1a4">
         <name>.text</name>
         <load_address>0x84dfc</load_address>
         <run_address>0x84dfc</run_address>
         <size>0x1d</size>
         <input_file_ref idref="fl-2b"/>
      </object_component>
      <object_component id="oc-1b4">
         <name>.text:_ADC_isBaseValid</name>
         <load_address>0x84e19</load_address>
         <run_address>0x84e19</run_address>
         <size>0x1b</size>
         <input_file_ref idref="fl-15"/>
      </object_component>
      <object_component id="oc-1d9">
         <name>.text:_CPUTimer_startTimer</name>
         <load_address>0x84e34</load_address>
         <run_address>0x84e34</run_address>
         <size>0x1a</size>
         <input_file_ref idref="fl-18"/>
      </object_component>
      <object_component id="oc-1bf">
         <name>.text:_SysCtl_getLowSpeedClock</name>
         <load_address>0x84e4e</load_address>
         <run_address>0x84e4e</run_address>
         <size>0x1a</size>
         <input_file_ref idref="fl-18"/>
      </object_component>
      <object_component id="oc-1dc">
         <name>.text:_CPUTimer_isBaseValid</name>
         <load_address>0x84e68</load_address>
         <run_address>0x84e68</run_address>
         <size>0x17</size>
         <input_file_ref idref="fl-18"/>
      </object_component>
      <object_component id="oc-1d5">
         <name>.text:_CPUTimer_stopTimer</name>
         <load_address>0x84e7f</load_address>
         <run_address>0x84e7f</run_address>
         <size>0x14</size>
         <input_file_ref idref="fl-18"/>
      </object_component>
      <object_component id="oc-1d8">
         <name>.text:_CPUTimer_clearOverflowFlag</name>
         <load_address>0x84e93</load_address>
         <run_address>0x84e93</run_address>
         <size>0x12</size>
         <input_file_ref idref="fl-18"/>
      </object_component>
      <object_component id="oc-1d4">
         <name>.text:_CPUTimer_disableInterrupt</name>
         <load_address>0x84ea5</load_address>
         <run_address>0x84ea5</run_address>
         <size>0x12</size>
         <input_file_ref idref="fl-18"/>
      </object_component>
      <object_component id="oc-199">
         <name>.text</name>
         <load_address>0x84eb7</load_address>
         <run_address>0x84eb7</run_address>
         <size>0x12</size>
         <input_file_ref idref="fl-30"/>
      </object_component>
      <object_component id="oc-1d6">
         <name>.text:_CPUTimer_setPeriod</name>
         <load_address>0x84ec9</load_address>
         <run_address>0x84ec9</run_address>
         <size>0x11</size>
         <input_file_ref idref="fl-18"/>
      </object_component>
      <object_component id="oc-1c4">
         <name>.text:_Flash_isCtrlBaseValid</name>
         <load_address>0x84eda</load_address>
         <run_address>0x84eda</run_address>
         <size>0x10</size>
         <input_file_ref idref="fl-16"/>
      </object_component>
      <object_component id="oc-1c5">
         <name>.text:_Flash_isECCBaseValid</name>
         <load_address>0x84eea</load_address>
         <run_address>0x84eea</run_address>
         <size>0x10</size>
         <input_file_ref idref="fl-16"/>
      </object_component>
      <object_component id="oc-1da">
         <name>.text:_SysCtl_pollCpuTimer</name>
         <load_address>0x84efa</load_address>
         <run_address>0x84efa</run_address>
         <size>0xf</size>
         <input_file_ref idref="fl-18"/>
      </object_component>
      <object_component id="oc-1d2">
         <name>.text:_GPIO_isPinValid</name>
         <load_address>0x84f09</load_address>
         <run_address>0x84f09</run_address>
         <size>0xe</size>
         <input_file_ref idref="fl-17"/>
      </object_component>
      <object_component id="oc-1cf">
         <name>.text:_SysCtl_isMCDClockFailureDetected</name>
         <load_address>0x84f17</load_address>
         <run_address>0x84f17</run_address>
         <size>0xb</size>
         <input_file_ref idref="fl-18"/>
      </object_component>
      <object_component id="oc-162">
         <name>.text</name>
         <load_address>0x84f22</load_address>
         <run_address>0x84f22</run_address>
         <size>0xb</size>
         <input_file_ref idref="fl-27"/>
      </object_component>
      <object_component id="oc-1d1">
         <name>.text:_SysCtl_serviceWatchdog</name>
         <load_address>0x84f2d</load_address>
         <run_address>0x84f2d</run_address>
         <size>0x9</size>
         <input_file_ref idref="fl-18"/>
      </object_component>
      <object_component id="oc-1b2">
         <name>.text</name>
         <load_address>0x84f36</load_address>
         <run_address>0x84f36</run_address>
         <size>0x9</size>
         <input_file_ref idref="fl-2f"/>
      </object_component>
      <object_component id="oc-96">
         <name>.text</name>
         <load_address>0x84f3f</load_address>
         <run_address>0x84f3f</run_address>
         <size>0x8</size>
         <input_file_ref idref="fl-2"/>
      </object_component>
      <object_component id="oc-196">
         <name>.text</name>
         <load_address>0x84f47</load_address>
         <run_address>0x84f47</run_address>
         <size>0x2</size>
         <input_file_ref idref="fl-2c"/>
      </object_component>
      <object_component id="oc-198">
         <name>.text</name>
         <load_address>0x84f49</load_address>
         <run_address>0x84f49</run_address>
         <size>0x1</size>
         <input_file_ref idref="fl-2d"/>
      </object_component>
      <object_component id="oc-97">
         <name>codestart</name>
         <load_address>0x80000</load_address>
         <run_address>0x80000</run_address>
         <size>0x2</size>
         <input_file_ref idref="fl-2"/>
      </object_component>
      <object_component id="oc-152">
         <name>.stack</name>
         <uninitialized>true</uninitialized>
         <run_address>0x400</run_address>
         <size>0x0</size>
         <input_file_ref idref="fl-24"/>
      </object_component>
      <object_component id="oc-278">
         <name>.stack</name>
         <uninitialized>true</uninitialized>
         <run_address>0x400</run_address>
         <size>0x0</size>
      </object_component>
      <object_component id="oc-1a2">
         <name>.switch:_adcb1_isr</name>
         <load_address>0x82290</load_address>
         <run_address>0x82290</run_address>
         <size>0x2a</size>
         <input_file_ref idref="fl-a"/>
      </object_component>
      <object_component id="oc-153">
         <name>.reset</name>
         <load_address>0x3fffc0</load_address>
         <run_address>0x3fffc0</run_address>
         <size>0x2</size>
         <input_file_ref idref="fl-24"/>
      </object_component>
      <object_component id="oc-1a3">
         <name>.ebss:_plot</name>
         <uninitialized>true</uninitialized>
         <run_address>0xa800</run_address>
         <size>0x320</size>
         <input_file_ref idref="fl-a"/>
      </object_component>
      <object_component id="oc-19e">
         <name>.ebss:_avg</name>
         <uninitialized>true</uninitialized>
         <run_address>0xab20</run_address>
         <size>0x18</size>
         <input_file_ref idref="fl-a"/>
      </object_component>
      <object_component id="oc-19b">
         <name>.ebss:_EPWM_PTR</name>
         <uninitialized>true</uninitialized>
         <run_address>0xab38</run_address>
         <size>0x8</size>
         <input_file_ref idref="fl-a"/>
      </object_component>
      <object_component id="oc-12b">
         <name>.ebss</name>
         <uninitialized>true</uninitialized>
         <run_address>0xab40</run_address>
         <size>0x1b4</size>
         <input_file_ref idref="fl-a"/>
      </object_component>
      <object_component id="oc-19c">
         <name>.ebss:_off</name>
         <uninitialized>true</uninitialized>
         <run_address>0xacf4</run_address>
         <size>0xc</size>
         <input_file_ref idref="fl-a"/>
      </object_component>
      <object_component id="oc-133">
         <name>.ebss</name>
         <uninitialized>true</uninitialized>
         <run_address>0xad00</run_address>
         <size>0x6</size>
         <input_file_ref idref="fl-b"/>
      </object_component>
      <object_component id="oc-187">
         <name>.ebss</name>
         <uninitialized>true</uninitialized>
         <run_address>0xad06</run_address>
         <size>0x6</size>
         <input_file_ref idref="fl-2e"/>
      </object_component>
      <object_component id="oc-1a5">
         <name>.ebss:__lock</name>
         <uninitialized>true</uninitialized>
         <run_address>0xad0c</run_address>
         <size>0x2</size>
         <input_file_ref idref="fl-2f"/>
      </object_component>
      <object_component id="oc-1ba">
         <name>.ebss:__unlock</name>
         <uninitialized>true</uninitialized>
         <run_address>0xad0e</run_address>
         <size>0x2</size>
         <input_file_ref idref="fl-2f"/>
      </object_component>
      <object_component id="oc-1b9">
         <name>.econst:_PieVectTableInit</name>
         <load_address>0x90000</load_address>
         <run_address>0x90000</run_address>
         <size>0x1c0</size>
         <input_file_ref idref="fl-7"/>
      </object_component>
      <object_component id="oc-14d">
         <name>.econst:.string</name>
         <load_address>0x901c0</load_address>
         <run_address>0x901c0</run_address>
         <size>0xc2</size>
         <input_file_ref idref="fl-18"/>
      </object_component>
      <object_component id="oc-140">
         <name>.econst:.string</name>
         <load_address>0x90282</load_address>
         <run_address>0x90282</run_address>
         <size>0xbf</size>
         <input_file_ref idref="fl-16"/>
      </object_component>
      <object_component id="oc-146">
         <name>.econst:.string</name>
         <load_address>0x90342</load_address>
         <run_address>0x90342</run_address>
         <size>0xbc</size>
         <input_file_ref idref="fl-17"/>
      </object_component>
      <object_component id="oc-13a">
         <name>.econst:.string</name>
         <load_address>0x903fe</load_address>
         <run_address>0x903fe</run_address>
         <size>0x5d</size>
         <input_file_ref idref="fl-15"/>
      </object_component>
      <object_component id="oc-134">
         <name>.econst:.string</name>
         <load_address>0x9045c</load_address>
         <run_address>0x9045c</run_address>
         <size>0x13</size>
         <input_file_ref idref="fl-b"/>
      </object_component>
      <object_component id="oc-1a8">
         <name>.econst:_Dz_coefficient</name>
         <load_address>0x90470</load_address>
         <run_address>0x90470</run_address>
         <size>0xa</size>
         <input_file_ref idref="fl-a"/>
      </object_component>
      <object_component id="oc-1a1">
         <name>.econst:_PR_COEFF</name>
         <load_address>0x9047a</load_address>
         <run_address>0x9047a</run_address>
         <size>0xa</size>
         <input_file_ref idref="fl-a"/>
      </object_component>
      <object_component id="oc-1a9">
         <name>.econst:_Qz_coefficient</name>
         <load_address>0x90484</load_address>
         <run_address>0x90484</run_address>
         <size>0xa</size>
         <input_file_ref idref="fl-a"/>
      </object_component>
      <object_component id="oc-1ac">
         <name>.econst:_W0_2LP_COEFFICIENT</name>
         <load_address>0x9048e</load_address>
         <run_address>0x9048e</run_address>
         <size>0xa</size>
         <input_file_ref idref="fl-a"/>
      </object_component>
      <object_component id="oc-1aa">
         <name>.econst:_DQ_LP_COEFFICIENT</name>
         <load_address>0x90498</load_address>
         <run_address>0x90498</run_address>
         <size>0x6</size>
         <input_file_ref idref="fl-a"/>
      </object_component>
      <object_component id="oc-1ad">
         <name>.econst:_IN_MOD_2PI_COEFFICIENT</name>
         <load_address>0x9049e</load_address>
         <run_address>0x9049e</run_address>
         <size>0x6</size>
         <input_file_ref idref="fl-a"/>
      </object_component>
      <object_component id="oc-1ab">
         <name>.econst:_PI_COEFFICENT</name>
         <load_address>0x904a4</load_address>
         <run_address>0x904a4</run_address>
         <size>0x6</size>
         <input_file_ref idref="fl-a"/>
      </object_component>
      <object_component id="oc-1bb">
         <name>.TI.ramfunc:_Flash_initModule</name>
         <load_address>0x86000</load_address>
         <run_address>0x8000</run_address>
         <size>0x43</size>
         <input_file_ref idref="fl-16"/>
      </object_component>
      <object_component id="oc-1b8">
         <name>.TI.ramfunc</name>
         <load_address>0x86043</load_address>
         <run_address>0x8043</run_address>
         <size>0x37</size>
         <input_file_ref idref="fl-8"/>
      </object_component>
      <object_component id="oc-1c7">
         <name>.TI.ramfunc:_Flash_setBankPowerMode</name>
         <load_address>0x8607a</load_address>
         <run_address>0x807a</run_address>
         <size>0x2c</size>
         <input_file_ref idref="fl-16"/>
      </object_component>
      <object_component id="oc-1cb">
         <name>.TI.ramfunc:_Flash_setWaitstates</name>
         <load_address>0x860a6</load_address>
         <run_address>0x80a6</run_address>
         <size>0x24</size>
         <input_file_ref idref="fl-16"/>
      </object_component>
      <object_component id="oc-1c8">
         <name>.TI.ramfunc:_Flash_setPumpPowerMode</name>
         <load_address>0x860ca</load_address>
         <run_address>0x80ca</run_address>
         <size>0x1d</size>
         <input_file_ref idref="fl-16"/>
      </object_component>
      <object_component id="oc-1c9">
         <name>.TI.ramfunc:_Flash_disableCache</name>
         <load_address>0x860e7</load_address>
         <run_address>0x80e7</run_address>
         <size>0x18</size>
         <input_file_ref idref="fl-16"/>
      </object_component>
      <object_component id="oc-1ca">
         <name>.TI.ramfunc:_Flash_disablePrefetch</name>
         <load_address>0x860ff</load_address>
         <run_address>0x80ff</run_address>
         <size>0x18</size>
         <input_file_ref idref="fl-16"/>
      </object_component>
      <object_component id="oc-1cc">
         <name>.TI.ramfunc:_Flash_enableCache</name>
         <load_address>0x86117</load_address>
         <run_address>0x8117</run_address>
         <size>0x17</size>
         <input_file_ref idref="fl-16"/>
      </object_component>
      <object_component id="oc-1cd">
         <name>.TI.ramfunc:_Flash_enablePrefetch</name>
         <load_address>0x8612e</load_address>
         <run_address>0x812e</run_address>
         <size>0x17</size>
         <input_file_ref idref="fl-16"/>
      </object_component>
      <object_component id="oc-1ce">
         <name>.TI.ramfunc:_Flash_enableECC</name>
         <load_address>0x86145</load_address>
         <run_address>0x8145</run_address>
         <size>0x16</size>
         <input_file_ref idref="fl-16"/>
      </object_component>
      <object_component id="oc-124">
         <name>.TI.ramfunc</name>
         <load_address>0x8615b</load_address>
         <run_address>0x815b</run_address>
         <size>0x4</size>
         <input_file_ref idref="fl-9"/>
      </object_component>
      <object_component id="oc-14c">
         <name>.TI.ramfunc</name>
         <load_address>0x8615f</load_address>
         <run_address>0x815f</run_address>
         <size>0x4</size>
         <input_file_ref idref="fl-18"/>
      </object_component>
      <object_component id="oc-10e">
         <name>PieVectTableFile</name>
         <uninitialized>true</uninitialized>
         <run_address>0xd00</run_address>
         <size>0x1c0</size>
         <input_file_ref idref="fl-4"/>
      </object_component>
      <object_component id="oc-dd">
         <name>AccessProtectionRegsFile</name>
         <uninitialized>true</uninitialized>
         <run_address>0x5f4c0</run_address>
         <size>0x2e</size>
         <input_file_ref idref="fl-4"/>
      </object_component>
      <object_component id="oc-f2">
         <name>AdcaRegsFile</name>
         <uninitialized>true</uninitialized>
         <run_address>0x7400</run_address>
         <size>0x7c</size>
         <input_file_ref idref="fl-4"/>
      </object_component>
      <object_component id="oc-f3">
         <name>AdcbRegsFile</name>
         <uninitialized>true</uninitialized>
         <run_address>0x7480</run_address>
         <size>0x7c</size>
         <input_file_ref idref="fl-4"/>
      </object_component>
      <object_component id="oc-f4">
         <name>AdccRegsFile</name>
         <uninitialized>true</uninitialized>
         <run_address>0x7500</run_address>
         <size>0x7c</size>
         <input_file_ref idref="fl-4"/>
      </object_component>
      <object_component id="oc-f5">
         <name>AdcdRegsFile</name>
         <uninitialized>true</uninitialized>
         <run_address>0x7580</run_address>
         <size>0x7c</size>
         <input_file_ref idref="fl-4"/>
      </object_component>
      <object_component id="oc-ba">
         <name>AdcaResultRegsFile</name>
         <uninitialized>true</uninitialized>
         <run_address>0xb00</run_address>
         <size>0x18</size>
         <input_file_ref idref="fl-4"/>
      </object_component>
      <object_component id="oc-bb">
         <name>AdcbResultRegsFile</name>
         <uninitialized>true</uninitialized>
         <run_address>0xb20</run_address>
         <size>0x18</size>
         <input_file_ref idref="fl-4"/>
      </object_component>
      <object_component id="oc-bc">
         <name>AdccResultRegsFile</name>
         <uninitialized>true</uninitialized>
         <run_address>0xb40</run_address>
         <size>0x18</size>
         <input_file_ref idref="fl-4"/>
      </object_component>
      <object_component id="oc-bd">
         <name>AdcdResultRegsFile</name>
         <uninitialized>true</uninitialized>
         <run_address>0xb60</run_address>
         <size>0x18</size>
         <input_file_ref idref="fl-4"/>
      </object_component>
      <object_component id="oc-e1">
         <name>AnalogSubsysRegsFile</name>
         <uninitialized>true</uninitialized>
         <run_address>0x5d180</run_address>
         <size>0x3e</size>
         <input_file_ref idref="fl-4"/>
      </object_component>
      <object_component id="oc-10a">
         <name>CanaRegsFile</name>
         <uninitialized>true</uninitialized>
         <run_address>0x48000</run_address>
         <size>0x164</size>
         <input_file_ref idref="fl-4"/>
      </object_component>
      <object_component id="oc-10b">
         <name>CanbRegsFile</name>
         <uninitialized>true</uninitialized>
         <run_address>0x4a000</run_address>
         <size>0x164</size>
         <input_file_ref idref="fl-4"/>
      </object_component>
      <object_component id="oc-e2">
         <name>Cla1RegsFile</name>
         <uninitialized>true</uninitialized>
         <run_address>0x1400</run_address>
         <size>0x3e</size>
         <input_file_ref idref="fl-4"/>
      </object_component>
      <object_component id="oc-105">
         <name>Clb1DataExchRegsFile</name>
         <uninitialized>true</uninitialized>
         <run_address>0x3200</run_address>
         <size>0x108</size>
         <input_file_ref idref="fl-4"/>
      </object_component>
      <object_component id="oc-106">
         <name>Clb2DataExchRegsFile</name>
         <uninitialized>true</uninitialized>
         <run_address>0x3600</run_address>
         <size>0x108</size>
         <input_file_ref idref="fl-4"/>
      </object_component>
      <object_component id="oc-107">
         <name>Clb3DataExchRegsFile</name>
         <uninitialized>true</uninitialized>
         <run_address>0x3a00</run_address>
         <size>0x108</size>
         <input_file_ref idref="fl-4"/>
      </object_component>
      <object_component id="oc-108">
         <name>Clb4DataExchRegsFile</name>
         <uninitialized>true</uninitialized>
         <run_address>0x3e00</run_address>
         <size>0x108</size>
         <input_file_ref idref="fl-4"/>
      </object_component>
      <object_component id="oc-e3">
         <name>Clb1LogicCfgRegsFile</name>
         <uninitialized>true</uninitialized>
         <run_address>0x3000</run_address>
         <size>0x3e</size>
         <input_file_ref idref="fl-4"/>
      </object_component>
      <object_component id="oc-e4">
         <name>Clb2LogicCfgRegsFile</name>
         <uninitialized>true</uninitialized>
         <run_address>0x3400</run_address>
         <size>0x3e</size>
         <input_file_ref idref="fl-4"/>
      </object_component>
      <object_component id="oc-e5">
         <name>Clb3LogicCfgRegsFile</name>
         <uninitialized>true</uninitialized>
         <run_address>0x3800</run_address>
         <size>0x3e</size>
         <input_file_ref idref="fl-4"/>
      </object_component>
      <object_component id="oc-e6">
         <name>Clb4LogicCfgRegsFile</name>
         <uninitialized>true</uninitialized>
         <run_address>0x3c00</run_address>
         <size>0x3e</size>
         <input_file_ref idref="fl-4"/>
      </object_component>
      <object_component id="oc-e7">
         <name>Clb1LogicCtrlRegsFile</name>
         <uninitialized>true</uninitialized>
         <run_address>0x3100</run_address>
         <size>0x40</size>
         <input_file_ref idref="fl-4"/>
      </object_component>
      <object_component id="oc-e8">
         <name>Clb2LogicCtrlRegsFile</name>
         <uninitialized>true</uninitialized>
         <run_address>0x3500</run_address>
         <size>0x40</size>
         <input_file_ref idref="fl-4"/>
      </object_component>
      <object_component id="oc-e9">
         <name>Clb3LogicCtrlRegsFile</name>
         <uninitialized>true</uninitialized>
         <run_address>0x3900</run_address>
         <size>0x40</size>
         <input_file_ref idref="fl-4"/>
      </object_component>
      <object_component id="oc-ea">
         <name>Clb4LogicCtrlRegsFile</name>
         <uninitialized>true</uninitialized>
         <run_address>0x3d00</run_address>
         <size>0x40</size>
         <input_file_ref idref="fl-4"/>
      </object_component>
      <object_component id="oc-eb">
         <name>ClbXbarRegsFile</name>
         <uninitialized>true</uninitialized>
         <run_address>0x7a40</run_address>
         <size>0x40</size>
         <input_file_ref idref="fl-4"/>
      </object_component>
      <object_component id="oc-df">
         <name>ClkCfgRegsFile</name>
         <uninitialized>true</uninitialized>
         <run_address>0x5d200</run_address>
         <size>0x32</size>
         <input_file_ref idref="fl-4"/>
      </object_component>
      <object_component id="oc-c6">
         <name>Cmpss1RegsFile</name>
         <uninitialized>true</uninitialized>
         <run_address>0x5c80</run_address>
         <size>0x1b</size>
         <input_file_ref idref="fl-4"/>
      </object_component>
      <object_component id="oc-c7">
         <name>Cmpss2RegsFile</name>
         <uninitialized>true</uninitialized>
         <run_address>0x5ca0</run_address>
         <size>0x1b</size>
         <input_file_ref idref="fl-4"/>
      </object_component>
      <object_component id="oc-c8">
         <name>Cmpss3RegsFile</name>
         <uninitialized>true</uninitialized>
         <run_address>0x5cc0</run_address>
         <size>0x1b</size>
         <input_file_ref idref="fl-4"/>
      </object_component>
      <object_component id="oc-c9">
         <name>Cmpss4RegsFile</name>
         <uninitialized>true</uninitialized>
         <run_address>0x5ce0</run_address>
         <size>0x1b</size>
         <input_file_ref idref="fl-4"/>
      </object_component>
      <object_component id="oc-ca">
         <name>Cmpss5RegsFile</name>
         <uninitialized>true</uninitialized>
         <run_address>0x5d00</run_address>
         <size>0x1b</size>
         <input_file_ref idref="fl-4"/>
      </object_component>
      <object_component id="oc-cb">
         <name>Cmpss6RegsFile</name>
         <uninitialized>true</uninitialized>
         <run_address>0x5d20</run_address>
         <size>0x1b</size>
         <input_file_ref idref="fl-4"/>
      </object_component>
      <object_component id="oc-cc">
         <name>Cmpss7RegsFile</name>
         <uninitialized>true</uninitialized>
         <run_address>0x5d40</run_address>
         <size>0x1b</size>
         <input_file_ref idref="fl-4"/>
      </object_component>
      <object_component id="oc-cd">
         <name>Cmpss8RegsFile</name>
         <uninitialized>true</uninitialized>
         <run_address>0x5d60</run_address>
         <size>0x1b</size>
         <input_file_ref idref="fl-4"/>
      </object_component>
      <object_component id="oc-ac">
         <name>CpuTimer0RegsFile</name>
         <uninitialized>true</uninitialized>
         <run_address>0xc00</run_address>
         <size>0x8</size>
         <input_file_ref idref="fl-4"/>
      </object_component>
      <object_component id="oc-ad">
         <name>CpuTimer1RegsFile</name>
         <uninitialized>true</uninitialized>
         <run_address>0xc08</run_address>
         <size>0x8</size>
         <input_file_ref idref="fl-4"/>
      </object_component>
      <object_component id="oc-ae">
         <name>CpuTimer2RegsFile</name>
         <uninitialized>true</uninitialized>
         <run_address>0xc10</run_address>
         <size>0x8</size>
         <input_file_ref idref="fl-4"/>
      </object_component>
      <object_component id="oc-f6">
         <name>CpuSysRegsFile</name>
         <uninitialized>true</uninitialized>
         <run_address>0x5d300</run_address>
         <size>0x82</size>
         <input_file_ref idref="fl-4"/>
      </object_component>
      <object_component id="oc-a8">
         <name>DacaRegsFile</name>
         <uninitialized>true</uninitialized>
         <run_address>0x5c00</run_address>
         <size>0x7</size>
         <input_file_ref idref="fl-4"/>
      </object_component>
      <object_component id="oc-a9">
         <name>DacbRegsFile</name>
         <uninitialized>true</uninitialized>
         <run_address>0x5c10</run_address>
         <size>0x7</size>
         <input_file_ref idref="fl-4"/>
      </object_component>
      <object_component id="oc-aa">
         <name>DaccRegsFile</name>
         <uninitialized>true</uninitialized>
         <run_address>0x5c20</run_address>
         <size>0x7</size>
         <input_file_ref idref="fl-4"/>
      </object_component>
      <object_component id="oc-a6">
         <name>DcsmCommonRegsFile</name>
         <uninitialized>true</uninitialized>
         <run_address>0x5f070</run_address>
         <size>0x6</size>
         <input_file_ref idref="fl-4"/>
      </object_component>
      <object_component id="oc-cf">
         <name>DcsmZ1RegsFile</name>
         <uninitialized>true</uninitialized>
         <run_address>0x5f000</run_address>
         <size>0x22</size>
         <input_file_ref idref="fl-4"/>
      </object_component>
      <object_component id="oc-d0">
         <name>DcsmZ2RegsFile</name>
         <uninitialized>true</uninitialized>
         <run_address>0x5f040</run_address>
         <size>0x22</size>
         <input_file_ref idref="fl-4"/>
      </object_component>
      <object_component id="oc-109">
         <name>DevCfgRegsFile</name>
         <uninitialized>true</uninitialized>
         <run_address>0x5d000</run_address>
         <size>0x12e</size>
         <input_file_ref idref="fl-4"/>
      </object_component>
      <object_component id="oc-be">
         <name>DmaClaSrcSelRegsFile</name>
         <uninitialized>true</uninitialized>
         <run_address>0x7980</run_address>
         <size>0x1a</size>
         <input_file_ref idref="fl-4"/>
      </object_component>
      <object_component id="oc-f7">
         <name>DmaRegsFile</name>
         <uninitialized>true</uninitialized>
         <run_address>0x1000</run_address>
         <size>0xe0</size>
         <input_file_ref idref="fl-4"/>
      </object_component>
      <object_component id="oc-bf">
         <name>ECap1RegsFile</name>
         <uninitialized>true</uninitialized>
         <run_address>0x5000</run_address>
         <size>0x1a</size>
         <input_file_ref idref="fl-4"/>
      </object_component>
      <object_component id="oc-c0">
         <name>ECap2RegsFile</name>
         <uninitialized>true</uninitialized>
         <run_address>0x5020</run_address>
         <size>0x1a</size>
         <input_file_ref idref="fl-4"/>
      </object_component>
      <object_component id="oc-c1">
         <name>ECap3RegsFile</name>
         <uninitialized>true</uninitialized>
         <run_address>0x5040</run_address>
         <size>0x1a</size>
         <input_file_ref idref="fl-4"/>
      </object_component>
      <object_component id="oc-c2">
         <name>ECap4RegsFile</name>
         <uninitialized>true</uninitialized>
         <run_address>0x5060</run_address>
         <size>0x1a</size>
         <input_file_ref idref="fl-4"/>
      </object_component>
      <object_component id="oc-c3">
         <name>ECap5RegsFile</name>
         <uninitialized>true</uninitialized>
         <run_address>0x5080</run_address>
         <size>0x1a</size>
         <input_file_ref idref="fl-4"/>
      </object_component>
      <object_component id="oc-c4">
         <name>ECap6RegsFile</name>
         <uninitialized>true</uninitialized>
         <run_address>0x50a0</run_address>
         <size>0x1a</size>
         <input_file_ref idref="fl-4"/>
      </object_component>
      <object_component id="oc-af">
         <name>Emif1ConfigRegsFile</name>
         <uninitialized>true</uninitialized>
         <run_address>0x5f480</run_address>
         <size>0xa</size>
         <input_file_ref idref="fl-4"/>
      </object_component>
      <object_component id="oc-b0">
         <name>Emif2ConfigRegsFile</name>
         <uninitialized>true</uninitialized>
         <run_address>0x5f4a0</run_address>
         <size>0xa</size>
         <input_file_ref idref="fl-4"/>
      </object_component>
      <object_component id="oc-d9">
         <name>Emif1RegsFile</name>
         <uninitialized>true</uninitialized>
         <run_address>0x47000</run_address>
         <size>0x28</size>
         <input_file_ref idref="fl-4"/>
      </object_component>
      <object_component id="oc-da">
         <name>Emif2RegsFile</name>
         <uninitialized>true</uninitialized>
         <run_address>0x47800</run_address>
         <size>0x28</size>
         <input_file_ref idref="fl-4"/>
      </object_component>
      <object_component id="oc-f8">
         <name>EPwm1RegsFile</name>
         <uninitialized>true</uninitialized>
         <run_address>0x4000</run_address>
         <size>0x100</size>
         <input_file_ref idref="fl-4"/>
      </object_component>
      <object_component id="oc-fa">
         <name>EPwm2RegsFile</name>
         <uninitialized>true</uninitialized>
         <run_address>0x4100</run_address>
         <size>0x100</size>
         <input_file_ref idref="fl-4"/>
      </object_component>
      <object_component id="oc-fb">
         <name>EPwm3RegsFile</name>
         <uninitialized>true</uninitialized>
         <run_address>0x4200</run_address>
         <size>0x100</size>
         <input_file_ref idref="fl-4"/>
      </object_component>
      <object_component id="oc-fc">
         <name>EPwm4RegsFile</name>
         <uninitialized>true</uninitialized>
         <run_address>0x4300</run_address>
         <size>0x100</size>
         <input_file_ref idref="fl-4"/>
      </object_component>
      <object_component id="oc-fd">
         <name>EPwm5RegsFile</name>
         <uninitialized>true</uninitialized>
         <run_address>0x4400</run_address>
         <size>0x100</size>
         <input_file_ref idref="fl-4"/>
      </object_component>
      <object_component id="oc-fe">
         <name>EPwm6RegsFile</name>
         <uninitialized>true</uninitialized>
         <run_address>0x4500</run_address>
         <size>0x100</size>
         <input_file_ref idref="fl-4"/>
      </object_component>
      <object_component id="oc-ff">
         <name>EPwm7RegsFile</name>
         <uninitialized>true</uninitialized>
         <run_address>0x4600</run_address>
         <size>0x100</size>
         <input_file_ref idref="fl-4"/>
      </object_component>
      <object_component id="oc-100">
         <name>EPwm8RegsFile</name>
         <uninitialized>true</uninitialized>
         <run_address>0x4700</run_address>
         <size>0x100</size>
         <input_file_ref idref="fl-4"/>
      </object_component>
      <object_component id="oc-101">
         <name>EPwm9RegsFile</name>
         <uninitialized>true</uninitialized>
         <run_address>0x4800</run_address>
         <size>0x100</size>
         <input_file_ref idref="fl-4"/>
      </object_component>
      <object_component id="oc-102">
         <name>EPwm10RegsFile</name>
         <uninitialized>true</uninitialized>
         <run_address>0x4900</run_address>
         <size>0x100</size>
         <input_file_ref idref="fl-4"/>
      </object_component>
      <object_component id="oc-103">
         <name>EPwm11RegsFile</name>
         <uninitialized>true</uninitialized>
         <run_address>0x4a00</run_address>
         <size>0x100</size>
         <input_file_ref idref="fl-4"/>
      </object_component>
      <object_component id="oc-104">
         <name>EPwm12RegsFile</name>
         <uninitialized>true</uninitialized>
         <run_address>0x4b00</run_address>
         <size>0x100</size>
         <input_file_ref idref="fl-4"/>
      </object_component>
      <object_component id="oc-ec">
         <name>EPwmXbarRegsFile</name>
         <uninitialized>true</uninitialized>
         <run_address>0x7a00</run_address>
         <size>0x40</size>
         <input_file_ref idref="fl-4"/>
      </object_component>
      <object_component id="oc-d1">
         <name>EQep1RegsFile</name>
         <uninitialized>true</uninitialized>
         <run_address>0x5100</run_address>
         <size>0x22</size>
         <input_file_ref idref="fl-4"/>
      </object_component>
      <object_component id="oc-d2">
         <name>EQep2RegsFile</name>
         <uninitialized>true</uninitialized>
         <run_address>0x5140</run_address>
         <size>0x22</size>
         <input_file_ref idref="fl-4"/>
      </object_component>
      <object_component id="oc-d3">
         <name>EQep3RegsFile</name>
         <uninitialized>true</uninitialized>
         <run_address>0x5180</run_address>
         <size>0x22</size>
         <input_file_ref idref="fl-4"/>
      </object_component>
      <object_component id="oc-10d">
         <name>Flash0CtrlRegsFile</name>
         <uninitialized>true</uninitialized>
         <run_address>0x5f800</run_address>
         <size>0x182</size>
         <input_file_ref idref="fl-4"/>
      </object_component>
      <object_component id="oc-db">
         <name>Flash0EccRegsFile</name>
         <uninitialized>true</uninitialized>
         <run_address>0x5fb00</run_address>
         <size>0x28</size>
         <input_file_ref idref="fl-4"/>
      </object_component>
      <object_component id="oc-a3">
         <name>FlashPumpSemaphoreRegsFile</name>
         <uninitialized>true</uninitialized>
         <run_address>0x50024</run_address>
         <size>0x2</size>
         <input_file_ref idref="fl-4"/>
      </object_component>
      <object_component id="oc-10c">
         <name>GpioCtrlRegsFile</name>
         <uninitialized>true</uninitialized>
         <run_address>0x7c00</run_address>
         <size>0x180</size>
         <input_file_ref idref="fl-4"/>
      </object_component>
      <object_component id="oc-de">
         <name>GpioDataRegsFile</name>
         <uninitialized>true</uninitialized>
         <run_address>0x7f00</run_address>
         <size>0x30</size>
         <input_file_ref idref="fl-4"/>
      </object_component>
      <object_component id="oc-d4">
         <name>I2caRegsFile</name>
         <uninitialized>true</uninitialized>
         <run_address>0x7300</run_address>
         <size>0x22</size>
         <input_file_ref idref="fl-4"/>
      </object_component>
      <object_component id="oc-d5">
         <name>I2cbRegsFile</name>
         <uninitialized>true</uninitialized>
         <run_address>0x7340</run_address>
         <size>0x22</size>
         <input_file_ref idref="fl-4"/>
      </object_component>
      <object_component id="oc-ce">
         <name>InputXbarRegsFile</name>
         <uninitialized>true</uninitialized>
         <run_address>0x7900</run_address>
         <size>0x20</size>
         <input_file_ref idref="fl-4"/>
      </object_component>
      <object_component id="oc-d6">
         <name>IpcRegsFile</name>
         <uninitialized>true</uninitialized>
         <run_address>0x50000</run_address>
         <size>0x24</size>
         <input_file_ref idref="fl-4"/>
      </object_component>
      <object_component id="oc-e0">
         <name>MemoryErrorRegsFile</name>
         <uninitialized>true</uninitialized>
         <run_address>0x5f500</run_address>
         <size>0x3a</size>
         <input_file_ref idref="fl-4"/>
      </object_component>
      <object_component id="oc-f1">
         <name>MemCfgRegsFile</name>
         <uninitialized>true</uninitialized>
         <run_address>0x5f400</run_address>
         <size>0x76</size>
         <input_file_ref idref="fl-4"/>
      </object_component>
      <object_component id="oc-d7">
         <name>McbspaRegsFile</name>
         <uninitialized>true</uninitialized>
         <run_address>0x6000</run_address>
         <size>0x24</size>
         <input_file_ref idref="fl-4"/>
      </object_component>
      <object_component id="oc-d8">
         <name>McbspbRegsFile</name>
         <uninitialized>true</uninitialized>
         <run_address>0x6040</run_address>
         <size>0x24</size>
         <input_file_ref idref="fl-4"/>
      </object_component>
      <object_component id="oc-ab">
         <name>NmiIntruptRegsFile</name>
         <uninitialized>true</uninitialized>
         <run_address>0x7060</run_address>
         <size>0x7</size>
         <input_file_ref idref="fl-4"/>
      </object_component>
      <object_component id="oc-ed">
         <name>OutputXbarRegsFile</name>
         <uninitialized>true</uninitialized>
         <run_address>0x7a80</run_address>
         <size>0x40</size>
         <input_file_ref idref="fl-4"/>
      </object_component>
      <object_component id="oc-c5">
         <name>PieCtrlRegsFile</name>
         <uninitialized>true</uninitialized>
         <run_address>0xce0</run_address>
         <size>0x1a</size>
         <input_file_ref idref="fl-4"/>
      </object_component>
      <object_component id="oc-a4">
         <name>RomPrefetchRegsFile</name>
         <uninitialized>true</uninitialized>
         <run_address>0x5e608</run_address>
         <size>0x2</size>
         <input_file_ref idref="fl-4"/>
      </object_component>
      <object_component id="oc-a5">
         <name>RomWaitStateRegsFile</name>
         <uninitialized>true</uninitialized>
         <run_address>0x5f540</run_address>
         <size>0x2</size>
         <input_file_ref idref="fl-4"/>
      </object_component>
      <object_component id="oc-b3">
         <name>SciaRegsFile</name>
         <uninitialized>true</uninitialized>
         <run_address>0x7200</run_address>
         <size>0x10</size>
         <input_file_ref idref="fl-4"/>
      </object_component>
      <object_component id="oc-b4">
         <name>ScibRegsFile</name>
         <uninitialized>true</uninitialized>
         <run_address>0x7210</run_address>
         <size>0x10</size>
         <input_file_ref idref="fl-4"/>
      </object_component>
      <object_component id="oc-b5">
         <name>ScicRegsFile</name>
         <uninitialized>true</uninitialized>
         <run_address>0x7220</run_address>
         <size>0x10</size>
         <input_file_ref idref="fl-4"/>
      </object_component>
      <object_component id="oc-b6">
         <name>ScidRegsFile</name>
         <uninitialized>true</uninitialized>
         <run_address>0x7230</run_address>
         <size>0x10</size>
         <input_file_ref idref="fl-4"/>
      </object_component>
      <object_component id="oc-ee">
         <name>Sdfm1RegsFile</name>
         <uninitialized>true</uninitialized>
         <run_address>0x5e00</run_address>
         <size>0x48</size>
         <input_file_ref idref="fl-4"/>
      </object_component>
      <object_component id="oc-ef">
         <name>Sdfm2RegsFile</name>
         <uninitialized>true</uninitialized>
         <run_address>0x5e80</run_address>
         <size>0x48</size>
         <input_file_ref idref="fl-4"/>
      </object_component>
      <object_component id="oc-b7">
         <name>SpiaRegsFile</name>
         <uninitialized>true</uninitialized>
         <run_address>0x6100</run_address>
         <size>0x10</size>
         <input_file_ref idref="fl-4"/>
      </object_component>
      <object_component id="oc-b8">
         <name>SpibRegsFile</name>
         <uninitialized>true</uninitialized>
         <run_address>0x6110</run_address>
         <size>0x10</size>
         <input_file_ref idref="fl-4"/>
      </object_component>
      <object_component id="oc-b9">
         <name>SpicRegsFile</name>
         <uninitialized>true</uninitialized>
         <run_address>0x6120</run_address>
         <size>0x10</size>
         <input_file_ref idref="fl-4"/>
      </object_component>
      <object_component id="oc-a7">
         <name>SyncSocRegsFile</name>
         <uninitialized>true</uninitialized>
         <run_address>0x7940</run_address>
         <size>0x6</size>
         <input_file_ref idref="fl-4"/>
      </object_component>
      <object_component id="oc-f0">
         <name>UppRegsFile</name>
         <uninitialized>true</uninitialized>
         <run_address>0x6200</run_address>
         <size>0x48</size>
         <input_file_ref idref="fl-4"/>
      </object_component>
      <object_component id="oc-dc">
         <name>WdRegsFile</name>
         <uninitialized>true</uninitialized>
         <run_address>0x7000</run_address>
         <size>0x2b</size>
         <input_file_ref idref="fl-4"/>
      </object_component>
      <object_component id="oc-b2">
         <name>XbarRegsFile</name>
         <uninitialized>true</uninitialized>
         <run_address>0x7920</run_address>
         <size>0xe</size>
         <input_file_ref idref="fl-4"/>
      </object_component>
      <object_component id="oc-b1">
         <name>XintRegsFile</name>
         <uninitialized>true</uninitialized>
         <run_address>0x7070</run_address>
         <size>0xb</size>
         <input_file_ref idref="fl-4"/>
      </object_component>
      <object_component id="oc-98">
         <name>.debug_line</name>
         <load_address>0x0</load_address>
         <run_address>0x0</run_address>
         <size>0x63</size>
         <input_file_ref idref="fl-2"/>
      </object_component>
      <object_component id="oc-9f">
         <name>.debug_line</name>
         <load_address>0x63</load_address>
         <run_address>0x63</run_address>
         <size>0xcdf</size>
         <input_file_ref idref="fl-3"/>
      </object_component>
      <object_component id="oc-112">
         <name>.debug_line</name>
         <load_address>0xd42</load_address>
         <run_address>0xd42</run_address>
         <size>0x23d</size>
         <input_file_ref idref="fl-5"/>
      </object_component>
      <object_component id="oc-117">
         <name>.debug_line</name>
         <load_address>0xf7f</load_address>
         <run_address>0xf7f</run_address>
         <size>0x87</size>
         <input_file_ref idref="fl-6"/>
      </object_component>
      <object_component id="oc-11c">
         <name>.debug_line</name>
         <load_address>0x1006</load_address>
         <run_address>0x1006</run_address>
         <size>0x69</size>
         <input_file_ref idref="fl-7"/>
      </object_component>
      <object_component id="oc-121">
         <name>.debug_line</name>
         <load_address>0x106f</load_address>
         <run_address>0x106f</run_address>
         <size>0x593</size>
         <input_file_ref idref="fl-8"/>
      </object_component>
      <object_component id="oc-125">
         <name>.debug_line</name>
         <load_address>0x1602</load_address>
         <run_address>0x1602</run_address>
         <size>0x4a</size>
         <input_file_ref idref="fl-9"/>
      </object_component>
      <object_component id="oc-12e">
         <name>.debug_line</name>
         <load_address>0x164c</load_address>
         <run_address>0x164c</run_address>
         <size>0x918</size>
         <input_file_ref idref="fl-a"/>
      </object_component>
      <object_component id="oc-136">
         <name>.debug_line</name>
         <load_address>0x1f64</load_address>
         <run_address>0x1f64</run_address>
         <size>0x3eb</size>
         <input_file_ref idref="fl-b"/>
      </object_component>
      <object_component id="oc-13c">
         <name>.debug_line</name>
         <load_address>0x234f</load_address>
         <run_address>0x234f</run_address>
         <size>0x1de</size>
         <input_file_ref idref="fl-15"/>
      </object_component>
      <object_component id="oc-142">
         <name>.debug_line</name>
         <load_address>0x252d</load_address>
         <run_address>0x252d</run_address>
         <size>0x237</size>
         <input_file_ref idref="fl-16"/>
      </object_component>
      <object_component id="oc-148">
         <name>.debug_line</name>
         <load_address>0x2764</load_address>
         <run_address>0x2764</run_address>
         <size>0x206</size>
         <input_file_ref idref="fl-17"/>
      </object_component>
      <object_component id="oc-14f">
         <name>.debug_line</name>
         <load_address>0x296a</load_address>
         <run_address>0x296a</run_address>
         <size>0x5db</size>
         <input_file_ref idref="fl-18"/>
      </object_component>
      <object_component id="oc-155">
         <name>.debug_line</name>
         <load_address>0x2f45</load_address>
         <run_address>0x2f45</run_address>
         <size>0x7e</size>
         <input_file_ref idref="fl-24"/>
      </object_component>
      <object_component id="oc-15a">
         <name>.debug_line</name>
         <load_address>0x2fc3</load_address>
         <run_address>0x2fc3</run_address>
         <size>0xad</size>
         <input_file_ref idref="fl-25"/>
      </object_component>
      <object_component id="oc-15f">
         <name>.debug_line</name>
         <load_address>0x3070</load_address>
         <run_address>0x3070</run_address>
         <size>0x16b</size>
         <input_file_ref idref="fl-26"/>
      </object_component>
      <object_component id="oc-164">
         <name>.debug_line</name>
         <load_address>0x31db</load_address>
         <run_address>0x31db</run_address>
         <size>0x52</size>
         <input_file_ref idref="fl-27"/>
      </object_component>
      <object_component id="oc-169">
         <name>.debug_line</name>
         <load_address>0x322d</load_address>
         <run_address>0x322d</run_address>
         <size>0x62</size>
         <input_file_ref idref="fl-28"/>
      </object_component>
      <object_component id="oc-16e">
         <name>.debug_line</name>
         <load_address>0x328f</load_address>
         <run_address>0x328f</run_address>
         <size>0x56</size>
         <input_file_ref idref="fl-29"/>
      </object_component>
      <object_component id="oc-173">
         <name>.debug_line</name>
         <load_address>0x32e5</load_address>
         <run_address>0x32e5</run_address>
         <size>0x50</size>
         <input_file_ref idref="fl-2a"/>
      </object_component>
      <object_component id="oc-178">
         <name>.debug_line</name>
         <load_address>0x3335</load_address>
         <run_address>0x3335</run_address>
         <size>0x62</size>
         <input_file_ref idref="fl-2b"/>
      </object_component>
      <object_component id="oc-17d">
         <name>.debug_line</name>
         <load_address>0x3397</load_address>
         <run_address>0x3397</run_address>
         <size>0x3e</size>
         <input_file_ref idref="fl-2c"/>
      </object_component>
      <object_component id="oc-182">
         <name>.debug_line</name>
         <load_address>0x33d5</load_address>
         <run_address>0x33d5</run_address>
         <size>0x3a</size>
         <input_file_ref idref="fl-2d"/>
      </object_component>
      <object_component id="oc-189">
         <name>.debug_line</name>
         <load_address>0x340f</load_address>
         <run_address>0x340f</run_address>
         <size>0x65</size>
         <input_file_ref idref="fl-2e"/>
      </object_component>
      <object_component id="oc-18e">
         <name>.debug_line</name>
         <load_address>0x3474</load_address>
         <run_address>0x3474</run_address>
         <size>0x5e</size>
         <input_file_ref idref="fl-2f"/>
      </object_component>
      <object_component id="oc-193">
         <name>.debug_line</name>
         <load_address>0x34d2</load_address>
         <run_address>0x34d2</run_address>
         <size>0x4f</size>
         <input_file_ref idref="fl-30"/>
      </object_component>
      <object_component id="oc-99">
         <name>.debug_info</name>
         <load_address>0x0</load_address>
         <run_address>0x0</run_address>
         <size>0x128</size>
         <input_file_ref idref="fl-2"/>
      </object_component>
      <object_component id="oc-9c">
         <name>.debug_info</name>
         <load_address>0x128</load_address>
         <run_address>0x128</run_address>
         <size>0x34da</size>
         <input_file_ref idref="fl-3"/>
      </object_component>
      <object_component id="oc-a2">
         <name>.debug_info</name>
         <load_address>0x3602</load_address>
         <run_address>0x3602</run_address>
         <size>0x572e8</size>
         <input_file_ref idref="fl-4"/>
      </object_component>
      <object_component id="oc-110">
         <name>.debug_info</name>
         <load_address>0x5a8ea</load_address>
         <run_address>0x5a8ea</run_address>
         <size>0x19f61</size>
         <input_file_ref idref="fl-5"/>
      </object_component>
      <object_component id="oc-115">
         <name>.debug_info</name>
         <load_address>0x7484b</load_address>
         <run_address>0x7484b</run_address>
         <size>0x354b</size>
         <input_file_ref idref="fl-6"/>
      </object_component>
      <object_component id="oc-11a">
         <name>.debug_info</name>
         <load_address>0x77d96</load_address>
         <run_address>0x77d96</run_address>
         <size>0x6711</size>
         <input_file_ref idref="fl-7"/>
      </object_component>
      <object_component id="oc-11f">
         <name>.debug_info</name>
         <load_address>0x7e4a7</load_address>
         <run_address>0x7e4a7</run_address>
         <size>0xcca5</size>
         <input_file_ref idref="fl-8"/>
      </object_component>
      <object_component id="oc-126">
         <name>.debug_info</name>
         <load_address>0x8b14c</load_address>
         <run_address>0x8b14c</run_address>
         <size>0xf2</size>
         <input_file_ref idref="fl-9"/>
      </object_component>
      <object_component id="oc-129">
         <name>.debug_info</name>
         <load_address>0x8b23e</load_address>
         <run_address>0x8b23e</run_address>
         <size>0x2924f</size>
         <input_file_ref idref="fl-a"/>
      </object_component>
      <object_component id="oc-131">
         <name>.debug_info</name>
         <load_address>0xb448d</load_address>
         <run_address>0xb448d</run_address>
         <size>0x32e2</size>
         <input_file_ref idref="fl-b"/>
      </object_component>
      <object_component id="oc-139">
         <name>.debug_info</name>
         <load_address>0xb776f</load_address>
         <run_address>0xb776f</run_address>
         <size>0xba2</size>
         <input_file_ref idref="fl-15"/>
      </object_component>
      <object_component id="oc-13f">
         <name>.debug_info</name>
         <load_address>0xb8311</load_address>
         <run_address>0xb8311</run_address>
         <size>0x181e</size>
         <input_file_ref idref="fl-16"/>
      </object_component>
      <object_component id="oc-145">
         <name>.debug_info</name>
         <load_address>0xb9b2f</load_address>
         <run_address>0xb9b2f</run_address>
         <size>0xf11</size>
         <input_file_ref idref="fl-17"/>
      </object_component>
      <object_component id="oc-14b">
         <name>.debug_info</name>
         <load_address>0xbaa40</load_address>
         <run_address>0xbaa40</run_address>
         <size>0x246d</size>
         <input_file_ref idref="fl-18"/>
      </object_component>
      <object_component id="oc-154">
         <name>.debug_info</name>
         <load_address>0xbcead</load_address>
         <run_address>0xbcead</run_address>
         <size>0x173</size>
         <input_file_ref idref="fl-24"/>
      </object_component>
      <object_component id="oc-159">
         <name>.debug_info</name>
         <load_address>0xbd020</load_address>
         <run_address>0xbd020</run_address>
         <size>0x114</size>
         <input_file_ref idref="fl-25"/>
      </object_component>
      <object_component id="oc-15e">
         <name>.debug_info</name>
         <load_address>0xbd134</load_address>
         <run_address>0xbd134</run_address>
         <size>0x231</size>
         <input_file_ref idref="fl-26"/>
      </object_component>
      <object_component id="oc-163">
         <name>.debug_info</name>
         <load_address>0xbd365</load_address>
         <run_address>0xbd365</run_address>
         <size>0x141</size>
         <input_file_ref idref="fl-27"/>
      </object_component>
      <object_component id="oc-168">
         <name>.debug_info</name>
         <load_address>0xbd4a6</load_address>
         <run_address>0xbd4a6</run_address>
         <size>0x126</size>
         <input_file_ref idref="fl-28"/>
      </object_component>
      <object_component id="oc-16d">
         <name>.debug_info</name>
         <load_address>0xbd5cc</load_address>
         <run_address>0xbd5cc</run_address>
         <size>0x11e</size>
         <input_file_ref idref="fl-29"/>
      </object_component>
      <object_component id="oc-171">
         <name>.debug_info</name>
         <load_address>0xbd6ea</load_address>
         <run_address>0xbd6ea</run_address>
         <size>0x561</size>
         <input_file_ref idref="fl-2a"/>
      </object_component>
      <object_component id="oc-176">
         <name>.debug_info</name>
         <load_address>0xbdc4b</load_address>
         <run_address>0xbdc4b</run_address>
         <size>0x43a</size>
         <input_file_ref idref="fl-2b"/>
      </object_component>
      <object_component id="oc-17b">
         <name>.debug_info</name>
         <load_address>0xbe085</load_address>
         <run_address>0xbe085</run_address>
         <size>0x3ad</size>
         <input_file_ref idref="fl-2c"/>
      </object_component>
      <object_component id="oc-180">
         <name>.debug_info</name>
         <load_address>0xbe432</load_address>
         <run_address>0xbe432</run_address>
         <size>0x3aa</size>
         <input_file_ref idref="fl-2d"/>
      </object_component>
      <object_component id="oc-185">
         <name>.debug_info</name>
         <load_address>0xbe7dc</load_address>
         <run_address>0xbe7dc</run_address>
         <size>0x544</size>
         <input_file_ref idref="fl-2e"/>
      </object_component>
      <object_component id="oc-18c">
         <name>.debug_info</name>
         <load_address>0xbed20</load_address>
         <run_address>0xbed20</run_address>
         <size>0x4cc</size>
         <input_file_ref idref="fl-2f"/>
      </object_component>
      <object_component id="oc-191">
         <name>.debug_info</name>
         <load_address>0xbf1ec</load_address>
         <run_address>0xbf1ec</run_address>
         <size>0x467</size>
         <input_file_ref idref="fl-30"/>
      </object_component>
      <object_component id="oc-27d">
         <name>.debug_info</name>
         <load_address>0xbf653</load_address>
         <run_address>0xbf653</run_address>
         <size>0xac</size>
      </object_component>
      <object_component id="oc-9a">
         <name>.debug_abbrev</name>
         <load_address>0x0</load_address>
         <run_address>0x0</run_address>
         <size>0x21</size>
         <input_file_ref idref="fl-2"/>
      </object_component>
      <object_component id="oc-a0">
         <name>.debug_abbrev</name>
         <load_address>0x21</load_address>
         <run_address>0x21</run_address>
         <size>0xb6</size>
         <input_file_ref idref="fl-3"/>
      </object_component>
      <object_component id="oc-10f">
         <name>.debug_abbrev</name>
         <load_address>0xd7</load_address>
         <run_address>0xd7</run_address>
         <size>0xcb</size>
         <input_file_ref idref="fl-4"/>
      </object_component>
      <object_component id="oc-113">
         <name>.debug_abbrev</name>
         <load_address>0x1a2</load_address>
         <run_address>0x1a2</run_address>
         <size>0x191</size>
         <input_file_ref idref="fl-5"/>
      </object_component>
      <object_component id="oc-118">
         <name>.debug_abbrev</name>
         <load_address>0x333</load_address>
         <run_address>0x333</run_address>
         <size>0xc8</size>
         <input_file_ref idref="fl-6"/>
      </object_component>
      <object_component id="oc-11d">
         <name>.debug_abbrev</name>
         <load_address>0x3fb</load_address>
         <run_address>0x3fb</run_address>
         <size>0x116</size>
         <input_file_ref idref="fl-7"/>
      </object_component>
      <object_component id="oc-122">
         <name>.debug_abbrev</name>
         <load_address>0x511</load_address>
         <run_address>0x511</run_address>
         <size>0x1b5</size>
         <input_file_ref idref="fl-8"/>
      </object_component>
      <object_component id="oc-127">
         <name>.debug_abbrev</name>
         <load_address>0x6c6</load_address>
         <run_address>0x6c6</run_address>
         <size>0x2f</size>
         <input_file_ref idref="fl-9"/>
      </object_component>
      <object_component id="oc-12f">
         <name>.debug_abbrev</name>
         <load_address>0x6f5</load_address>
         <run_address>0x6f5</run_address>
         <size>0x24e</size>
         <input_file_ref idref="fl-a"/>
      </object_component>
      <object_component id="oc-137">
         <name>.debug_abbrev</name>
         <load_address>0x943</load_address>
         <run_address>0x943</run_address>
         <size>0x1b6</size>
         <input_file_ref idref="fl-b"/>
      </object_component>
      <object_component id="oc-13d">
         <name>.debug_abbrev</name>
         <load_address>0xaf9</load_address>
         <run_address>0xaf9</run_address>
         <size>0x15e</size>
         <input_file_ref idref="fl-15"/>
      </object_component>
      <object_component id="oc-143">
         <name>.debug_abbrev</name>
         <load_address>0xc57</load_address>
         <run_address>0xc57</run_address>
         <size>0x126</size>
         <input_file_ref idref="fl-16"/>
      </object_component>
      <object_component id="oc-149">
         <name>.debug_abbrev</name>
         <load_address>0xd7d</load_address>
         <run_address>0xd7d</run_address>
         <size>0x1cf</size>
         <input_file_ref idref="fl-17"/>
      </object_component>
      <object_component id="oc-150">
         <name>.debug_abbrev</name>
         <load_address>0xf4c</load_address>
         <run_address>0xf4c</run_address>
         <size>0x1e9</size>
         <input_file_ref idref="fl-18"/>
      </object_component>
      <object_component id="oc-156">
         <name>.debug_abbrev</name>
         <load_address>0x1135</load_address>
         <run_address>0x1135</run_address>
         <size>0x46</size>
         <input_file_ref idref="fl-24"/>
      </object_component>
      <object_component id="oc-15b">
         <name>.debug_abbrev</name>
         <load_address>0x117b</load_address>
         <run_address>0x117b</run_address>
         <size>0x38</size>
         <input_file_ref idref="fl-25"/>
      </object_component>
      <object_component id="oc-160">
         <name>.debug_abbrev</name>
         <load_address>0x11b3</load_address>
         <run_address>0x11b3</run_address>
         <size>0x5f</size>
         <input_file_ref idref="fl-26"/>
      </object_component>
      <object_component id="oc-165">
         <name>.debug_abbrev</name>
         <load_address>0x1212</load_address>
         <run_address>0x1212</run_address>
[...]
      <symbol id="sm-5eb">
         <name>_Id_ref</name>
         <value>0xabce</value>
         <object_component_ref idref="oc-12b"/>
      </symbol>
      <symbol id="sm-5ec">
         <name>_s_theta</name>
         <value>0xabb8</value>
         <object_component_ref idref="oc-12b"/>
      </symbol>
      <symbol id="sm-5ed">
         <name>_V_LF</name>
         <value>0xab66</value>
         <object_component_ref idref="oc-12b"/>
      </symbol>
      <symbol id="sm-5ee">
         <name>_MY_ST</name>
         <value>0xac64</value>
         <object_component_ref idref="oc-12b"/>
      </symbol>
      <symbol id="sm-5ef">
         <name>_dcint</name>
         <value>0xab4a</value>
         <object_component_ref idref="oc-12b"/>
      </symbol>
      <symbol id="sm-5f0">
         <name>_Qz_BETA</name>
         <value>0xac58</value>
         <object_component_ref idref="oc-12b"/>
      </symbol>
      <symbol id="sm-5f1">
         <name>_Ib_adc</name>
         <value>0xab78</value>
         <object_component_ref idref="oc-12b"/>
      </symbol>
      <symbol id="sm-5f2">
         <name>_EPWM_PTR</name>
         <value>0xab38</value>
         <object_component_ref idref="oc-19b"/>
      </symbol>
      <symbol id="sm-5f3">
         <name>_Ialpha_measurement</name>
         <value>0xab9c</value>
         <object_component_ref idref="oc-12b"/>
      </symbol>
      <symbol id="sm-5f4">
         <name>__qVal</name>
         <value>0xabda</value>
         <object_component_ref idref="oc-12b"/>
      </symbol>
      <symbol id="sm-5f5">
         <name>_Delta_alpha</name>
         <value>0xac80</value>
         <object_component_ref idref="oc-12b"/>
      </symbol>
      <symbol id="sm-5f6">
         <name>_PI_CONTROLLER</name>
         <value>0xac00</value>
         <object_component_ref idref="oc-12b"/>
      </symbol>
      <symbol id="sm-5f7">
         <name>_V_q_</name>
         <value>0xab60</value>
         <object_component_ref idref="oc-12b"/>
      </symbol>
      <symbol id="sm-5f8">
         <name>_volt</name>
         <value>0xabaa</value>
         <object_component_ref idref="oc-12b"/>
      </symbol>
      <symbol id="sm-5f9">
         <name>_Dc</name>
         <value>0xab92</value>
         <object_component_ref idref="oc-12b"/>
      </symbol>
      <symbol id="sm-5fa">
         <name>_Db</name>
         <value>0xab90</value>
         <object_component_ref idref="oc-12b"/>
      </symbol>
      <symbol id="sm-5fb">
         <name>_Da</name>
         <value>0xab8e</value>
         <object_component_ref idref="oc-12b"/>
      </symbol>
      <symbol id="sm-5fc">
         <name>_TEST_EPD</name>
         <value>0xab41</value>
         <object_component_ref idref="oc-12b"/>
      </symbol>
      <symbol id="sm-5fd">
         <name>_dTheta</name>
         <value>0xabbe</value>
         <object_component_ref idref="oc-12b"/>
      </symbol>
      <symbol id="sm-5fe">
         <name>_Ibeta_measurement</name>
         <value>0xab9e</value>
         <object_component_ref idref="oc-12b"/>
      </symbol>
      <symbol id="sm-5ff">
         <name>_CONTROL</name>
         <value>0xab4d</value>
         <object_component_ref idref="oc-12b"/>
      </symbol>
      <symbol id="sm-600">
         <name>_Ic_test1</name>
         <value>0xab96</value>
         <object_component_ref idref="oc-12b"/>
      </symbol>
      <symbol id="sm-601">
         <name>_Ecount</name>
         <value>0xab42</value>
         <object_component_ref idref="oc-12b"/>
      </symbol>
      <symbol id="sm-602">
         <name>_D_LP_FILTER</name>
         <value>0xabe4</value>
         <object_component_ref idref="oc-12b"/>
      </symbol>
      <symbol id="sm-603">
         <name>_Ic_adc</name>
         <value>0xab7a</value>
         <object_component_ref idref="oc-12b"/>
      </symbol>
      <symbol id="sm-604">
         <name>_Dz_BETA</name>
         <value>0xac4c</value>
         <object_component_ref idref="oc-12b"/>
      </symbol>
      <symbol id="sm-605">
         <name>_Val_pos</name>
         <value>0xabe0</value>
         <object_component_ref idref="oc-12b"/>
      </symbol>
      <symbol id="sm-606">
         <name>_Ena_Current_count</name>
         <value>0xab46</value>
         <object_component_ref idref="oc-12b"/>
      </symbol>
      <symbol id="sm-607">
         <name>_psc</name>
         <value>0xabca</value>
         <object_component_ref idref="oc-12b"/>
      </symbol>
      <symbol id="sm-608">
         <name>_psb</name>
         <value>0xabc8</value>
         <object_component_ref idref="oc-12b"/>
      </symbol>
      <symbol id="sm-609">
         <name>_psa</name>
         <value>0xabc6</value>
         <object_component_ref idref="oc-12b"/>
      </symbol>
      <symbol id="sm-60a">
         <name>_dbint</name>
         <value>0xab49</value>
         <object_component_ref idref="oc-12b"/>
      </symbol>
      <symbol id="sm-60b">
         <name>_index</name>
         <value>0xab4f</value>
         <object_component_ref idref="oc-12b"/>
      </symbol>
      <symbol id="sm-60c">
         <name>_Ialpha_ref</name>
         <value>0xab98</value>
         <object_component_ref idref="oc-12b"/>
      </symbol>
      <symbol id="sm-60d">
         <name>_avg</name>
         <value>0xab20</value>
         <object_component_ref idref="oc-19e"/>
      </symbol>
      <symbol id="sm-60e">
         <name>_sector</name>
         <value>0xab4c</value>
         <object_component_ref idref="oc-12b"/>
      </symbol>
      <symbol id="sm-60f">
         <name>_TEST_THETA</name>
         <value>0xab40</value>
         <object_component_ref idref="oc-12b"/>
      </symbol>
      <symbol id="sm-610">
         <name>_PR_BETA</name>
         <value>0xac28</value>
         <object_component_ref idref="oc-12b"/>
      </symbol>
      <symbol id="sm-611">
         <name>_Voltage_Sen</name>
         <value>0xabac</value>
         <object_component_ref idref="oc-12b"/>
      </symbol>
      <symbol id="sm-612">
         <name>_Dz_ALPHA</name>
         <value>0xac34</value>
         <object_component_ref idref="oc-12b"/>
      </symbol>
      <symbol id="sm-613">
         <name>_IN_MOD_2PI</name>
         <value>0xac08</value>
         <object_component_ref idref="oc-12b"/>
      </symbol>
      <symbol id="sm-614">
         <name>__Vbe</name>
         <value>0xabdc</value>
         <object_component_ref idref="oc-12b"/>
      </symbol>
      <symbol id="sm-615">
         <name>_Icm</name>
         <value>0xab80</value>
         <object_component_ref idref="oc-12b"/>
      </symbol>
      <symbol id="sm-616">
         <name>__Val</name>
         <value>0xabd8</value>
         <object_component_ref idref="oc-12b"/>
      </symbol>
      <symbol id="sm-617">
         <name>_OUT_DATA</name>
         <value>0xabd2</value>
         <object_component_ref idref="oc-12b"/>
      </symbol>
      <symbol id="sm-618">
         <name>_Ibm</name>
         <value>0xab7e</value>
         <object_component_ref idref="oc-12b"/>
      </symbol>
      <symbol id="sm-619">
         <name>_Iam</name>
         <value>0xab7c</value>
         <object_component_ref idref="oc-12b"/>
      </symbol>
      <symbol id="sm-61a">
         <name>_F_EST</name>
         <value>0xab6e</value>
         <object_component_ref idref="oc-12b"/>
      </symbol>
      <symbol id="sm-61b">
         <name>_V_d_</name>
         <value>0xab5e</value>
         <object_component_ref idref="oc-12b"/>
      </symbol>
      <symbol id="sm-61c">
         <name>_daint</name>
         <value>0xab48</value>
         <object_component_ref idref="oc-12b"/>
      </symbol>
      <symbol id="sm-61d">
         <name>_Q_LP_FILTER</name>
         <value>0xabec</value>
         <object_component_ref idref="oc-12b"/>
      </symbol>
      <symbol id="sm-61e">
         <name>_Err_c</name>
         <value>0xab86</value>
         <object_component_ref idref="oc-12b"/>
      </symbol>
      <symbol id="sm-61f">
         <name>_Err_b</name>
         <value>0xab84</value>
         <object_component_ref idref="oc-12b"/>
      </symbol>
      <symbol id="sm-620">
         <name>_Err_a</name>
         <value>0xab82</value>
         <object_component_ref idref="oc-12b"/>
      </symbol>
      <symbol id="sm-621">
         <name>_W_EST_</name>
         <value>0xab6a</value>
         <object_component_ref idref="oc-12b"/>
      </symbol>
      <symbol id="sm-622">
         <name>_THETA</name>
         <value>0xab6c</value>
         <object_component_ref idref="oc-12b"/>
      </symbol>
      <symbol id="sm-623">
         <name>_Vc_l</name>
         <value>0xab8c</value>
         <object_component_ref idref="oc-12b"/>
      </symbol>
      <symbol id="sm-624">
         <name>_Dz_coefficient</name>
         <value>0x90470</value>
         <object_component_ref idref="oc-1a8"/>
      </symbol>
      <symbol id="sm-625">
         <name>_sqr_Vmax</name>
         <value>0xabd6</value>
         <object_component_ref idref="oc-12b"/>
      </symbol>
      <symbol id="sm-626">
         <name>_adcb1_isr</name>
         <value>0x822c0</value>
         <object_component_ref idref="oc-12c"/>
      </symbol>
      <symbol id="sm-628">
         <name>_W0_2LP_COEFFICIENT</name>
         <value>0x9048e</value>
         <object_component_ref idref="oc-1ac"/>
      </symbol>
      <symbol id="sm-629">
         <name>_Vbe_pos</name>
         <value>0xabe2</value>
         <object_component_ref idref="oc-12b"/>
      </symbol>
      <symbol id="sm-62a">
         <name>_W_EST</name>
         <value>0xab68</value>
         <object_component_ref idref="oc-12b"/>
      </symbol>
      <symbol id="sm-62b">
         <name>_W0_2ND_LPF</name>
         <value>0xac10</value>
         <object_component_ref idref="oc-12b"/>
      </symbol>
      <symbol id="sm-62c">
         <name>_Delta_beta</name>
         <value>0xac98</value>
         <object_component_ref idref="oc-12b"/>
      </symbol>
      <symbol id="sm-62d">
         <name>_VABC</name>
         <value>0xacc0</value>
         <object_component_ref idref="oc-12b"/>
      </symbol>
      <symbol id="sm-65d">
         <name>_Example_done</name>
         <value>0x843f8</value>
         <object_component_ref idref="oc-1b5"/>
      </symbol>
      <symbol id="sm-65f">
         <name>_Example_Fail</name>
         <value>0xad04</value>
         <object_component_ref idref="oc-133"/>
      </symbol>
      <symbol id="sm-660">
         <name>_Device_bootCPU2</name>
         <value>0x8426d</value>
         <object_component_ref idref="oc-1b5"/>
      </symbol>
      <symbol id="sm-662">
         <name>_Device_initGPIO</name>
         <value>0x841d5</value>
         <object_component_ref idref="oc-1b5"/>
      </symbol>
      <symbol id="sm-664">
         <name>_Example_setResultPass</name>
         <value>0x843ee</value>
         <object_component_ref idref="oc-1b5"/>
      </symbol>
      <symbol id="sm-666">
         <name>___error__</name>
         <value>0x843e7</value>
         <object_component_ref idref="oc-1b5"/>
      </symbol>
      <symbol id="sm-668">
         <name>_Example_Result</name>
         <value>0xad00</value>
         <object_component_ref idref="oc-133"/>
      </symbol>
      <symbol id="sm-669">
         <name>_Example_setResultFail</name>
         <value>0x843f3</value>
         <object_component_ref idref="oc-1b5"/>
      </symbol>
      <symbol id="sm-66b">
         <name>_Device_enableUnbondedGPIOPullupsFor176Pin</name>
         <value>0x841f6</value>
         <object_component_ref idref="oc-1b5"/>
      </symbol>
      <symbol id="sm-66d">
         <name>_Device_enableUnbondedGPIOPullups</name>
         <value>0x84226</value>
         <object_component_ref idref="oc-1b5"/>
      </symbol>
      <symbol id="sm-66f">
         <name>_Device_init</name>
         <value>0x84097</value>
         <object_component_ref idref="oc-1b5"/>
      </symbol>
      <symbol id="sm-671">
         <name>_Example_PassCount</name>
         <value>0xad02</value>
         <object_component_ref idref="oc-133"/>
      </symbol>
      <symbol id="sm-672">
         <name>_Device_enableUnbondedGPIOPullupsFor100Pin</name>
         <value>0x84209</value>
         <object_component_ref idref="oc-1b5"/>
      </symbol>
      <symbol id="sm-674">
         <name>_Device_enableAllPeripherals</name>
         <value>0x840ea</value>
         <object_component_ref idref="oc-1b5"/>
      </symbol>
      <symbol id="sm-676">
         <name>_Device_configureTMXAnalogTrim</name>
         <value>0x8423c</value>
         <object_component_ref idref="oc-1b5"/>
      </symbol>
      <symbol id="sm-6a9">
         <name>_ADC_setMode</name>
         <value>0x84c86</value>
         <object_component_ref idref="oc-1a7"/>
      </symbol>
      <symbol id="sm-6ab">
         <name>_ADC_setINLTrim</name>
         <value>0x849d2</value>
         <object_component_ref idref="oc-1b6"/>
      </symbol>
      <symbol id="sm-6ad">
         <name>_ADC_setOffsetTrim</name>
         <value>0x84aa9</value>
         <object_component_ref idref="oc-1b7"/>
      </symbol>
      <symbol id="sm-6f1">
         <name>_Flash_initModule</name>
         <value>0x8000</value>
         <object_component_ref idref="oc-1bb"/>
      </symbol>
      <symbol id="sm-712">
         <name>_GPIO_setControllerCore</name>
         <value>0x84bb0</value>
         <object_component_ref idref="oc-1c3"/>
      </symbol>
      <symbol id="sm-714">
         <name>_GPIO_setPinConfig</name>
         <value>0x84be7</value>
         <object_component_ref idref="oc-1c2"/>
      </symbol>
      <symbol id="sm-716">
         <name>_GPIO_setDirectionMode</name>
         <value>0x84c55</value>
         <object_component_ref idref="oc-1c0"/>
      </symbol>
      <symbol id="sm-718">
         <name>_GPIO_setQualificationMode</name>
         <value>0x84c1e</value>
         <object_component_ref idref="oc-1c1"/>
      </symbol>
      <symbol id="sm-79e">
         <name>_SysCtl_selectXTAL</name>
         <value>0x83f27</value>
         <object_component_ref idref="oc-1d3"/>
      </symbol>
      <symbol id="sm-7a0">
         <name>_SysCtl_delay</name>
         <value>0x815f</value>
         <object_component_ref idref="oc-14c"/>
      </symbol>
      <symbol id="sm-7a1">
         <name>_SysCtl_selectOscSource</name>
         <value>0x83fb1</value>
         <object_component_ref idref="oc-1d0"/>
      </symbol>
      <symbol id="sm-7a3">
         <name>_SysCtl_setClock</name>
         <value>0x8463d</value>
         <object_component_ref idref="oc-1bd"/>
      </symbol>
      <symbol id="sm-7a5">
         <name>_SysCtl_getLowSpeedClock</name>
         <value>0x84e4e</value>
         <object_component_ref idref="oc-1bf"/>
      </symbol>
      <symbol id="sm-7a7">
         <name>_SysCtl_getClock</name>
         <value>0x84b5f</value>
         <object_component_ref idref="oc-1be"/>
      </symbol>
      <symbol id="sm-7a9">
         <name>_SysCtl_getDeviceParametric</name>
         <value>0x84a41</value>
         <object_component_ref idref="oc-1bc"/>
      </symbol>
      <symbol id="sm-7c5">
         <name>_c_int00</name>
         <value>0x84b09</value>
         <object_component_ref idref="oc-95"/>
      </symbol>
      <symbol id="sm-7c6">
         <name>__stack</name>
         <value>0x400</value>
         <object_component_ref idref="oc-152"/>
      </symbol>
      <symbol id="sm-7d7">
         <name>FS$$DIV</name>
         <value>0x8494a</value>
         <object_component_ref idref="oc-158"/>
      </symbol>
      <symbol id="sm-803">
         <name>ULL$$MOD</name>
         <value>0x848e8</value>
         <object_component_ref idref="oc-15d"/>
      </symbol>
      <symbol id="sm-804">
         <name>ULL$$DIV</name>
         <value>0x848b9</value>
         <object_component_ref idref="oc-15d"/>
      </symbol>
      <symbol id="sm-805">
         <name>LL$$MOD</name>
         <value>0x8487f</value>
         <object_component_ref idref="oc-15d"/>
      </symbol>
      <symbol id="sm-806">
         <name>LL$$DIV</name>
         <value>0x84843</value>
         <object_component_ref idref="oc-15d"/>
      </symbol>
      <symbol id="sm-812">
         <name>U$$MOD</name>
         <value>0x84f27</value>
         <object_component_ref idref="oc-162"/>
      </symbol>
      <symbol id="sm-813">
         <name>U$$DIV</name>
         <value>0x84f22</value>
         <object_component_ref idref="oc-162"/>
      </symbol>
      <symbol id="sm-825">
         <name>FS$$TOLL</name>
         <value>0x84d52</value>
         <object_component_ref idref="oc-167"/>
      </symbol>
      <symbol id="sm-833">
         <name>LL$$TOFS</name>
         <value>0x84dbd</value>
         <object_component_ref idref="oc-16c"/>
      </symbol>
      <symbol id="sm-842">
         <name>_copy_in</name>
         <value>0x84d78</value>
         <object_component_ref idref="oc-197"/>
      </symbol>
      <symbol id="sm-854">
         <name>_memcpy</name>
         <value>0x84dfc</value>
         <object_component_ref idref="oc-1a4"/>
      </symbol>
      <symbol id="sm-861">
         <name>__system_pre_init</name>
         <value>0x84f47</value>
         <object_component_ref idref="oc-196"/>
      </symbol>
      <symbol id="sm-86f">
         <name>__system_post_cinit</name>
         <value>0x84f49</value>
         <object_component_ref idref="oc-198"/>
      </symbol>
      <symbol id="sm-884">
         <name>C$$EXIT</name>
         <value>0x84cb5</value>
         <object_component_ref idref="oc-19a"/>
      </symbol>
      <symbol id="sm-885">
         <name>_exit</name>
         <value>0x84cb7</value>
         <object_component_ref idref="oc-19a"/>
      </symbol>
      <symbol id="sm-887">
         <name>___TI_cleanup_ptr</name>
         <value>0xad08</value>
         <object_component_ref idref="oc-187"/>
      </symbol>
      <symbol id="sm-888">
         <name>___TI_enable_exit_profile_output</name>
         <value>0xad06</value>
         <object_component_ref idref="oc-187"/>
      </symbol>
      <symbol id="sm-889">
         <name>_abort</name>
         <value>0x84cb5</value>
         <object_component_ref idref="oc-19a"/>
      </symbol>
      <symbol id="sm-88b">
         <name>___TI_dtors_ptr</name>
         <value>0xad0a</value>
         <object_component_ref idref="oc-187"/>
      </symbol>
      <symbol id="sm-89f">
         <name>__unlock</name>
         <value>0xad0e</value>
         <object_component_ref idref="oc-1ba"/>
      </symbol>
      <symbol id="sm-8a0">
         <name>__lock</name>
         <value>0xad0c</value>
         <object_component_ref idref="oc-1a5"/>
      </symbol>
      <symbol id="sm-8a1">
         <name>__register_lock</name>
         <value>0x84f3a</value>
         <object_component_ref idref="oc-1b2"/>
      </symbol>
      <symbol id="sm-8a3">
         <name>__nop</name>
         <value>0x84f3e</value>
         <object_component_ref idref="oc-1b2"/>
      </symbol>
      <symbol id="sm-8a5">
         <name>__register_unlock</name>
         <value>0x84f36</value>
         <object_component_ref idref="oc-1b2"/>
      </symbol>
      <symbol id="sm-8b5">
         <name>__args_main</name>
         <value>0x84eb7</value>
         <object_component_ref idref="oc-199"/>
      </symbol>
   </symbol_table>
   <title>Link successful</title>
</link_info>
