******************************************************************************
             TMS320C2000 Linker PC v22.6.1                     
******************************************************************************
>> Linked Sun May 19 00:47:34 2024

OUTPUT FILE NAME:   <_DA_DQ_FRAME.out>
ENTRY POINT SYMBOL: "_c_int00"  address: 00084b93


MEMORY CONFIGURATION

         name            origin    length      used     unused   attr    fill
----------------------  --------  ---------  --------  --------  ----  --------
PAGE 0:
  RAMM0                 00000123   000002dd  00000000  000002dd  RWIX
  RAMLS0                00008000   00000800  00000163  0000069d  RWIX
  RAMLS1                00008800   00000800  00000000  00000800  RWIX
  RAMLS2                00009000   00000800  00000000  00000800  RWIX
  RAMLS3                00009800   00000800  00000000  00000800  RWIX
  RAMLS4                0000a000   00000800  00000000  00000800  RWIX
  RAMD0                 0000b000   00000800  00000000  00000800  RWIX
  RAMGS14               0001a000   00001000  00000000  00001000  RWIX
  RAMGS15               0001b000   00000ff8  00000000  00000ff8  RWIX
  BEGIN                 00080000   00000002  00000002  00000000  RWIX
  FLASHA                00080002   00001ffe  00000000  00001ffe  RWIX
  FLASHB                00082000   00002000  00001ff3  0000000d  RWIX
  FLASHC                00084000   00002000  00000fd0  00001030  RWIX
  FLASHD                00086000   00002000  00000163  00001e9d  RWIX
  FLASHE                00088000   00008000  00000000  00008000  RWIX
  FLASHF                00090000   00008000  000004a0  00007b60  RWIX
  FLASHG                00098000   00008000  00000000  00008000  RWIX
  FLASHH                000a0000   00008000  00000000  00008000  RWIX
  FLASHI                000a8000   00008000  00000000  00008000  RWIX
  FLASHJ                000b0000   00008000  00000000  00008000  RWIX
  FLASHK                000b8000   00002000  00000000  00002000  RWIX
  FLASHL                000ba000   00002000  00000000  00002000  RWIX
  FLASHM                000bc000   00002000  00000000  00002000  RWIX
  FLASHN                000be000   00001ff0  00000000  00001ff0  RWIX
  RESET                 003fffc0   00000002  00000000  00000002  RWIX

PAGE 1:
  BOOT_RSVD             00000002   00000121  00000000  00000121  RWIX
  RAMM1                 00000400   000003f8  00000100  000002f8  RWIX
  ADCARESULT            00000b00   00000018  00000018  00000000  RWIX
  ADCBRESULT            00000b20   00000018  00000018  00000000  RWIX
  ADCCRESULT            00000b40   00000018  00000018  00000000  RWIX
  ADCDRESULT            00000b60   00000018  00000018  00000000  RWIX
  CPUTIMER0             00000c00   00000008  00000008  00000000  RWIX
  CPUTIMER1             00000c08   00000008  00000008  00000000  RWIX
  CPUTIMER2             00000c10   00000008  00000008  00000000  RWIX
  PIECTRL               00000ce0   0000001a  0000001a  00000000  RWIX
  PIEVECTTABLE          00000d00   00000200  000001c0  00000040  RWIX
  DMA                   00001000   00000200  000000e0  00000120  RWIX
  CLA1                  00001400   00000080  0000003e  00000042  RWIX
  CLB1LOGICCFG          00003000   00000052  0000003e  00000014  RWIX
  CLB1LOGICCTRL         00003100   00000040  00000040  00000000  RWIX
  CLB1DATAEXCH          00003200   00000200  00000108  000000f8  RWIX
  CLB2LOGICCFG          00003400   00000052  0000003e  00000014  RWIX
  CLB2LOGICCTRL         00003500   00000040  00000040  00000000  RWIX
  CLB2DATAEXCH          00003600   00000200  00000108  000000f8  RWIX
  CLB3LOGICCFG          00003800   00000052  0000003e  00000014  RWIX
  CLB3LOGICCTRL         00003900   00000040  00000040  00000000  RWIX
  CLB3DATAEXCH          00003a00   00000200  00000108  000000f8  RWIX
  CLB4LOGICCFG          00003c00   00000052  0000003e  00000014  RWIX
  CLB4LOGICCTRL         00003d00   00000040  00000040  00000000  RWIX
  CLB4DATAEXCH          00003e00   00000200  00000108  000000f8  RWIX
  EPWM1                 00004000   00000100  00000100  00000000  RWIX
  EPWM2                 00004100   00000100  00000100  00000000  RWIX
  EPWM3                 00004200   00000100  00000100  00000000  RWIX
  EPWM4                 00004300   00000100  00000100  00000000  RWIX
  EPWM5                 00004400   00000100  00000100  00000000  RWIX
  EPWM6                 00004500   00000100  00000100  00000000  RWIX
  EPWM7                 00004600   00000100  00000100  00000000  RWIX
  EPWM8                 00004700   00000100  00000100  00000000  RWIX
  EPWM9                 00004800   00000100  00000100  00000000  RWIX
  EPWM10                00004900   00000100  00000100  00000000  RWIX
  EPWM11                00004a00   00000100  00000100  00000000  RWIX
  EPWM12                00004b00   00000100  00000100  00000000  RWIX
  ECAP1                 00005000   00000020  0000001a  00000006  RWIX
  ECAP2                 00005020   00000020  0000001a  00000006  RWIX
  ECAP3                 00005040   00000020  0000001a  00000006  RWIX
  ECAP4                 00005060   00000020  0000001a  00000006  RWIX
  ECAP5                 00005080   00000020  0000001a  00000006  RWIX
  ECAP6                 000050a0   00000020  0000001a  00000006  RWIX
  EQEP1                 00005100   00000022  00000022  00000000  RWIX
  EQEP2                 00005140   00000022  00000022  00000000  RWIX
  EQEP3                 00005180   00000022  00000022  00000000  RWIX
  DACA                  00005c00   00000008  00000007  00000001  RWIX
  DACB                  00005c10   00000008  00000007  00000001  RWIX
  DACC                  00005c20   00000008  00000007  00000001  RWIX
  CMPSS1                00005c80   00000020  0000001b  00000005  RWIX
  CMPSS2                00005ca0   00000020  0000001b  00000005  RWIX
  CMPSS3                00005cc0   00000020  0000001b  00000005  RWIX
  CMPSS4                00005ce0   00000020  0000001b  00000005  RWIX
  CMPSS5                00005d00   00000020  0000001b  00000005  RWIX
  CMPSS6                00005d20   00000020  0000001b  00000005  RWIX
  CMPSS7                00005d40   00000020  0000001b  00000005  RWIX
  CMPSS8                00005d60   00000020  0000001b  00000005  RWIX
  SDFM1                 00005e00   00000080  00000048  00000038  RWIX
  SDFM2                 00005e80   00000080  00000048  00000038  RWIX
  MCBSPA                00006000   00000024  00000024  00000000  RWIX
  MCBSPB                00006040   00000024  00000024  00000000  RWIX
  SPIA                  00006100   00000010  00000010  00000000  RWIX
  SPIB                  00006110   00000010  00000010  00000000  RWIX
  SPIC                  00006120   00000010  00000010  00000000  RWIX
  UPP                   00006200   00000048  00000048  00000000  RWIX
  WD                    00007000   0000002b  0000002b  00000000  RWIX
  NMIINTRUPT            00007060   00000007  00000007  00000000  RWIX
  XINT                  00007070   0000000b  0000000b  00000000  RWIX
  SCIA                  00007200   00000010  00000010  00000000  RWIX
  SCIB                  00007210   00000010  00000010  00000000  RWIX
  SCIC                  00007220   00000010  00000010  00000000  RWIX
  SCID                  00007230   00000010  00000010  00000000  RWIX
  I2CA                  00007300   00000022  00000022  00000000  RWIX
  I2CB                  00007340   00000022  00000022  00000000  RWIX
  ADCA                  00007400   00000080  0000007c  00000004  RWIX
  ADCB                  00007480   00000080  0000007c  00000004  RWIX
  ADCC                  00007500   00000080  0000007c  00000004  RWIX
  ADCD                  00007580   00000080  0000007c  00000004  RWIX
  INPUTXBAR             00007900   00000020  00000020  00000000  RWIX
  XBAR                  00007920   00000020  0000000e  00000012  RWIX
  SYNCSOC               00007940   00000006  00000006  00000000  RWIX
  DMACLASRCSEL          00007980   0000001a  0000001a  00000000  RWIX
  EPWMXBAR              00007a00   00000040  00000040  00000000  RWIX
  CLBXBAR               00007a40   00000040  00000040  00000000  RWIX
  OUTPUTXBAR            00007a80   00000040  00000040  00000000  RWIX
  GPIOCTRL              00007c00   00000180  00000180  00000000  RWIX
  GPIODATA              00007f00   00000030  00000030  00000000  RWIX
  RAMLS5                0000a800   00000800  00000550  000002b0  RWIX
  RAMD1                 0000b800   00000800  00000000  00000800  RWIX
  RAMGS0                0000c000   00001000  00000000  00001000  RWIX
  RAMGS1                0000d000   00001000  00000000  00001000  RWIX
  RAMGS2                0000e000   00001000  00000000  00001000  RWIX
  RAMGS3                0000f000   00001000  00000000  00001000  RWIX
  RAMGS4                00010000   00001000  00000000  00001000  RWIX
  RAMGS5                00011000   00001000  00000000  00001000  RWIX
  RAMGS6                00012000   00001000  00000000  00001000  RWIX
  RAMGS7                00013000   00001000  00000000  00001000  RWIX
  RAMGS8                00014000   00001000  00000000  00001000  RWIX
  RAMGS9                00015000   00001000  00000000  00001000  RWIX
  RAMGS10               00016000   00001000  00000000  00001000  RWIX
  RAMGS11               00017000   00001000  00000000  00001000  RWIX
  RAMGS12               00018000   00001000  00000000  00001000  RWIX
  RAMGS13               00019000   00001000  00000000  00001000  RWIX
  CPU2TOCPU1RAM         0003f800   00000400  00000000  00000400  RWIX
  CPU1TOCPU2RAM         0003fc00   00000400  00000000  00000400  RWIX
  EMIF1                 00047000   00000070  00000028  00000048  RWIX
  EMIF2                 00047800   00000070  00000028  00000048  RWIX
  CANA                  00048000   00000200  00000164  0000009c  RWIX
  CANB                  0004a000   00000200  00000164  0000009c  RWIX
  IPC                   00050000   00000024  00000024  00000000  RWIX
  FLASHPUMPSEMAPHORE    00050024   00000002  00000002  00000000  RWIX
  DEVCFG                0005d000   0000012e  0000012e  00000000  RWIX
  ANALOGSUBSYS          0005d180   00000048  0000003e  0000000a  RWIX
  CLKCFG                0005d200   00000032  00000032  00000000  RWIX
  CPUSYS                0005d300   00000082  00000082  00000000  RWIX
  ROMPREFETCH           0005e608   00000002  00000002  00000000  RWIX
  DCSMZ1                0005f000   00000024  00000022  00000002  RWIX
  DCSMZ2                0005f040   00000024  00000022  00000002  RWIX
  DCSMCOMMON            0005f070   00000008  00000006  00000002  RWIX
  MEMCFG                0005f400   00000080  00000076  0000000a  RWIX
  EMIF1CONFIG           0005f480   00000020  0000000a  00000016  RWIX
  EMIF2CONFIG           0005f4a0   00000020  0000000a  00000016  RWIX
  ACCESSPROTECTION      0005f4c0   00000040  0000002e  00000012  RWIX
  MEMORYERROR           0005f500   00000040  0000003a  00000006  RWIX
  ROMWAITSTATE          0005f540   00000002  00000002  00000000  RWIX
  FLASH0CTRL            0005f800   00000182  00000182  00000000  RWIX
  FLASH0ECC             0005fb00   00000028  00000028  00000000  RWIX


SECTION ALLOCATION MAP

 output                                  attributes/
section   page    origin      length       input sections
--------  ----  ----------  ----------   ----------------
codestart 
*          0    00080000    00000002     
                  00080000    00000002     F2837xD_CodeStartBranch.obj (codestart)

.cinit     0    00082000    000002c1     
                  00082000    00000263     main.obj (.cinit)
                  00082263    0000001b     main.obj (.cinit:_avg)
                  0008227e    0000000f     main.obj (.cinit:_off)
                  0008228d    0000000f     device.obj (.cinit)
                  0008229c    0000000e     rts2800_fpu32.lib : exit.c.obj (.cinit)
                  000822aa    0000000b     main.obj (.cinit:_EPWM_PTR)
                  000822b5    00000005     rts2800_fpu32.lib : _lock.c.obj (.cinit:__lock)
                  000822ba    00000005                       : _lock.c.obj (.cinit:__unlock)
                  000822bf    00000002     --HOLE-- [fill = 0]

.switch    0    000822c8    0000002a     
                  000822c8    0000002a     main.obj (.switch:_adcb1_isr)

.stack     1    00000400    00000100     UNINITIALIZED
                  00000400    00000100     --HOLE--

.reset     0    003fffc0    00000002     DSECT
                  003fffc0    00000002     rts2800_fpu32.lib : boot28.asm.obj (.reset)

.pinit     0    00082000    00000000     UNINITIALIZED

.TI.ramfunc 
*          0    00086000    00000163     RUN ADDR = 00008000
                  00086000    00000043     driverlib_coff.lib : flash.obj (.TI.ramfunc:_Flash_initModule)
                  00086043    00000037     F2837xD_SysCtrl.obj (.TI.ramfunc)
                  0008607a    0000002c     driverlib_coff.lib : flash.obj (.TI.ramfunc:_Flash_setBankPowerMode)
                  000860a6    00000024                        : flash.obj (.TI.ramfunc:_Flash_setWaitstates)
                  000860ca    0000001d                        : flash.obj (.TI.ramfunc:_Flash_setPumpPowerMode)
                  000860e7    00000018                        : flash.obj (.TI.ramfunc:_Flash_disableCache)
                  000860ff    00000018                        : flash.obj (.TI.ramfunc:_Flash_disablePrefetch)
                  00086117    00000017                        : flash.obj (.TI.ramfunc:_Flash_enableCache)
                  0008612e    00000017                        : flash.obj (.TI.ramfunc:_Flash_enablePrefetch)
                  00086145    00000016                        : flash.obj (.TI.ramfunc:_Flash_enableECC)
                  0008615b    00000004     F2837xD_usDelay.obj (.TI.ramfunc)
                  0008615f    00000004     driverlib_coff.lib : sysctl.obj (.TI.ramfunc)

GETBUFFER 
*          0    0003f800    00000000     DSECT

GETWRITEIDX 
*          0    0003f800    00000000     DSECT

PUTREADIDX 
*          0    0003f800    00000000     DSECT

.econst    0    00090000    000004a0     
                  00090000    000001c0     F2837xD_PieVect.obj (.econst:_PieVectTableInit)
                  000901c0    000000c2     driverlib_coff.lib : sysctl.obj (.econst:.string)
                  00090282    000000bf                        : flash.obj (.econst:.string)
                  00090341    00000001     --HOLE-- [fill = 0]
                  00090342    000000bc                        : gpio.obj (.econst:.string)
                  000903fe    0000005d                        : adc.obj (.econst:.string)
                  0009045b    00000001     --HOLE-- [fill = 0]
                  0009045c    00000013     device.obj (.econst:.string)
                  0009046f    00000001     --HOLE-- [fill = 0]
                  00090470    0000000a     main.obj (.econst:_Dz_coefficient)
                  0009047a    0000000a     main.obj (.econst:_Qz_coefficient)
                  00090484    0000000a     main.obj (.econst:_W0_2LP_COEFFICIENT)
                  0009048e    00000006     main.obj (.econst:_DQ_LP_COEFFICIENT)
                  00090494    00000006     main.obj (.econst:_IN_MOD_2PI_COEFFICIENT)
                  0009049a    00000006     main.obj (.econst:_PI_COEFFICENT)

AdcaResultRegsFile 
*          1    00000b00    00000018     UNINITIALIZED
                  00000b00    00000018     F2837xD_GlobalVariableDefs.obj (AdcaResultRegsFile)

AdcbResultRegsFile 
*          1    00000b20    00000018     UNINITIALIZED
                  00000b20    00000018     F2837xD_GlobalVariableDefs.obj (AdcbResultRegsFile)

AdccResultRegsFile 
*          1    00000b40    00000018     UNINITIALIZED
                  00000b40    00000018     F2837xD_GlobalVariableDefs.obj (AdccResultRegsFile)

AdcdResultRegsFile 
*          1    00000b60    00000018     UNINITIALIZED
                  00000b60    00000018     F2837xD_GlobalVariableDefs.obj (AdcdResultRegsFile)

CpuTimer0RegsFile 
*          1    00000c00    00000008     UNINITIALIZED
                  00000c00    00000008     F2837xD_GlobalVariableDefs.obj (CpuTimer0RegsFile)

CpuTimer1RegsFile 
*          1    00000c08    00000008     UNINITIALIZED
                  00000c08    00000008     F2837xD_GlobalVariableDefs.obj (CpuTimer1RegsFile)

CpuTimer2RegsFile 
*          1    00000c10    00000008     UNINITIALIZED
                  00000c10    00000008     F2837xD_GlobalVariableDefs.obj (CpuTimer2RegsFile)

PieCtrlRegsFile 
*          1    00000ce0    0000001a     UNINITIALIZED
                  00000ce0    0000001a     F2837xD_GlobalVariableDefs.obj (PieCtrlRegsFile)

PieVectTableFile 
*          1    00000d00    000001c0     UNINITIALIZED
                  00000d00    000001c0     F2837xD_GlobalVariableDefs.obj (PieVectTableFile)

EmuKeyVar 
*          1    00000d00    00000000     UNINITIALIZED

EmuBModeVar 
*          1    00000d00    00000000     UNINITIALIZED

EmuBootPinsVar 
*          1    00000d00    00000000     UNINITIALIZED

FlashCallbackVar 
*          1    00000d00    00000000     UNINITIALIZED

FlashScalingVar 
*          1    00000d00    00000000     UNINITIALIZED

DmaRegsFile 
*          1    00001000    000000e0     UNINITIALIZED
                  00001000    000000e0     F2837xD_GlobalVariableDefs.obj (DmaRegsFile)

Cla1RegsFile 
*          1    00001400    0000003e     UNINITIALIZED
                  00001400    0000003e     F2837xD_GlobalVariableDefs.obj (Cla1RegsFile)

Clb1LogicCfgRegsFile 
*          1    00003000    0000003e     UNINITIALIZED
                  00003000    0000003e     F2837xD_GlobalVariableDefs.obj (Clb1LogicCfgRegsFile)

Clb1LogicCtrlRegsFile 
*          1    00003100    00000040     UNINITIALIZED
                  00003100    00000040     F2837xD_GlobalVariableDefs.obj (Clb1LogicCtrlRegsFile)

Clb1DataExchRegsFile 
*          1    00003200    00000108     UNINITIALIZED
                  00003200    00000108     F2837xD_GlobalVariableDefs.obj (Clb1DataExchRegsFile)

Clb2LogicCfgRegsFile 
*          1    00003400    0000003e     UNINITIALIZED
                  00003400    0000003e     F2837xD_GlobalVariableDefs.obj (Clb2LogicCfgRegsFile)

Clb2LogicCtrlRegsFile 
*          1    00003500    00000040     UNINITIALIZED
                  00003500    00000040     F2837xD_GlobalVariableDefs.obj (Clb2LogicCtrlRegsFile)

Clb2DataExchRegsFile 
*          1    00003600    00000108     UNINITIALIZED
                  00003600    00000108     F2837xD_GlobalVariableDefs.obj (Clb2DataExchRegsFile)

Clb3LogicCfgRegsFile 
*          1    00003800    0000003e     UNINITIALIZED
                  00003800    0000003e     F2837xD_GlobalVariableDefs.obj (Clb3LogicCfgRegsFile)

Clb3LogicCtrlRegsFile 
*          1    00003900    00000040     UNINITIALIZED
                  00003900    00000040     F2837xD_GlobalVariableDefs.obj (Clb3LogicCtrlRegsFile)

Clb3DataExchRegsFile 
*          1    00003a00    00000108     UNINITIALIZED
                  00003a00    00000108     F2837xD_GlobalVariableDefs.obj (Clb3DataExchRegsFile)

Clb4LogicCfgRegsFile 
*          1    00003c00    0000003e     UNINITIALIZED
                  00003c00    0000003e     F2837xD_GlobalVariableDefs.obj (Clb4LogicCfgRegsFile)

Clb4LogicCtrlRegsFile 
*          1    00003d00    00000040     UNINITIALIZED
                  00003d00    00000040     F2837xD_GlobalVariableDefs.obj (Clb4LogicCtrlRegsFile)

Clb4DataExchRegsFile 
*          1    00003e00    00000108     UNINITIALIZED
                  00003e00    00000108     F2837xD_GlobalVariableDefs.obj (Clb4DataExchRegsFile)

EPwm1RegsFile 
*          1    00004000    00000100     UNINITIALIZED
                  00004000    00000100     F2837xD_GlobalVariableDefs.obj (EPwm1RegsFile)

EPwm2RegsFile 
*          1    00004100    00000100     UNINITIALIZED
                  00004100    00000100     F2837xD_GlobalVariableDefs.obj (EPwm2RegsFile)

EPwm3RegsFile 
*          1    00004200    00000100     UNINITIALIZED
                  00004200    00000100     F2837xD_GlobalVariableDefs.obj (EPwm3RegsFile)

EPwm4RegsFile 
*          1    00004300    00000100     UNINITIALIZED
                  00004300    00000100     F2837xD_GlobalVariableDefs.obj (EPwm4RegsFile)

EPwm5RegsFile 
*          1    00004400    00000100     UNINITIALIZED
                  00004400    00000100     F2837xD_GlobalVariableDefs.obj (EPwm5RegsFile)

EPwm6RegsFile 
*          1    00004500    00000100     UNINITIALIZED
                  00004500    00000100     F2837xD_GlobalVariableDefs.obj (EPwm6RegsFile)

EPwm7RegsFile 
*          1    00004600    00000100     UNINITIALIZED
                  00004600    00000100     F2837xD_GlobalVariableDefs.obj (EPwm7RegsFile)

EPwm8RegsFile 
*          1    00004700    00000100     UNINITIALIZED
                  00004700    00000100     F2837xD_GlobalVariableDefs.obj (EPwm8RegsFile)

EPwm9RegsFile 
*          1    00004800    00000100     UNINITIALIZED
                  00004800    00000100     F2837xD_GlobalVariableDefs.obj (EPwm9RegsFile)

EPwm10RegsFile 
*          1    00004900    00000100     UNINITIALIZED
                  00004900    00000100     F2837xD_GlobalVariableDefs.obj (EPwm10RegsFile)

EPwm11RegsFile 
*          1    00004a00    00000100     UNINITIALIZED
                  00004a00    00000100     F2837xD_GlobalVariableDefs.obj (EPwm11RegsFile)

EPwm12RegsFile 
*          1    00004b00    00000100     UNINITIALIZED
                  00004b00    00000100     F2837xD_GlobalVariableDefs.obj (EPwm12RegsFile)

ECap1RegsFile 
*          1    00005000    0000001a     UNINITIALIZED
                  00005000    0000001a     F2837xD_GlobalVariableDefs.obj (ECap1RegsFile)

ECap2RegsFile 
*          1    00005020    0000001a     UNINITIALIZED
                  00005020    0000001a     F2837xD_GlobalVariableDefs.obj (ECap2RegsFile)

ECap3RegsFile 
*          1    00005040    0000001a     UNINITIALIZED
                  00005040    0000001a     F2837xD_GlobalVariableDefs.obj (ECap3RegsFile)

ECap4RegsFile 
*          1    00005060    0000001a     UNINITIALIZED
                  00005060    0000001a     F2837xD_GlobalVariableDefs.obj (ECap4RegsFile)

ECap5RegsFile 
*          1    00005080    0000001a     UNINITIALIZED
                  00005080    0000001a     F2837xD_GlobalVariableDefs.obj (ECap5RegsFile)

ECap6RegsFile 
*          1    000050a0    0000001a     UNINITIALIZED
                  000050a0    0000001a     F2837xD_GlobalVariableDefs.obj (ECap6RegsFile)

EQep1RegsFile 
*          1    00005100    00000022     UNINITIALIZED
                  00005100    00000022     F2837xD_GlobalVariableDefs.obj (EQep1RegsFile)

EQep2RegsFile 
*          1    00005140    00000022     UNINITIALIZED
                  00005140    00000022     F2837xD_GlobalVariableDefs.obj (EQep2RegsFile)

EQep3RegsFile 
*          1    00005180    00000022     UNINITIALIZED
                  00005180    00000022     F2837xD_GlobalVariableDefs.obj (EQep3RegsFile)

DacaRegsFile 
*          1    00005c00    00000007     UNINITIALIZED
                  00005c00    00000007     F2837xD_GlobalVariableDefs.obj (DacaRegsFile)

DacbRegsFile 
*          1    00005c10    00000007     UNINITIALIZED
                  00005c10    00000007     F2837xD_GlobalVariableDefs.obj (DacbRegsFile)

DaccRegsFile 
*          1    00005c20    00000007     UNINITIALIZED
                  00005c20    00000007     F2837xD_GlobalVariableDefs.obj (DaccRegsFile)

Cmpss1RegsFile 
*          1    00005c80    0000001b     UNINITIALIZED
                  00005c80    0000001b     F2837xD_GlobalVariableDefs.obj (Cmpss1RegsFile)

Cmpss2RegsFile 
*          1    00005ca0    0000001b     UNINITIALIZED
                  00005ca0    0000001b     F2837xD_GlobalVariableDefs.obj (Cmpss2RegsFile)

Cmpss3RegsFile 
*          1    00005cc0    0000001b     UNINITIALIZED
                  00005cc0    0000001b     F2837xD_GlobalVariableDefs.obj (Cmpss3RegsFile)

Cmpss4RegsFile 
*          1    00005ce0    0000001b     UNINITIALIZED
                  00005ce0    0000001b     F2837xD_GlobalVariableDefs.obj (Cmpss4RegsFile)

Cmpss5RegsFile 
*          1    00005d00    0000001b     UNINITIALIZED
                  00005d00    0000001b     F2837xD_GlobalVariableDefs.obj (Cmpss5RegsFile)

Cmpss6RegsFile 
*          1    00005d20    0000001b     UNINITIALIZED
                  00005d20    0000001b     F2837xD_GlobalVariableDefs.obj (Cmpss6RegsFile)

Cmpss7RegsFile 
*          1    00005d40    0000001b     UNINITIALIZED
                  00005d40    0000001b     F2837xD_GlobalVariableDefs.obj (Cmpss7RegsFile)

Cmpss8RegsFile 
*          1    00005d60    0000001b     UNINITIALIZED
                  00005d60    0000001b     F2837xD_GlobalVariableDefs.obj (Cmpss8RegsFile)

Sdfm1RegsFile 
*          1    00005e00    00000048     UNINITIALIZED
                  00005e00    00000048     F2837xD_GlobalVariableDefs.obj (Sdfm1RegsFile)

Sdfm2RegsFile 
*          1    00005e80    00000048     UNINITIALIZED
                  00005e80    00000048     F2837xD_GlobalVariableDefs.obj (Sdfm2RegsFile)

McbspaRegsFile 
*          1    00006000    00000024     UNINITIALIZED
                  00006000    00000024     F2837xD_GlobalVariableDefs.obj (McbspaRegsFile)

McbspbRegsFile 
*          1    00006040    00000024     UNINITIALIZED
                  00006040    00000024     F2837xD_GlobalVariableDefs.obj (McbspbRegsFile)

SpiaRegsFile 
*          1    00006100    00000010     UNINITIALIZED
                  00006100    00000010     F2837xD_GlobalVariableDefs.obj (SpiaRegsFile)

SpibRegsFile 
*          1    00006110    00000010     UNINITIALIZED
                  00006110    00000010     F2837xD_GlobalVariableDefs.obj (SpibRegsFile)

SpicRegsFile 
*          1    00006120    00000010     UNINITIALIZED
                  00006120    00000010     F2837xD_GlobalVariableDefs.obj (SpicRegsFile)

UppRegsFile 
*          1    00006200    00000048     UNINITIALIZED
                  00006200    00000048     F2837xD_GlobalVariableDefs.obj (UppRegsFile)

WdRegsFile 
*          1    00007000    0000002b     UNINITIALIZED
                  00007000    0000002b     F2837xD_GlobalVariableDefs.obj (WdRegsFile)

NmiIntruptRegsFile 
*          1    00007060    00000007     UNINITIALIZED
                  00007060    00000007     F2837xD_GlobalVariableDefs.obj (NmiIntruptRegsFile)

XintRegsFile 
*          1    00007070    0000000b     UNINITIALIZED
                  00007070    0000000b     F2837xD_GlobalVariableDefs.obj (XintRegsFile)

SciaRegsFile 
*          1    00007200    00000010     UNINITIALIZED
                  00007200    00000010     F2837xD_GlobalVariableDefs.obj (SciaRegsFile)

ScibRegsFile 
*          1    00007210    00000010     UNINITIALIZED
                  00007210    00000010     F2837xD_GlobalVariableDefs.obj (ScibRegsFile)

ScicRegsFile 
*          1    00007220    00000010     UNINITIALIZED
                  00007220    00000010     F2837xD_GlobalVariableDefs.obj (ScicRegsFile)

ScidRegsFile 
*          1    00007230    00000010     UNINITIALIZED
                  00007230    00000010     F2837xD_GlobalVariableDefs.obj (ScidRegsFile)

I2caRegsFile 
*          1    00007300    00000022     UNINITIALIZED
                  00007300    00000022     F2837xD_GlobalVariableDefs.obj (I2caRegsFile)

I2cbRegsFile 
*          1    00007340    00000022     UNINITIALIZED
                  00007340    00000022     F2837xD_GlobalVariableDefs.obj (I2cbRegsFile)

AdcaRegsFile 
*          1    00007400    0000007c     UNINITIALIZED
                  00007400    0000007c     F2837xD_GlobalVariableDefs.obj (AdcaRegsFile)

AdcbRegsFile 
*          1    00007480    0000007c     UNINITIALIZED
                  00007480    0000007c     F2837xD_GlobalVariableDefs.obj (AdcbRegsFile)

AdccRegsFile 
*          1    00007500    0000007c     UNINITIALIZED
                  00007500    0000007c     F2837xD_GlobalVariableDefs.obj (AdccRegsFile)

AdcdRegsFile 
*          1    00007580    0000007c     UNINITIALIZED
                  00007580    0000007c     F2837xD_GlobalVariableDefs.obj (AdcdRegsFile)

InputXbarRegsFile 
*          1    00007900    00000020     UNINITIALIZED
                  00007900    00000020     F2837xD_GlobalVariableDefs.obj (InputXbarRegsFile)

XbarRegsFile 
*          1    00007920    0000000e     UNINITIALIZED
                  00007920    0000000e     F2837xD_GlobalVariableDefs.obj (XbarRegsFile)

SyncSocRegsFile 
*          1    00007940    00000006     UNINITIALIZED
                  00007940    00000006     F2837xD_GlobalVariableDefs.obj (SyncSocRegsFile)

DmaClaSrcSelRegsFile 
*          1    00007980    0000001a     UNINITIALIZED
                  00007980    0000001a     F2837xD_GlobalVariableDefs.obj (DmaClaSrcSelRegsFile)

EPwmXbarRegsFile 
*          1    00007a00    00000040     UNINITIALIZED
                  00007a00    00000040     F2837xD_GlobalVariableDefs.obj (EPwmXbarRegsFile)

ClbXbarRegsFile 
*          1    00007a40    00000040     UNINITIALIZED
                  00007a40    00000040     F2837xD_GlobalVariableDefs.obj (ClbXbarRegsFile)

OutputXbarRegsFile 
*          1    00007a80    00000040     UNINITIALIZED
                  00007a80    00000040     F2837xD_GlobalVariableDefs.obj (OutputXbarRegsFile)

GpioCtrlRegsFile 
*          1    00007c00    00000180     UNINITIALIZED
                  00007c00    00000180     F2837xD_GlobalVariableDefs.obj (GpioCtrlRegsFile)

GpioDataRegsFile 
*          1    00007f00    00000030     UNINITIALIZED
                  00007f00    00000030     F2837xD_GlobalVariableDefs.obj (GpioDataRegsFile)

Emif1RegsFile 
*          1    00047000    00000028     UNINITIALIZED
                  00047000    00000028     F2837xD_GlobalVariableDefs.obj (Emif1RegsFile)

Emif2RegsFile 
*          1    00047800    00000028     UNINITIALIZED
                  00047800    00000028     F2837xD_GlobalVariableDefs.obj (Emif2RegsFile)

CanaRegsFile 
*          1    00048000    00000164     UNINITIALIZED
                  00048000    00000164     F2837xD_GlobalVariableDefs.obj (CanaRegsFile)

CanbRegsFile 
*          1    0004a000    00000164     UNINITIALIZED
                  0004a000    00000164     F2837xD_GlobalVariableDefs.obj (CanbRegsFile)

IpcRegsFile 
*          1    00050000    00000024     UNINITIALIZED
                  00050000    00000024     F2837xD_GlobalVariableDefs.obj (IpcRegsFile)

FlashPumpSemaphoreRegsFile 
*          1    00050024    00000002     UNINITIALIZED
                  00050024    00000002     F2837xD_GlobalVariableDefs.obj (FlashPumpSemaphoreRegsFile)

DevCfgRegsFile 
*          1    0005d000    0000012e     UNINITIALIZED
                  0005d000    0000012e     F2837xD_GlobalVariableDefs.obj (DevCfgRegsFile)

AnalogSubsysRegsFile 
*          1    0005d180    0000003e     UNINITIALIZED
                  0005d180    0000003e     F2837xD_GlobalVariableDefs.obj (AnalogSubsysRegsFile)

ClkCfgRegsFile 
*          1    0005d200    00000032     UNINITIALIZED
                  0005d200    00000032     F2837xD_GlobalVariableDefs.obj (ClkCfgRegsFile)

CpuSysRegsFile 
*          1    0005d300    00000082     UNINITIALIZED
                  0005d300    00000082     F2837xD_GlobalVariableDefs.obj (CpuSysRegsFile)

DcsmZ1RegsFile 
*          1    0005f000    00000022     UNINITIALIZED
                  0005f000    00000022     F2837xD_GlobalVariableDefs.obj (DcsmZ1RegsFile)

DcsmZ2RegsFile 
*          1    0005f040    00000022     UNINITIALIZED
                  0005f040    00000022     F2837xD_GlobalVariableDefs.obj (DcsmZ2RegsFile)

DcsmCommonRegsFile 
*          1    0005f070    00000006     UNINITIALIZED
                  0005f070    00000006     F2837xD_GlobalVariableDefs.obj (DcsmCommonRegsFile)

MemCfgRegsFile 
*          1    0005f400    00000076     UNINITIALIZED
                  0005f400    00000076     F2837xD_GlobalVariableDefs.obj (MemCfgRegsFile)

Emif1ConfigRegsFile 
*          1    0005f480    0000000a     UNINITIALIZED
                  0005f480    0000000a     F2837xD_GlobalVariableDefs.obj (Emif1ConfigRegsFile)

Emif2ConfigRegsFile 
*          1    0005f4a0    0000000a     UNINITIALIZED
                  0005f4a0    0000000a     F2837xD_GlobalVariableDefs.obj (Emif2ConfigRegsFile)

AccessProtectionRegsFile 
*          1    0005f4c0    0000002e     UNINITIALIZED
                  0005f4c0    0000002e     F2837xD_GlobalVariableDefs.obj (AccessProtectionRegsFile)

MemoryErrorRegsFile 
*          1    0005f500    0000003a     UNINITIALIZED
                  0005f500    0000003a     F2837xD_GlobalVariableDefs.obj (MemoryErrorRegsFile)

Flash0CtrlRegsFile 
*          1    0005f800    00000182     UNINITIALIZED
                  0005f800    00000182     F2837xD_GlobalVariableDefs.obj (Flash0CtrlRegsFile)

Flash0EccRegsFile 
*          1    0005fb00    00000028     UNINITIALIZED
                  0005fb00    00000028     F2837xD_GlobalVariableDefs.obj (Flash0EccRegsFile)

RomPrefetchRegsFile 
*          1    0005e608    00000002     UNINITIALIZED
                  0005e608    00000002     F2837xD_GlobalVariableDefs.obj (RomPrefetchRegsFile)

RomWaitStateRegsFile 
*          1    0005f540    00000002     UNINITIALIZED
                  0005f540    00000002     F2837xD_GlobalVariableDefs.obj (RomWaitStateRegsFile)

.text.1    0    000822f8    00001d08     
                  000822f8    0000099f     main.obj (.text:retain)
                  00082c97    000008de     main.obj (.text)
                  00083575    00000585     F2837xD_DefaultISR.obj (.text:retain)
                  00083afa    000004b3     F2837xD_SysCtrl.obj (.text)
                  00083fad    00000051     driverlib_coff.lib : sysctl.obj (.text:_SysCtl_getClock)
                  00083ffe    00000002     rts2800_fpu32.lib : pre_init.c.obj (.text)

.text.2    0    00084000    00000fd0     
                  00084000    000003f9     device.obj (.text)
                  000843f9    00000244     F2837xD_Gpio.obj (.text)
                  0008463d    00000206     driverlib_coff.lib : sysctl.obj (.text:_SysCtl_setClock)
                  00084843    00000107     rts2800_fpu32.lib : ll_div28.asm.obj (.text)
                  0008494a    0000008a     driverlib_coff.lib : sysctl.obj (.text:_SysCtl_selectXTAL)
                  000849d4    00000088     rts2800_fpu32.lib : fs_div28.asm.obj (.text)
                  00084a5c    0000006f     driverlib_coff.lib : adc.obj (.text:_ADC_setINLTrim)
                  00084acb    00000068                        : sysctl.obj (.text:_SysCtl_getDeviceParametric)
                  00084b33    00000060                        : adc.obj (.text:_ADC_setOffsetTrim)
                  00084b93    00000056     rts2800_fpu32.lib : boot28.asm.obj (.text)
                  00084be9    00000048     driverlib_coff.lib : sysctl.obj (.text:_SysCtl_selectOscSource)
                  00084c31    00000037                        : gpio.obj (.text:_GPIO_setControllerCore)
                  00084c68    00000037                        : gpio.obj (.text:_GPIO_setPinConfig)
                  00084c9f    00000037                        : gpio.obj (.text:_GPIO_setQualificationMode)
                  00084cd6    00000031                        : gpio.obj (.text:_GPIO_setDirectionMode)
                  00084d07    0000002f                        : adc.obj (.text:_ADC_setMode)
                  00084d36    00000029     rts2800_fpu32.lib : exit.c.obj (.text)
                  00084d5f    00000028     F2837xD_PieCtrl.obj (.text)
                  00084d87    00000026     F2837xD_PieVect.obj (.text)
                  00084dad    00000026     driverlib_coff.lib : flash.obj (.text:_Flash_setBankPowerUpDelay)
                  00084dd3    00000026     rts2800_fpu32.lib : fs_tollfpu32.asm.obj (.text)
                  00084df9    00000024                       : cpy_tbl.c.obj (.text)
                  00084e1d    00000021     driverlib_coff.lib : sysctl.obj (.text:_CPUTimer_selectClockSource)
                  00084e3e    00000020     rts2800_fpu32.lib : ll_tofsfpu32.asm.obj (.text)
                  00084e5e    0000001f     driverlib_coff.lib : sysctl.obj (.text:_CPUTimer_getTimerOverflowStatus)
                  00084e7d    0000001d     rts2800_fpu32.lib : memcpy.c.obj (.text)
                  00084e9a    0000001b     driverlib_coff.lib : adc.obj (.text:_ADC_isBaseValid)
                  00084eb5    0000001a                        : sysctl.obj (.text:_CPUTimer_startTimer)
                  00084ecf    0000001a                        : sysctl.obj (.text:_SysCtl_getLowSpeedClock)
                  00084ee9    00000017                        : sysctl.obj (.text:_CPUTimer_isBaseValid)
                  00084f00    00000014                        : sysctl.obj (.text:_CPUTimer_stopTimer)
                  00084f14    00000012                        : sysctl.obj (.text:_CPUTimer_clearOverflowFlag)
                  00084f26    00000012                        : sysctl.obj (.text:_CPUTimer_disableInterrupt)
                  00084f38    00000012     rts2800_fpu32.lib : args_main.c.obj (.text)
                  00084f4a    00000011     driverlib_coff.lib : sysctl.obj (.text:_CPUTimer_setPeriod)
                  00084f5b    00000010                        : flash.obj (.text:_Flash_isCtrlBaseValid)
                  00084f6b    00000010                        : flash.obj (.text:_Flash_isECCBaseValid)
                  00084f7b    0000000f                        : sysctl.obj (.text:_SysCtl_pollCpuTimer)
                  00084f8a    0000000e                        : gpio.obj (.text:_GPIO_isPinValid)
                  00084f98    0000000b                        : sysctl.obj (.text:_SysCtl_isMCDClockFailureDetected)
                  00084fa3    0000000b     rts2800_fpu32.lib : u_div28.asm.obj (.text)
                  00084fae    00000009     driverlib_coff.lib : sysctl.obj (.text:_SysCtl_serviceWatchdog)
                  00084fb7    00000009     rts2800_fpu32.lib : _lock.c.obj (.text)
                  00084fc0    00000008     F2837xD_CodeStartBranch.obj (.text)
                  00084fc8    00000007     driverlib_coff.lib : sysctl.obj (.text:_SysCtl_resetMCD)
                  00084fcf    00000001     rts2800_fpu32.lib : startup.c.obj (.text)

.ebss      1    0000a800    00000550     UNINITIALIZED
                  0000a800    00000320     main.obj (.ebss:_plot)
                  0000ab20    00000018     main.obj (.ebss:_avg)
                  0000ab38    00000008     main.obj (.ebss:_EPWM_PTR)
                  0000ab40    000001f4     main.obj (.ebss)
                  0000ad34    0000000c     main.obj (.ebss:_off)
                  0000ad40    00000006     device.obj (.ebss)
                  0000ad46    00000006     rts2800_fpu32.lib : exit.c.obj (.ebss)
                  0000ad4c    00000002                       : _lock.c.obj (.ebss:__lock)
                  0000ad4e    00000002                       : _lock.c.obj (.ebss:__unlock)

MODULE SUMMARY

       Module                           code    initialized data   uninitialized data
       ------                           ----    ----------------   ------------------
    .\
       F2837xD_GlobalVariableDefs.obj   0       0                  9854              
       main.obj                         4733    754                1344              
       F2837xD_DefaultISR.obj           1413    0                  0                 
       F2837xD_SysCtrl.obj              1313    0                  0                 
       F2837xD_Gpio.obj                 580     0                  0                 
       F2837xD_PieVect.obj              38      448                0                 
       F2837xD_PieCtrl.obj              40      0                  0                 
       F2837xD_CodeStartBranch.obj      10      0                  0                 
       F2837xD_usDelay.obj              8       0                  0                 
    +--+--------------------------------+-------+------------------+--------------------+
       Total:                           8135    1202               11198             
                                                                                     
    .\device\
       device.obj                       1017    34                 6                 
    +--+--------------------------------+-------+------------------+--------------------+
       Total:                           1017    34                 6                 
                                                                                     
    C:\ti\c2000\C2000Ware_5_01_00_00\driverlib\f2837xd\driverlib\ccs\Debug\driverlib_coff.lib
       sysctl.obj                       1175    194                0                 
       flash.obj                        654     191                0                 
       gpio.obj                         228     188                0                 
       adc.obj                          281     93                 0                 
    +--+--------------------------------+-------+------------------+--------------------+
       Total:                           2338    666                0                 
                                                                                     
    C:\ti\ccs1250\ccs\tools\compiler\ti-cgt-c2000_22.6.1.LTS\lib\rts2800_fpu32.lib
       ll_div28.asm.obj                 263     0                  0                 
       fs_div28.asm.obj                 136     0                  0                 
       boot28.asm.obj                   86      0                  0                 
       exit.c.obj                       41      14                 6                 
       fs_tollfpu32.asm.obj             38      0                  0                 
       cpy_tbl.c.obj                    36      0                  0                 
       ll_tofsfpu32.asm.obj             32      0                  0                 
       memcpy.c.obj                     29      0                  0                 
       _lock.c.obj                      9       10                 4                 
       args_main.c.obj                  18      0                  0                 
       u_div28.asm.obj                  11      0                  0                 
       pre_init.c.obj                   2       0                  0                 
       startup.c.obj                    1       0                  0                 
    +--+--------------------------------+-------+------------------+--------------------+
       Total:                           702     24                 10                
                                                                                     
       Stack:                           0       0                  256               
    +--+--------------------------------+-------+------------------+--------------------+
       Grand Total:                     12192   1926               11470             


GLOBAL DATA SYMBOLS: SORTED BY DATA PAGE

address     data page           name
--------    ----------------    ----
00000400      10 (00000400)     __stack

00000b00      2c (00000b00)     _AdcaResultRegs
00000b20      2c (00000b00)     _AdcbResultRegs

00000b40      2d (00000b40)     _AdccResultRegs
00000b60      2d (00000b40)     _AdcdResultRegs

00000c00      30 (00000c00)     _CpuTimer0Regs
00000c08      30 (00000c00)     _CpuTimer1Regs
00000c10      30 (00000c00)     _CpuTimer2Regs

00000ce0      33 (00000cc0)     _PieCtrlRegs

00000d00      34 (00000d00)     _PieVectTable

00001000      40 (00001000)     _DmaRegs

00001400      50 (00001400)     _Cla1Regs

00003000      c0 (00003000)     _Clb1LogicCfgRegs

00003100      c4 (00003100)     _Clb1LogicCtrlRegs

00003200      c8 (00003200)     _Clb1DataExchRegs

00003400      d0 (00003400)     _Clb2LogicCfgRegs

00003500      d4 (00003500)     _Clb2LogicCtrlRegs

00003600      d8 (00003600)     _Clb2DataExchRegs

00003800      e0 (00003800)     _Clb3LogicCfgRegs

00003900      e4 (00003900)     _Clb3LogicCtrlRegs

00003a00      e8 (00003a00)     _Clb3DataExchRegs

00003c00      f0 (00003c00)     _Clb4LogicCfgRegs

00003d00      f4 (00003d00)     _Clb4LogicCtrlRegs

00003e00      f8 (00003e00)     _Clb4DataExchRegs

00004000     100 (00004000)     _EPwm1Regs

00004100     104 (00004100)     _EPwm2Regs

00004200     108 (00004200)     _EPwm3Regs

00004300     10c (00004300)     _EPwm4Regs

00004400     110 (00004400)     _EPwm5Regs

00004500     114 (00004500)     _EPwm6Regs

00004600     118 (00004600)     _EPwm7Regs

00004700     11c (00004700)     _EPwm8Regs

00004800     120 (00004800)     _EPwm9Regs

00004900     124 (00004900)     _EPwm10Regs

00004a00     128 (00004a00)     _EPwm11Regs

00004b00     12c (00004b00)     _EPwm12Regs

00005000     140 (00005000)     _ECap1Regs
00005020     140 (00005000)     _ECap2Regs

00005040     141 (00005040)     _ECap3Regs
00005060     141 (00005040)     _ECap4Regs

00005080     142 (00005080)     _ECap5Regs
000050a0     142 (00005080)     _ECap6Regs

00005100     144 (00005100)     _EQep1Regs

00005140     145 (00005140)     _EQep2Regs

00005180     146 (00005180)     _EQep3Regs

00005c00     170 (00005c00)     _DacaRegs
00005c10     170 (00005c00)     _DacbRegs
00005c20     170 (00005c00)     _DaccRegs

00005c80     172 (00005c80)     _Cmpss1Regs
00005ca0     172 (00005c80)     _Cmpss2Regs

00005cc0     173 (00005cc0)     _Cmpss3Regs
00005ce0     173 (00005cc0)     _Cmpss4Regs

00005d00     174 (00005d00)     _Cmpss5Regs
00005d20     174 (00005d00)     _Cmpss6Regs

00005d40     175 (00005d40)     _Cmpss7Regs
00005d60     175 (00005d40)     _Cmpss8Regs

00005e00     178 (00005e00)     _Sdfm1Regs

00005e80     17a (00005e80)     _Sdfm2Regs

00006000     180 (00006000)     _McbspaRegs

00006040     181 (00006040)     _McbspbRegs

00006100     184 (00006100)     _SpiaRegs
00006110     184 (00006100)     _SpibRegs
00006120     184 (00006100)     _SpicRegs

00006200     188 (00006200)     _UppRegs

00007000     1c0 (00007000)     _WdRegs

00007060     1c1 (00007040)     _NmiIntruptRegs
00007070     1c1 (00007040)     _XintRegs

00007200     1c8 (00007200)     _SciaRegs
00007210     1c8 (00007200)     _ScibRegs
00007220     1c8 (00007200)     _ScicRegs
00007230     1c8 (00007200)     _ScidRegs

00007300     1cc (00007300)     _I2caRegs

00007340     1cd (00007340)     _I2cbRegs

00007400     1d0 (00007400)     _AdcaRegs

00007480     1d2 (00007480)     _AdcbRegs

00007500     1d4 (00007500)     _AdccRegs

00007580     1d6 (00007580)     _AdcdRegs

00007900     1e4 (00007900)     _InputXbarRegs
00007920     1e4 (00007900)     _XbarRegs

00007940     1e5 (00007940)     _SyncSocRegs

00007980     1e6 (00007980)     _DmaClaSrcSelRegs

00007a00     1e8 (00007a00)     _EPwmXbarRegs

00007a40     1e9 (00007a40)     _ClbXbarRegs

00007a80     1ea (00007a80)     _OutputXbarRegs

00007c00     1f0 (00007c00)     _GpioCtrlRegs

00007f00     1fc (00007f00)     _GpioDataRegs

0000a800     2a0 (0000a800)     _plot

0000ab20     2ac (0000ab00)     _avg
0000ab38     2ac (0000ab00)     _EPWM_PTR

0000ab40     2ad (0000ab40)     _TEST_THETA
0000ab41     2ad (0000ab40)     _TEST_EPD
0000ab42     2ad (0000ab40)     _Ecount
0000ab43     2ad (0000ab40)     _Inphase
0000ab44     2ad (0000ab40)     _s_count
0000ab45     2ad (0000ab40)     _t_count
0000ab46     2ad (0000ab40)     _Ena_Current_count
0000ab47     2ad (0000ab40)     _OVER_CURRENT
0000ab48     2ad (0000ab40)     _daint
0000ab49     2ad (0000ab40)     _dbint
0000ab4a     2ad (0000ab40)     _dcint
0000ab4b     2ad (0000ab40)     _nsample
0000ab4c     2ad (0000ab40)     _sector
0000ab4d     2ad (0000ab40)     _CONTROL
0000ab4e     2ad (0000ab40)     _Test_mode
0000ab4f     2ad (0000ab40)     _index
0000ab50     2ad (0000ab40)     _VA
0000ab52     2ad (0000ab40)     _VB
0000ab54     2ad (0000ab40)     _VC
0000ab56     2ad (0000ab40)     _Val
0000ab58     2ad (0000ab40)     _Vbe
0000ab5a     2ad (0000ab40)     _Vd
0000ab5c     2ad (0000ab40)     _Vq
0000ab5e     2ad (0000ab40)     _V_d_
0000ab60     2ad (0000ab40)     _V_q_
0000ab62     2ad (0000ab40)     _Vmax
0000ab64     2ad (0000ab40)     _E_PD
0000ab66     2ad (0000ab40)     _V_LF
0000ab68     2ad (0000ab40)     _W_EST
0000ab6a     2ad (0000ab40)     _W_EST_
0000ab6c     2ad (0000ab40)     _THETA
0000ab6e     2ad (0000ab40)     _F_EST
0000ab70     2ad (0000ab40)     _Ial_m
0000ab72     2ad (0000ab40)     _Ibe_m
0000ab74     2ad (0000ab40)     _Id_m
0000ab76     2ad (0000ab40)     _Iq_m
0000ab78     2ad (0000ab40)     _Ia_ref
0000ab7a     2ad (0000ab40)     _Ib_ref
0000ab7c     2ad (0000ab40)     _Ic_ref
0000ab7e     2ad (0000ab40)     _Ia_adc

0000ab80     2ae (0000ab80)     _Ib_adc
0000ab82     2ae (0000ab80)     _Ic_adc
0000ab84     2ae (0000ab80)     _Iam
0000ab86     2ae (0000ab80)     _Ibm
0000ab88     2ae (0000ab80)     _Icm
0000ab8a     2ae (0000ab80)     _Err_a
0000ab8c     2ae (0000ab80)     _Err_b
0000ab8e     2ae (0000ab80)     _Err_c
0000ab90     2ae (0000ab80)     _Va_l
0000ab92     2ae (0000ab80)     _Vb_l
0000ab94     2ae (0000ab80)     _Vc_l
0000ab96     2ae (0000ab80)     _Da
0000ab98     2ae (0000ab80)     _Db
0000ab9a     2ae (0000ab80)     _Dc
0000ab9c     2ae (0000ab80)     _Imax
0000ab9e     2ae (0000ab80)     _Ic_test1
0000aba0     2ae (0000ab80)     _Ialpha_ref
0000aba2     2ae (0000ab80)     _Ibeta_ref
0000aba4     2ae (0000ab80)     _Ialpha_measurement
0000aba6     2ae (0000ab80)     _Ibeta_measurement
0000aba8     2ae (0000ab80)     _Err_alpha
0000abaa     2ae (0000ab80)     _Err_beta
0000abac     2ae (0000ab80)     _Valpha_l
0000abae     2ae (0000ab80)     _Vbeta_l
0000abb0     2ae (0000ab80)     _Real_Current
0000abb2     2ae (0000ab80)     _volt
0000abb4     2ae (0000ab80)     _Voltage_Sen
0000abb6     2ae (0000ab80)     _AVG_F
0000abb8     2ae (0000ab80)     _C_Vmax
0000abba     2ae (0000ab80)     _Ia_test
0000abbc     2ae (0000ab80)     _Ib_test
0000abbe     2ae (0000ab80)     _Ic_test

0000abc0     2af (0000abc0)     _s_theta
0000abc2     2af (0000abc0)     _dal
0000abc4     2af (0000abc0)     _dbe
0000abc6     2af (0000abc0)     _dTheta
0000abc8     2af (0000abc0)     _t1
0000abca     2af (0000abc0)     _t2
0000abcc     2af (0000abc0)     _t0
0000abce     2af (0000abc0)     _psa
0000abd0     2af (0000abc0)     _psb
0000abd2     2af (0000abc0)     _psc
0000abd4     2af (0000abc0)     _dMax
0000abd6     2af (0000abc0)     _Id_ref
0000abd8     2af (0000abc0)     _Iq_ref
0000abda     2af (0000abc0)     _OUT_DATA
0000abdc     2af (0000abc0)     _Data
0000abde     2af (0000abc0)     _sqr_Vmax
0000abe0     2af (0000abc0)     __Val
0000abe2     2af (0000abc0)     __qVal
0000abe4     2af (0000abc0)     __Vbe
0000abe6     2af (0000abc0)     __qVbe
0000abe8     2af (0000abc0)     _Val_pos
0000abea     2af (0000abc0)     _Vbe_pos
0000abec     2af (0000abc0)     _D_LP_FILTER
0000abf4     2af (0000abc0)     _Q_LP_FILTER

0000ac00     2b0 (0000ac00)     _TEST_FILTER
0000ac08     2b0 (0000ac00)     _PI_CONTROLLER
0000ac10     2b0 (0000ac00)     _IN_MOD_2PI
0000ac18     2b0 (0000ac00)     _MY_ST
0000ac22     2b0 (0000ac00)     _W0_2ND_LPF
0000ac2e     2b0 (0000ac00)     _PR_ALPHA

0000ac40     2b1 (0000ac40)     _PR_BETA
0000ac4c     2b1 (0000ac40)     _Dz_ALPHA
0000ac58     2b1 (0000ac40)     _Qz_ALPHA
0000ac64     2b1 (0000ac40)     _Dz_BETA
0000ac70     2b1 (0000ac40)     _Qz_BETA

0000ac80     2b2 (0000ac80)     _ID_PI
0000ac90     2b2 (0000ac80)     _IQ_PI
0000aca0     2b2 (0000ac80)     _Delta_alpha

0000acc0     2b3 (0000acc0)     _Delta_beta

0000ad00     2b4 (0000ad00)     _VABC
0000ad34     2b4 (0000ad00)     _off

0000ad40     2b5 (0000ad40)     _Example_Result
0000ad42     2b5 (0000ad40)     _Example_PassCount
0000ad44     2b5 (0000ad40)     _Example_Fail
0000ad46     2b5 (0000ad40)     ___TI_enable_exit_profile_output
0000ad48     2b5 (0000ad40)     ___TI_cleanup_ptr
0000ad4a     2b5 (0000ad40)     ___TI_dtors_ptr
0000ad4c     2b5 (0000ad40)     __lock
0000ad4e     2b5 (0000ad40)     __unlock

00047000    11c0 (00047000)     _Emif1Regs

00047800    11e0 (00047800)     _Emif2Regs

00048000    1200 (00048000)     _CanaRegs

0004a000    1280 (0004a000)     _CanbRegs

00050000    1400 (00050000)     _IpcRegs
00050024    1400 (00050000)     _FlashPumpSemaphoreRegs

0005d000    1740 (0005d000)     _DevCfgRegs

0005d180    1746 (0005d180)     _AnalogSubsysRegs

0005d200    1748 (0005d200)     _ClkCfgRegs

0005d300    174c (0005d300)     _CpuSysRegs

0005e608    1798 (0005e600)     _RomPrefetchRegs

0005f000    17c0 (0005f000)     _DcsmZ1Regs

0005f040    17c1 (0005f040)     _DcsmZ2Regs
0005f070    17c1 (0005f040)     _DcsmCommonRegs

0005f400    17d0 (0005f400)     _MemCfgRegs

0005f480    17d2 (0005f480)     _Emif1ConfigRegs
0005f4a0    17d2 (0005f480)     _Emif2ConfigRegs

0005f4c0    17d3 (0005f4c0)     _AccessProtectionRegs

0005f500    17d4 (0005f500)     _MemoryErrorRegs

0005f540    17d5 (0005f540)     _RomWaitStateRegs

0005f800    17e0 (0005f800)     _Flash0CtrlRegs

0005fb00    17ec (0005fb00)     _Flash0EccRegs

00090000    2400 (00090000)     _PieVectTableInit

00090470    2411 (00090440)     _Dz_coefficient
0009047a    2411 (00090440)     _Qz_coefficient

00090484    2412 (00090480)     _W0_2LP_COEFFICIENT
0009048e    2412 (00090480)     _DQ_LP_COEFFICIENT
00090494    2412 (00090480)     _IN_MOD_2PI_COEFFICIENT
0009049a    2412 (00090480)     _PI_COEFFICENT


GLOBAL SYMBOLS: SORTED ALPHABETICALLY BY Name 

page  address   name                                      
----  -------   ----                                      
abs   ffffffff  .text                                     
0     00084d36  C$$EXIT                                   
0     000849d4  FS$$DIV                                   
0     00084dd3  FS$$TOLL                                  
0     00084843  LL$$DIV                                   
0     0008487f  LL$$MOD                                   
0     00084e3e  LL$$TOFS                                  
0     00084fa3  U$$DIV                                    
0     00084fa8  U$$MOD                                    
0     000848b9  ULL$$DIV                                  
0     000848e8  ULL$$MOD                                  
0     00083633  _ADCA1_ISR                                
0     000838b3  _ADCA2_ISR                                
0     000838bd  _ADCA3_ISR                                
0     000838c7  _ADCA4_ISR                                
0     000838a9  _ADCA_EVT_ISR                             
0     0008363d  _ADCB1_ISR                                
0     000838db  _ADCB2_ISR                                
0     000838e5  _ADCB3_ISR                                
0     000838ef  _ADCB4_ISR                                
0     000838d1  _ADCB_EVT_ISR                             
0     00083647  _ADCC1_ISR                                
0     00083a43  _ADCC2_ISR                                
0     00083a4d  _ADCC3_ISR                                
0     00083a57  _ADCC4_ISR                                
0     00083a39  _ADCC_EVT_ISR                             
0     00083665  _ADCD1_ISR                                
0     00083a6b  _ADCD2_ISR                                
0     00083a75  _ADCD3_ISR                                
0     00083a7f  _ADCD4_ISR                                
0     00083a61  _ADCD_EVT_ISR                             
0     00084a5c  _ADC_setINLTrim                           
0     00084d07  _ADC_setMode                              
0     00084b33  _ADC_setOffsetTrim                        
0     00083abb  _AUX_PLL_SLIP_ISR                         
1     0000abb6  _AVG_F                                    
1     0005f4c0  _AccessProtectionRegs                     
1     00007400  _AdcaRegs                                 
1     00000b00  _AdcaResultRegs                           
1     00007480  _AdcbRegs                                 
1     00000b20  _AdcbResultRegs                           
1     00007500  _AdccRegs                                 
1     00000b40  _AdccResultRegs                           
1     00007580  _AdcdRegs                                 
1     00000b60  _AdcdResultRegs                           
1     0005d180  _AnalogSubsysRegs                         
0     00083f3c  _AuxAuxClkSel                             
0     00083f26  _AuxIntOsc2Sel                            
0     00083f30  _AuxXtalOscSel                            
0     00083881  _CANA0_ISR                                
0     0008388b  _CANA1_ISR                                
0     00083895  _CANB0_ISR                                
0     0008389f  _CANB1_ISR                                
0     000838f9  _CLA1_1_ISR                               
0     00083903  _CLA1_2_ISR                               
0     0008390d  _CLA1_3_ISR                               
0     00083917  _CLA1_4_ISR                               
0     00083921  _CLA1_5_ISR                               
0     0008392b  _CLA1_6_ISR                               
0     00083935  _CLA1_7_ISR                               
0     0008393f  _CLA1_8_ISR                               
0     00083ac5  _CLA_OVERFLOW_ISR                         
0     00083acf  _CLA_UNDERFLOW_ISR                        
1     0000ab4d  _CONTROL                                  
1     0000abb8  _C_Vmax                                   
1     00048000  _CanaRegs                                 
1     0004a000  _CanbRegs                                 
1     00001400  _Cla1Regs                                 
1     00003200  _Clb1DataExchRegs                         
1     00003000  _Clb1LogicCfgRegs                         
1     00003100  _Clb1LogicCtrlRegs                        
1     00003600  _Clb2DataExchRegs                         
1     00003400  _Clb2LogicCfgRegs                         
1     00003500  _Clb2LogicCtrlRegs                        
1     00003a00  _Clb3DataExchRegs                         
1     00003800  _Clb3LogicCfgRegs                         
1     00003900  _Clb3LogicCtrlRegs                        
1     00003e00  _Clb4DataExchRegs                         
1     00003c00  _Clb4LogicCfgRegs                         
1     00003d00  _Clb4LogicCtrlRegs                        
1     00007a40  _ClbXbarRegs                              
1     0005d200  _ClkCfgRegs                               
1     00005c80  _Cmpss1Regs                               
1     00005ca0  _Cmpss2Regs                               
1     00005cc0  _Cmpss3Regs                               
1     00005ce0  _Cmpss4Regs                               
1     00005d00  _Cmpss5Regs                               
1     00005d20  _Cmpss6Regs                               
1     00005d40  _Cmpss7Regs                               
1     00005d60  _Cmpss8Regs                               
0     00083f90  _ConfigureTMXAnalogTrim                   
1     0005d300  _CpuSysRegs                               
1     00000c00  _CpuTimer0Regs                            
1     00000c08  _CpuTimer1Regs                            
1     00000c10  _CpuTimer2Regs                            
0     00083ed1  _CsmUnlock                                
0     00083589  _DATALOG_ISR                              
0     000837cd  _DMA_CH1_ISR                              
0     000837d7  _DMA_CH2_ISR                              
0     000837e1  _DMA_CH3_ISR                              
0     000837eb  _DMA_CH4_ISR                              
0     000837f5  _DMA_CH5_ISR                              
0     000837ff  _DMA_CH6_ISR                              
0     0009048e  _DQ_LP_COEFFICIENT                        
1     0000abec  _D_LP_FILTER                              
1     0000ab96  _Da                                       
1     00005c00  _DacaRegs                                 
1     00005c10  _DacbRegs                                 
1     00005c20  _DaccRegs                                 
1     0000abdc  _Data                                     
1     0000ab98  _Db                                       
1     0000ab9a  _Dc                                       
1     0005f070  _DcsmCommonRegs                           
1     0005f000  _DcsmZ1Regs                               
1     0005f040  _DcsmZ2Regs                               
1     0000aca0  _Delta_alpha                              
1     0000acc0  _Delta_beta                               
1     0005d000  _DevCfgRegs                               
0     0008426d  _Device_bootCPU2                          
0     0008423c  _Device_configureTMXAnalogTrim            
0     000840ea  _Device_enableAllPeripherals              
0     00084226  _Device_enableUnbondedGPIOPullups         
0     00084209  _Device_enableUnbondedGPIOPullupsFor100Pin
0     000841f6  _Device_enableUnbondedGPIOPullupsFor176Pin
0     00084097  _Device_init                              
0     000841d5  _Device_initGPIO                          
0     00083be6  _DisableDog                               
0     00083ba7  _DisablePeripheralClocks                  
1     00007980  _DmaClaSrcSelRegs                         
1     00001000  _DmaRegs                                  
1     0000ac4c  _Dz_ALPHA                                 
1     0000ac64  _Dz_BETA                                  
0     00090470  _Dz_coefficient                           
0     00083723  _ECAP1_ISR                                
0     0008372d  _ECAP2_ISR                                
0     00083737  _ECAP3_ISR                                
0     00083741  _ECAP4_ISR                                
0     0008374b  _ECAP5_ISR                                
0     00083755  _ECAP6_ISR                                
1     00005000  _ECap1Regs                                
1     00005020  _ECap2Regs                                
1     00005040  _ECap3Regs                                
1     00005060  _ECap4Regs                                
1     00005080  _ECap5Regs                                
1     000050a0  _ECap6Regs                                
0     00083a89  _EMIF_ERROR_ISR                           
0     00083ae3  _EMPTY_ISR                                
0     0008359d  _EMU_ISR                                  
0     000839df  _EPWM10_ISR                               
0     000839b7  _EPWM10_TZ_ISR                            
0     000839e9  _EPWM11_ISR                               
0     000839c1  _EPWM11_TZ_ISR                            
0     000839f3  _EPWM12_ISR                               
0     000839cb  _EPWM12_TZ_ISR                            
0     000836d3  _EPWM1_ISR                                
0     00083683  _EPWM1_TZ_ISR                             
0     000836dd  _EPWM2_ISR                                
0     0008368d  _EPWM2_TZ_ISR                             
0     000836e7  _EPWM3_ISR                                
0     00083697  _EPWM3_TZ_ISR                             
0     000836f1  _EPWM4_ISR                                
0     000836a1  _EPWM4_TZ_ISR                             
0     000836fb  _EPWM5_ISR                                
0     000836ab  _EPWM5_TZ_ISR                             
0     00083705  _EPWM6_ISR                                
0     000836b5  _EPWM6_TZ_ISR                             
0     0008370f  _EPWM7_ISR                                
0     000836bf  _EPWM7_TZ_ISR                             
0     00083719  _EPWM8_ISR                                
0     000836c9  _EPWM8_TZ_ISR                             
0     000839d5  _EPWM9_ISR                                
0     000839ad  _EPWM9_TZ_ISR                             
1     0000ab38  _EPWM_PTR                                 
1     00004900  _EPwm10Regs                               
1     00004a00  _EPwm11Regs                               
1     00004b00  _EPwm12Regs                               
1     00004000  _EPwm1Regs                                
1     00004100  _EPwm2Regs                                
1     00004200  _EPwm3Regs                                
1     00004300  _EPwm4Regs                                
1     00004400  _EPwm5Regs                                
1     00004500  _EPwm6Regs                                
1     00004600  _EPwm7Regs                                
1     00004700  _EPwm8Regs                                
1     00004800  _EPwm9Regs                                
1     00007a00  _EPwmXbarRegs                             
0     0008375f  _EQEP1_ISR                                
0     00083769  _EQEP2_ISR                                
0     00083773  _EQEP3_ISR                                
1     00005100  _EQep1Regs                                
1     00005140  _EQep2Regs                                
1     00005180  _EQep3Regs                                
1     0000ab64  _E_PD                                     
1     0000ab42  _Ecount                                   
1     0005f480  _Emif1ConfigRegs                          
1     00047000  _Emif1Regs                                
1     0005f4a0  _Emif2ConfigRegs                          
1     00047800  _Emif2Regs                                
1     0000ab46  _Ena_Current_count                        
0     00084d7e  _EnableInterrupts                         
1     0000ab8a  _Err_a                                    
1     0000aba8  _Err_alpha                                
1     0000ab8c  _Err_b                                    
1     0000abaa  _Err_beta                                 
1     0000ab8e  _Err_c                                    
1     0000ad44  _Example_Fail                             
1     0000ad42  _Example_PassCount                        
1     0000ad40  _Example_Result                           
0     000843f8  _Example_done                             
0     000843f3  _Example_setResultFail                    
0     000843ee  _Example_setResultPass                    
0     0000815b  _F28x_usDelay                             
0     00083a9d  _FLASH_CORRECTABLE_ERROR_ISR              
0     00083971  _FPU_OVERFLOW_ISR                         
0     0008397b  _FPU_UNDERFLOW_ISR                        
1     0000ab6e  _F_EST                                    
1     0005f800  _Flash0CtrlRegs                           
1     0005fb00  _Flash0EccRegs                            
0     0000806c  _FlashOff                                 
1     00050024  _FlashPumpSemaphoreRegs                   
0     00008000  _Flash_initModule                         
0     000845f2  _GPIO_EnableUnbondedIOPullups             
0     000845cd  _GPIO_EnableUnbondedIOPullupsFor100Pin    
0     000845b4  _GPIO_EnableUnbondedIOPullupsFor176Pin    
0     00084608  _GPIO_ReadPin                             
0     00084559  _GPIO_SetupLock                           
0     00084439  _GPIO_SetupPinMux                         
0     000844c5  _GPIO_SetupPinOptions                     
0     00084582  _GPIO_SetupXINT1Gpio                      
0     0008458c  _GPIO_SetupXINT2Gpio                      
0     00084596  _GPIO_SetupXINT3Gpio                      
0     000845a0  _GPIO_SetupXINT4Gpio                      
0     000845aa  _GPIO_SetupXINT5Gpio                      
0     0008461f  _GPIO_WritePin                            
0     00084c31  _GPIO_setControllerCore                   
0     00084cd6  _GPIO_setDirectionMode                    
0     00084c68  _GPIO_setPinConfig                        
0     00084c9f  _GPIO_setQualificationMode                
1     00007c00  _GpioCtrlRegs                             
1     00007f00  _GpioDataRegs                             
0     00083f5a  _HALT                                     
0     00083f73  _HIB                                      
0     00083813  _I2CA_FIFO_ISR                            
0     00083809  _I2CA_ISR                                 
0     00083827  _I2CB_FIFO_ISR                            
0     0008381d  _I2CB_ISR                                 
1     00007300  _I2caRegs                                 
1     00007340  _I2cbRegs                                 
0     00083f46  _IDLE                                     
1     0000ac80  _ID_PI                                    
0     000835b1  _ILLEGAL_ISR                              
1     0000ac10  _IN_MOD_2PI                               
0     00090494  _IN_MOD_2PI_COEFFICIENT                   
0     00083985  _IPC0_ISR                                 
0     0008398f  _IPC1_ISR                                 
0     00083999  _IPC2_ISR                                 
0     000839a3  _IPC3_ISR                                 
1     0000ac90  _IQ_PI                                    
1     0000ab7e  _Ia_adc                                   
1     0000ab78  _Ia_ref                                   
1     0000abba  _Ia_test                                  
1     0000ab70  _Ial_m                                    
1     0000aba4  _Ialpha_measurement                       
1     0000aba0  _Ialpha_ref                               
1     0000ab84  _Iam                                      
1     0000ab80  _Ib_adc                                   
1     0000ab7a  _Ib_ref                                   
1     0000abbc  _Ib_test                                  
1     0000ab72  _Ibe_m                                    
1     0000aba6  _Ibeta_measurement                        
1     0000aba2  _Ibeta_ref                                
1     0000ab86  _Ibm                                      
1     0000ab82  _Ic_adc                                   
1     0000ab7c  _Ic_ref                                   
1     0000abbe  _Ic_test                                  
1     0000ab9e  _Ic_test1                                 
1     0000ab88  _Icm                                      
1     0000ab74  _Id_m                                     
1     0000abd6  _Id_ref                                   
1     0000ab9c  _Imax                                     
0     00083de2  _InitAuxPll                               
0     00008043  _InitFlash                                
0     000843f9  _InitGpio                                 
0     00083b23  _InitPeripheralClocks                     
0     00084d5f  _InitPieCtrl                              
0     00084d87  _InitPieVectTable                         
0     00083afa  _InitSysCtrl                              
0     00083bf4  _InitSysPll                               
1     0000ab43  _Inphase                                  
1     00007900  _InputXbarRegs                            
1     00050000  _IpcRegs                                  
1     0000ab76  _Iq_m                                     
1     0000abd8  _Iq_ref                                   
0     000837a5  _MCBSPA_RX_ISR                            
0     000837af  _MCBSPA_TX_ISR                            
0     000837b9  _MCBSPB_RX_ISR                            
0     000837c3  _MCBSPB_TX_ISR                            
1     0000ac18  _MY_ST                                    
1     00006000  _McbspaRegs                               
1     00006040  _McbspbRegs                               
1     0005f400  _MemCfgRegs                               
1     0005f500  _MemoryErrorRegs                          
0     000835a7  _NMI_ISR                                  
0     00083af0  _NOTUSED_ISR                              
1     00007060  _NmiIntruptRegs                           
1     0000abda  _OUT_DATA                                 
1     0000ab47  _OVER_CURRENT                             
1     00007a80  _OutputXbarRegs                           
0     00083ad9  _PIE_RESERVED_ISR                         
0     0009049a  _PI_COEFFICENT                            
1     0000ac08  _PI_CONTROLLER                            
1     0000ac2e  _PR_ALPHA                                 
1     0000ac40  _PR_BETA                                  
1     00000ce0  _PieCtrlRegs                              
1     00000d00  _PieVectTable                             
0     00090000  _PieVectTableInit                         
1     0000abf4  _Q_LP_FILTER                              
1     0000ac58  _Qz_ALPHA                                 
1     0000ac70  _Qz_BETA                                  
0     0009047a  _Qz_coefficient                           
0     00083aa7  _RAM_ACCESS_VIOLATION_ISR                 
0     00083a93  _RAM_CORRECTABLE_ERROR_ISR                
0     00083593  _RTOS_ISR                                 
0     00086163  _RamfuncsLoadEnd                          
abs   00000163  _RamfuncsLoadSize                         
0     00086000  _RamfuncsLoadStart                        
0     00008163  _RamfuncsRunEnd                           
abs   00000163  _RamfuncsRunSize                          
0     00008000  _RamfuncsRunStart                         
1     0000abb0  _Real_Current                             
0     00083bce  _ReleaseFlashPump                         
1     0005e608  _RomPrefetchRegs                          
1     0005f540  _RomWaitStateRegs                         
0     00083859  _SCIA_RX_ISR                              
0     00083863  _SCIA_TX_ISR                              
0     0008386d  _SCIB_RX_ISR                              
0     00083877  _SCIB_TX_ISR                              
0     00083831  _SCIC_RX_ISR                              
0     0008383b  _SCIC_TX_ISR                              
0     00083845  _SCID_RX_ISR                              
0     0008384f  _SCID_TX_ISR                              
0     000839fd  _SD1_ISR                                  
0     00083a07  _SD2_ISR                                  
0     0008377d  _SPIA_RX_ISR                              
0     00083787  _SPIA_TX_ISR                              
0     00083791  _SPIB_RX_ISR                              
0     0008379b  _SPIB_TX_ISR                              
0     00083a11  _SPIC_RX_ISR                              
0     00083a1b  _SPIC_TX_ISR                              
0     00083f4f  _STANDBY                                  
0     00083ab1  _SYS_PLL_SLIP_ISR                         
1     00007200  _SciaRegs                                 
1     00007210  _ScibRegs                                 
1     00007220  _ScicRegs                                 
1     00007230  _ScidRegs                                 
1     00005e00  _Sdfm1Regs                                
1     00005e80  _Sdfm2Regs                                
0     00083bbf  _SeizeFlashPump                           
0     00083bd8  _ServiceDog                               
1     00006100  _SpiaRegs                                 
1     00006110  _SpibRegs                                 
1     00006120  _SpicRegs                                 
1     00007940  _SyncSocRegs                              
0     0000815f  _SysCtl_delay                             
0     00083fad  _SysCtl_getClock                          
0     00084acb  _SysCtl_getDeviceParametric               
0     00084ecf  _SysCtl_getLowSpeedClock                  
0     00084be9  _SysCtl_selectOscSource                   
0     0008494a  _SysCtl_selectXTAL                        
0     0008463d  _SysCtl_setClock                          
0     00083ef2  _SysIntOsc1Sel                            
0     00083f02  _SysIntOsc2Sel                            
0     00083f16  _SysXtalOscSel                            
1     0000ab41  _TEST_EPD                                 
1     0000ac00  _TEST_FILTER                              
1     0000ab40  _TEST_THETA                               
1     0000ab6c  _THETA                                    
0     0008366f  _TIMER0_ISR                               
0     00083575  _TIMER1_ISR                               
0     0008357f  _TIMER2_ISR                               
1     0000ab4e  _Test_mode                                
0     00083a25  _UPPA_ISR                                 
0     00083a2f  _USBA_ISR                                 
0     00083615  _USER10_ISR                               
0     0008361f  _USER11_ISR                               
0     00083629  _USER12_ISR                               
0     000835bb  _USER1_ISR                                
0     000835c5  _USER2_ISR                                
0     000835cf  _USER3_ISR                                
0     000835d9  _USER4_ISR                                
0     000835e3  _USER5_ISR                                
0     000835ed  _USER6_ISR                                
0     000835f7  _USER7_ISR                                
0     00083601  _USER8_ISR                                
0     0008360b  _USER9_ISR                                
1     00006200  _UppRegs                                  
1     0000ab50  _VA                                       
1     0000ad00  _VABC                                     
1     0000ab52  _VB                                       
1     0000ab54  _VC                                       
0     00083967  _VCU_ISR                                  
1     0000ab66  _V_LF                                     
1     0000ab5e  _V_d_                                     
1     0000ab60  _V_q_                                     
1     0000ab90  _Va_l                                     
1     0000ab56  _Val                                      
1     0000abe8  _Val_pos                                  
1     0000abac  _Valpha_l                                 
1     0000ab92  _Vb_l                                     
1     0000ab58  _Vbe                                      
1     0000abea  _Vbe_pos                                  
1     0000abae  _Vbeta_l                                  
1     0000ab94  _Vc_l                                     
1     0000ab5a  _Vd                                       
1     0000ab62  _Vmax                                     
1     0000abb4  _Voltage_Sen                              
1     0000ab5c  _Vq                                       
0     00090484  _W0_2LP_COEFFICIENT                       
[...]
0     00083de2  _InitAuxPll                               
0     00083ed1  _CsmUnlock                                
0     00083ef2  _SysIntOsc1Sel                            
0     00083f02  _SysIntOsc2Sel                            
0     00083f16  _SysXtalOscSel                            
0     00083f26  _AuxIntOsc2Sel                            
0     00083f30  _AuxXtalOscSel                            
0     00083f3c  _AuxAuxClkSel                             
0     00083f46  _IDLE                                     
0     00083f4f  _STANDBY                                  
0     00083f5a  _HALT                                     
0     00083f73  _HIB                                      
0     00083f90  _ConfigureTMXAnalogTrim                   
0     00083fad  _SysCtl_getClock                          
0     00083ffe  __system_pre_init                         
0     00084097  _Device_init                              
0     000840ea  _Device_enableAllPeripherals              
0     000841d5  _Device_initGPIO                          
0     000841f6  _Device_enableUnbondedGPIOPullupsFor176Pin
0     00084209  _Device_enableUnbondedGPIOPullupsFor100Pin
0     00084226  _Device_enableUnbondedGPIOPullups         
0     0008423c  _Device_configureTMXAnalogTrim            
0     0008426d  _Device_bootCPU2                          
0     000843e7  ___error__                                
0     000843ee  _Example_setResultPass                    
0     000843f3  _Example_setResultFail                    
0     000843f8  _Example_done                             
0     000843f9  _InitGpio                                 
0     00084439  _GPIO_SetupPinMux                         
0     000844c5  _GPIO_SetupPinOptions                     
0     00084559  _GPIO_SetupLock                           
0     00084582  _GPIO_SetupXINT1Gpio                      
0     0008458c  _GPIO_SetupXINT2Gpio                      
0     00084596  _GPIO_SetupXINT3Gpio                      
0     000845a0  _GPIO_SetupXINT4Gpio                      
0     000845aa  _GPIO_SetupXINT5Gpio                      
0     000845b4  _GPIO_EnableUnbondedIOPullupsFor176Pin    
0     000845cd  _GPIO_EnableUnbondedIOPullupsFor100Pin    
0     000845f2  _GPIO_EnableUnbondedIOPullups             
0     00084608  _GPIO_ReadPin                             
0     0008461f  _GPIO_WritePin                            
0     0008463d  _SysCtl_setClock                          
0     00084843  LL$$DIV                                   
0     0008487f  LL$$MOD                                   
0     000848b9  ULL$$DIV                                  
0     000848e8  ULL$$MOD                                  
0     0008494a  _SysCtl_selectXTAL                        
0     000849d4  FS$$DIV                                   
0     00084a5c  _ADC_setINLTrim                           
0     00084acb  _SysCtl_getDeviceParametric               
0     00084b33  _ADC_setOffsetTrim                        
0     00084b93  _c_int00                                  
0     00084be9  _SysCtl_selectOscSource                   
0     00084c31  _GPIO_setControllerCore                   
0     00084c68  _GPIO_setPinConfig                        
0     00084c9f  _GPIO_setQualificationMode                
0     00084cd6  _GPIO_setDirectionMode                    
0     00084d07  _ADC_setMode                              
0     00084d36  C$$EXIT                                   
0     00084d36  _abort                                    
0     00084d38  _exit                                     
0     00084d5f  _InitPieCtrl                              
0     00084d7e  _EnableInterrupts                         
0     00084d87  _InitPieVectTable                         
0     00084dd3  FS$$TOLL                                  
0     00084df9  _copy_in                                  
0     00084e3e  LL$$TOFS                                  
0     00084e7d  _memcpy                                   
0     00084ecf  _SysCtl_getLowSpeedClock                  
0     00084f38  __args_main                               
0     00084fa3  U$$DIV                                    
0     00084fa8  U$$MOD                                    
0     00084fb7  __register_unlock                         
0     00084fbb  __register_lock                           
0     00084fbf  __nop                                     
0     00084fcf  __system_post_cinit                       
0     00086000  _RamfuncsLoadStart                        
0     00086163  _RamfuncsLoadEnd                          
0     00090000  _PieVectTableInit                         
0     00090470  _Dz_coefficient                           
0     0009047a  _Qz_coefficient                           
0     00090484  _W0_2LP_COEFFICIENT                       
0     0009048e  _DQ_LP_COEFFICIENT                        
0     00090494  _IN_MOD_2PI_COEFFICIENT                   
0     0009049a  _PI_COEFFICENT                            
1     00000400  __stack                                   
1     00000500  __STACK_END                               
1     00000b00  _AdcaResultRegs                           
1     00000b20  _AdcbResultRegs                           
1     00000b40  _AdccResultRegs                           
1     00000b60  _AdcdResultRegs                           
1     00000c00  _CpuTimer0Regs                            
1     00000c08  _CpuTimer1Regs                            
1     00000c10  _CpuTimer2Regs                            
1     00000ce0  _PieCtrlRegs                              
1     00000d00  _PieVectTable                             
1     00001000  _DmaRegs                                  
1     00001400  _Cla1Regs                                 
1     00003000  _Clb1LogicCfgRegs                         
1     00003100  _Clb1LogicCtrlRegs                        
1     00003200  _Clb1DataExchRegs                         
1     00003400  _Clb2LogicCfgRegs                         
1     00003500  _Clb2LogicCtrlRegs                        
1     00003600  _Clb2DataExchRegs                         
1     00003800  _Clb3LogicCfgRegs                         
1     00003900  _Clb3LogicCtrlRegs                        
1     00003a00  _Clb3DataExchRegs                         
1     00003c00  _Clb4LogicCfgRegs                         
1     00003d00  _Clb4LogicCtrlRegs                        
1     00003e00  _Clb4DataExchRegs                         
1     00004000  _EPwm1Regs                                
1     00004100  _EPwm2Regs                                
1     00004200  _EPwm3Regs                                
1     00004300  _EPwm4Regs                                
1     00004400  _EPwm5Regs                                
1     00004500  _EPwm6Regs                                
1     00004600  _EPwm7Regs                                
1     00004700  _EPwm8Regs                                
1     00004800  _EPwm9Regs                                
1     00004900  _EPwm10Regs                               
1     00004a00  _EPwm11Regs                               
1     00004b00  _EPwm12Regs                               
1     00005000  _ECap1Regs                                
1     00005020  _ECap2Regs                                
1     00005040  _ECap3Regs                                
1     00005060  _ECap4Regs                                
1     00005080  _ECap5Regs                                
1     000050a0  _ECap6Regs                                
1     00005100  _EQep1Regs                                
1     00005140  _EQep2Regs                                
1     00005180  _EQep3Regs                                
1     00005c00  _DacaRegs                                 
1     00005c10  _DacbRegs                                 
1     00005c20  _DaccRegs                                 
1     00005c80  _Cmpss1Regs                               
1     00005ca0  _Cmpss2Regs                               
1     00005cc0  _Cmpss3Regs                               
1     00005ce0  _Cmpss4Regs                               
1     00005d00  _Cmpss5Regs                               
1     00005d20  _Cmpss6Regs                               
1     00005d40  _Cmpss7Regs                               
1     00005d60  _Cmpss8Regs                               
1     00005e00  _Sdfm1Regs                                
1     00005e80  _Sdfm2Regs                                
1     00006000  _McbspaRegs                               
1     00006040  _McbspbRegs                               
1     00006100  _SpiaRegs                                 
1     00006110  _SpibRegs                                 
1     00006120  _SpicRegs                                 
1     00006200  _UppRegs                                  
1     00007000  _WdRegs                                   
1     00007060  _NmiIntruptRegs                           
1     00007070  _XintRegs                                 
1     00007200  _SciaRegs                                 
1     00007210  _ScibRegs                                 
1     00007220  _ScicRegs                                 
1     00007230  _ScidRegs                                 
1     00007300  _I2caRegs                                 
1     00007340  _I2cbRegs                                 
1     00007400  _AdcaRegs                                 
1     00007480  _AdcbRegs                                 
1     00007500  _AdccRegs                                 
1     00007580  _AdcdRegs                                 
1     00007900  _InputXbarRegs                            
1     00007920  _XbarRegs                                 
1     00007940  _SyncSocRegs                              
1     00007980  _DmaClaSrcSelRegs                         
1     00007a00  _EPwmXbarRegs                             
1     00007a40  _ClbXbarRegs                              
1     00007a80  _OutputXbarRegs                           
1     00007c00  _GpioCtrlRegs                             
1     00007f00  _GpioDataRegs                             
1     0000a800  _plot                                     
1     0000ab20  _avg                                      
1     0000ab38  _EPWM_PTR                                 
1     0000ab40  _TEST_THETA                               
1     0000ab41  _TEST_EPD                                 
1     0000ab42  _Ecount                                   
1     0000ab43  _Inphase                                  
1     0000ab44  _s_count                                  
1     0000ab45  _t_count                                  
1     0000ab46  _Ena_Current_count                        
1     0000ab47  _OVER_CURRENT                             
1     0000ab48  _daint                                    
1     0000ab49  _dbint                                    
1     0000ab4a  _dcint                                    
1     0000ab4b  _nsample                                  
1     0000ab4c  _sector                                   
1     0000ab4d  _CONTROL                                  
1     0000ab4e  _Test_mode                                
1     0000ab4f  _index                                    
1     0000ab50  _VA                                       
1     0000ab52  _VB                                       
1     0000ab54  _VC                                       
1     0000ab56  _Val                                      
1     0000ab58  _Vbe                                      
1     0000ab5a  _Vd                                       
1     0000ab5c  _Vq                                       
1     0000ab5e  _V_d_                                     
1     0000ab60  _V_q_                                     
1     0000ab62  _Vmax                                     
1     0000ab64  _E_PD                                     
1     0000ab66  _V_LF                                     
1     0000ab68  _W_EST                                    
1     0000ab6a  _W_EST_                                   
1     0000ab6c  _THETA                                    
1     0000ab6e  _F_EST                                    
1     0000ab70  _Ial_m                                    
1     0000ab72  _Ibe_m                                    
1     0000ab74  _Id_m                                     
1     0000ab76  _Iq_m                                     
1     0000ab78  _Ia_ref                                   
1     0000ab7a  _Ib_ref                                   
1     0000ab7c  _Ic_ref                                   
1     0000ab7e  _Ia_adc                                   
1     0000ab80  _Ib_adc                                   
1     0000ab82  _Ic_adc                                   
1     0000ab84  _Iam                                      
1     0000ab86  _Ibm                                      
1     0000ab88  _Icm                                      
1     0000ab8a  _Err_a                                    
1     0000ab8c  _Err_b                                    
1     0000ab8e  _Err_c                                    
1     0000ab90  _Va_l                                     
1     0000ab92  _Vb_l                                     
1     0000ab94  _Vc_l                                     
1     0000ab96  _Da                                       
1     0000ab98  _Db                                       
1     0000ab9a  _Dc                                       
1     0000ab9c  _Imax                                     
1     0000ab9e  _Ic_test1                                 
1     0000aba0  _Ialpha_ref                               
1     0000aba2  _Ibeta_ref                                
1     0000aba4  _Ialpha_measurement                       
1     0000aba6  _Ibeta_measurement                        
1     0000aba8  _Err_alpha                                
1     0000abaa  _Err_beta                                 
1     0000abac  _Valpha_l                                 
1     0000abae  _Vbeta_l                                  
1     0000abb0  _Real_Current                             
1     0000abb2  _volt                                     
1     0000abb4  _Voltage_Sen                              
1     0000abb6  _AVG_F                                    
1     0000abb8  _C_Vmax                                   
1     0000abba  _Ia_test                                  
1     0000abbc  _Ib_test                                  
1     0000abbe  _Ic_test                                  
1     0000abc0  _s_theta                                  
1     0000abc2  _dal                                      
1     0000abc4  _dbe                                      
1     0000abc6  _dTheta                                   
1     0000abc8  _t1                                       
1     0000abca  _t2                                       
1     0000abcc  _t0                                       
1     0000abce  _psa                                      
1     0000abd0  _psb                                      
1     0000abd2  _psc                                      
1     0000abd4  _dMax                                     
1     0000abd6  _Id_ref                                   
1     0000abd8  _Iq_ref                                   
1     0000abda  _OUT_DATA                                 
1     0000abdc  _Data                                     
1     0000abde  _sqr_Vmax                                 
1     0000abe0  __Val                                     
1     0000abe2  __qVal                                    
1     0000abe4  __Vbe                                     
1     0000abe6  __qVbe                                    
1     0000abe8  _Val_pos                                  
1     0000abea  _Vbe_pos                                  
1     0000abec  _D_LP_FILTER                              
1     0000abf4  _Q_LP_FILTER                              
1     0000ac00  _TEST_FILTER                              
1     0000ac08  _PI_CONTROLLER                            
1     0000ac10  _IN_MOD_2PI                               
1     0000ac18  _MY_ST                                    
1     0000ac22  _W0_2ND_LPF                               
1     0000ac2e  _PR_ALPHA                                 
1     0000ac40  _PR_BETA                                  
1     0000ac4c  _Dz_ALPHA                                 
1     0000ac58  _Qz_ALPHA                                 
1     0000ac64  _Dz_BETA                                  
1     0000ac70  _Qz_BETA                                  
1     0000ac80  _ID_PI                                    
1     0000ac90  _IQ_PI                                    
1     0000aca0  _Delta_alpha                              
1     0000acc0  _Delta_beta                               
1     0000ad00  _VABC                                     
1     0000ad34  _off                                      
1     0000ad40  _Example_Result                           
1     0000ad42  _Example_PassCount                        
1     0000ad44  _Example_Fail                             
1     0000ad46  ___TI_enable_exit_profile_output          
1     0000ad48  ___TI_cleanup_ptr                         
1     0000ad4a  ___TI_dtors_ptr                           
1     0000ad4c  __lock                                    
1     0000ad4e  __unlock                                  
1     00047000  _Emif1Regs                                
1     00047800  _Emif2Regs                                
1     00048000  _CanaRegs                                 
1     0004a000  _CanbRegs                                 
1     00050000  _IpcRegs                                  
1     00050024  _FlashPumpSemaphoreRegs                   
1     0005d000  _DevCfgRegs                               
1     0005d180  _AnalogSubsysRegs                         
1     0005d200  _ClkCfgRegs                               
1     0005d300  _CpuSysRegs                               
1     0005e608  _RomPrefetchRegs                          
1     0005f000  _DcsmZ1Regs                               
1     0005f040  _DcsmZ2Regs                               
1     0005f070  _DcsmCommonRegs                           
1     0005f400  _MemCfgRegs                               
1     0005f480  _Emif1ConfigRegs                          
1     0005f4a0  _Emif2ConfigRegs                          
1     0005f4c0  _AccessProtectionRegs                     
1     0005f500  _MemoryErrorRegs                          
1     0005f540  _RomWaitStateRegs                         
1     0005f800  _Flash0CtrlRegs                           
1     0005fb00  _Flash0EccRegs                            
abs   00000100  __STACK_SIZE                              
abs   00000163  _RamfuncsLoadSize                         
abs   00000163  _RamfuncsRunSize                          
abs   ffffffff  .text                                     
abs   ffffffff  ___TI_pprof_out_hndl                      
abs   ffffffff  ___TI_prof_data_size                      
abs   ffffffff  ___TI_prof_data_start                     
abs   ffffffff  ___binit__                                
abs   ffffffff  ___c_args__                               
abs   ffffffff  ___etext__                                
abs   ffffffff  ___pinit__                                
abs   ffffffff  ___text__                                 
abs   ffffffff  binit                                     
abs   ffffffff  etext                                     
abs   ffffffff  pinit                                     

[494 symbols]
